Component: ARM Compiler 5.06 update 7 (build 960) Tool: armlink [4d3601]

==============================================================================

Section Cross References

    stm32f4xx_hal_can.o(i.CAN_Receive_IT) refers to bsp_can.o(i.HAL_CAN_RxCpltCallback) for HAL_CAN_RxCpltCallback
    stm32f4xx_hal_can.o(i.CAN_Transmit_IT) refers to stm32f4xx_hal_can.o(i.HAL_CAN_TxCpltCallback) for HAL_CAN_TxCpltCallback
    stm32f4xx_hal_can.o(i.HAL_CAN_DeInit) refers to can.o(i.HAL_CAN_MspDeInit) for HAL_CAN_MspDeInit
    stm32f4xx_hal_can.o(i.HAL_CAN_IRQHandler) refers to stm32f4xx_hal_can.o(i.CAN_Transmit_IT) for CAN_Transmit_IT
    stm32f4xx_hal_can.o(i.HAL_CAN_IRQHandler) refers to stm32f4xx_hal_can.o(i.CAN_Receive_IT) for CAN_Receive_IT
    stm32f4xx_hal_can.o(i.HAL_CAN_IRQHandler) refers to can.o(i.HAL_CAN_ErrorCallback) for HAL_CAN_ErrorCallback
    stm32f4xx_hal_can.o(i.HAL_CAN_Init) refers to can.o(i.HAL_CAN_MspInit) for HAL_CAN_MspInit
    stm32f4xx_hal_can.o(i.HAL_CAN_Init) refers to stm32f4xx_hal.o(i.HAL_GetTick) for HAL_GetTick
    stm32f4xx_hal_can.o(i.HAL_CAN_Receive) refers to stm32f4xx_hal.o(i.HAL_GetTick) for HAL_GetTick
    stm32f4xx_hal_can.o(i.HAL_CAN_Sleep) refers to stm32f4xx_hal.o(i.HAL_GetTick) for HAL_GetTick
    stm32f4xx_hal_can.o(i.HAL_CAN_Transmit) refers to stm32f4xx_hal.o(i.HAL_GetTick) for HAL_GetTick
    stm32f4xx_hal_can.o(i.HAL_CAN_WakeUp) refers to stm32f4xx_hal.o(i.HAL_GetTick) for HAL_GetTick
    stm32f4xx_hal_gpio.o(i.HAL_GPIO_EXTI_IRQHandler) refers to stm32f4xx_hal_gpio.o(i.HAL_GPIO_EXTI_Callback) for HAL_GPIO_EXTI_Callback
    stm32f4xx_hal_flash.o(i.FLASH_SetErrorCode) refers to stm32f4xx_hal_flash.o(.bss) for pFlash
    stm32f4xx_hal_flash.o(i.FLASH_WaitForLastOperation) refers to stm32f4xx_hal.o(i.HAL_GetTick) for HAL_GetTick
    stm32f4xx_hal_flash.o(i.FLASH_WaitForLastOperation) refers to stm32f4xx_hal_flash.o(i.FLASH_SetErrorCode) for FLASH_SetErrorCode
    stm32f4xx_hal_flash.o(i.FLASH_WaitForLastOperation) refers to stm32f4xx_hal_flash.o(.bss) for pFlash
    stm32f4xx_hal_flash.o(i.HAL_FLASH_GetError) refers to stm32f4xx_hal_flash.o(.bss) for pFlash
    stm32f4xx_hal_flash.o(i.HAL_FLASH_IRQHandler) refers to stm32f4xx_hal_flash.o(i.FLASH_SetErrorCode) for FLASH_SetErrorCode
    stm32f4xx_hal_flash.o(i.HAL_FLASH_IRQHandler) refers to stm32f4xx_hal_flash.o(i.HAL_FLASH_OperationErrorCallback) for HAL_FLASH_OperationErrorCallback
    stm32f4xx_hal_flash.o(i.HAL_FLASH_IRQHandler) refers to stm32f4xx_hal_flash.o(i.HAL_FLASH_EndOfOperationCallback) for HAL_FLASH_EndOfOperationCallback
    stm32f4xx_hal_flash.o(i.HAL_FLASH_IRQHandler) refers to stm32f4xx_hal_flash_ex.o(i.FLASH_Erase_Sector) for FLASH_Erase_Sector
    stm32f4xx_hal_flash.o(i.HAL_FLASH_IRQHandler) refers to stm32f4xx_hal_flash_ex.o(i.FLASH_FlushCaches) for FLASH_FlushCaches
    stm32f4xx_hal_flash.o(i.HAL_FLASH_IRQHandler) refers to stm32f4xx_hal_flash.o(.bss) for pFlash
    stm32f4xx_hal_flash.o(i.HAL_FLASH_OB_Launch) refers to stm32f4xx_hal_flash.o(i.FLASH_WaitForLastOperation) for FLASH_WaitForLastOperation
    stm32f4xx_hal_flash.o(i.HAL_FLASH_Program) refers to stm32f4xx_hal_flash.o(i.FLASH_WaitForLastOperation) for FLASH_WaitForLastOperation
    stm32f4xx_hal_flash.o(i.HAL_FLASH_Program) refers to stm32f4xx_hal_flash.o(i.FLASH_Program_Byte) for FLASH_Program_Byte
    stm32f4xx_hal_flash.o(i.HAL_FLASH_Program) refers to stm32f4xx_hal_flash.o(i.FLASH_Program_HalfWord) for FLASH_Program_HalfWord
    stm32f4xx_hal_flash.o(i.HAL_FLASH_Program) refers to stm32f4xx_hal_flash.o(i.FLASH_Program_Word) for FLASH_Program_Word
    stm32f4xx_hal_flash.o(i.HAL_FLASH_Program) refers to stm32f4xx_hal_flash.o(i.FLASH_Program_DoubleWord) for FLASH_Program_DoubleWord
    stm32f4xx_hal_flash.o(i.HAL_FLASH_Program) refers to stm32f4xx_hal_flash.o(.bss) for pFlash
    stm32f4xx_hal_flash.o(i.HAL_FLASH_Program_IT) refers to stm32f4xx_hal_flash.o(i.FLASH_Program_Byte) for FLASH_Program_Byte
    stm32f4xx_hal_flash.o(i.HAL_FLASH_Program_IT) refers to stm32f4xx_hal_flash.o(i.FLASH_Program_HalfWord) for FLASH_Program_HalfWord
    stm32f4xx_hal_flash.o(i.HAL_FLASH_Program_IT) refers to stm32f4xx_hal_flash.o(i.FLASH_Program_Word) for FLASH_Program_Word
    stm32f4xx_hal_flash.o(i.HAL_FLASH_Program_IT) refers to stm32f4xx_hal_flash.o(i.FLASH_Program_DoubleWord) for FLASH_Program_DoubleWord
    stm32f4xx_hal_flash.o(i.HAL_FLASH_Program_IT) refers to stm32f4xx_hal_flash.o(.bss) for pFlash
    stm32f4xx_hal_flash_ex.o(i.FLASH_OB_BootConfig) refers to stm32f4xx_hal_flash.o(i.FLASH_WaitForLastOperation) for FLASH_WaitForLastOperation
    stm32f4xx_hal_flash_ex.o(i.FLASH_OB_DisablePCROP) refers to stm32f4xx_hal_flash.o(i.FLASH_WaitForLastOperation) for FLASH_WaitForLastOperation
    stm32f4xx_hal_flash_ex.o(i.FLASH_OB_DisableWRP) refers to stm32f4xx_hal_flash.o(i.FLASH_WaitForLastOperation) for FLASH_WaitForLastOperation
[...]
    Removing stm32f4xx_hal_dma_ex.o(.revsh_text), (4 bytes).
    Removing stm32f4xx_hal_dma_ex.o(.rrx_text), (6 bytes).
    Removing stm32f4xx_hal_dma_ex.o(i.DMA_MultiBufferSetConfig), (32 bytes).
    Removing stm32f4xx_hal_dma_ex.o(i.HAL_DMAEx_ChangeMemory), (18 bytes).
    Removing stm32f4xx_hal_dma_ex.o(i.HAL_DMAEx_MultiBufferStart), (124 bytes).
    Removing stm32f4xx_hal_dma_ex.o(i.HAL_DMAEx_MultiBufferStart_IT), (4056 bytes).
    Removing stm32f4xx_hal_dma.o(.rev16_text), (4 bytes).
    Removing stm32f4xx_hal_dma.o(.revsh_text), (4 bytes).
    Removing stm32f4xx_hal_dma.o(.rrx_text), (6 bytes).
    Removing stm32f4xx_hal_dma.o(i.DMA_SetConfig), (44 bytes).
    Removing stm32f4xx_hal_dma.o(i.HAL_DMA_Abort), (170 bytes).
    Removing stm32f4xx_hal_dma.o(i.HAL_DMA_Abort_IT), (40 bytes).
    Removing stm32f4xx_hal_dma.o(i.HAL_DMA_DeInit), (98 bytes).
    Removing stm32f4xx_hal_dma.o(i.HAL_DMA_GetError), (6 bytes).
    Removing stm32f4xx_hal_dma.o(i.HAL_DMA_GetState), (8 bytes).
    Removing stm32f4xx_hal_dma.o(i.HAL_DMA_PollForTransfer), (346 bytes).
    Removing stm32f4xx_hal_dma.o(i.HAL_DMA_RegisterCallback), (94 bytes).
    Removing stm32f4xx_hal_dma.o(i.HAL_DMA_Start), (102 bytes).
    Removing stm32f4xx_hal_dma.o(i.HAL_DMA_Start_IT), (158 bytes).
    Removing stm32f4xx_hal_dma.o(i.HAL_DMA_UnRegisterCallback), (124 bytes).
    Removing stm32f4xx_hal_rcc.o(.rev16_text), (4 bytes).
    Removing stm32f4xx_hal_rcc.o(.revsh_text), (4 bytes).
    Removing stm32f4xx_hal_rcc.o(.rrx_text), (6 bytes).
    Removing stm32f4xx_hal_rcc.o(i.HAL_RCC_CSSCallback), (2 bytes).
    Removing stm32f4xx_hal_rcc.o(i.HAL_RCC_DeInit), (4 bytes).
    Removing stm32f4xx_hal_rcc.o(i.HAL_RCC_DisableCSS), (12 bytes).
    Removing stm32f4xx_hal_rcc.o(i.HAL_RCC_EnableCSS), (12 bytes).
    Removing stm32f4xx_hal_rcc.o(i.HAL_RCC_GetOscConfig), (244 bytes).
    Removing stm32f4xx_hal_rcc.o(i.HAL_RCC_MCOConfig), (192 bytes).
    Removing stm32f4xx_hal_rcc.o(i.HAL_RCC_NMI_IRQHandler), (32 bytes).
    Removing stm32f4xx_hal_i2c.o(.rev16_text), (4 bytes).
    Removing stm32f4xx_hal_i2c.o(.revsh_text), (4 bytes).
    Removing stm32f4xx_hal_i2c.o(.rrx_text), (6 bytes).
    Removing system_stm32f4xx.o(.rev16_text), (4 bytes).
    Removing system_stm32f4xx.o(.revsh_text), (4 bytes).
    Removing system_stm32f4xx.o(.rrx_text), (6 bytes).
    Removing system_stm32f4xx.o(i.SystemCoreClockUpdate), (192 bytes).
    Removing startup_stm32f427xx.o(HEAP), (512 bytes).
    Removing bsp_can.o(.rev16_text), (4 bytes).
    Removing bsp_can.o(.revsh_text), (4 bytes).
    Removing bsp_can.o(.rrx_text), (6 bytes).
    Removing bsp_can.o(i.c610_set_motor_id), (88 bytes).
    Removing bsp_can.o(i.get_moto_offset), (20 bytes).
    Removing bsp_can.o(i.get_total_angle), (86 bytes).
    Removing pid.o(.rev16_text), (4 bytes).
    Removing pid.o(.revsh_text), (4 bytes).
    Removing pid.o(.rrx_text), (6 bytes).
    Removing pid.o(.bss), (500 bytes).
    Removing ps2.o(.rev16_text), (4 bytes).
    Removing ps2.o(.revsh_text), (4 bytes).
    Removing ps2.o(.rrx_text), (6 bytes).
    Removing ir8.o(.rev16_text), (4 bytes).
    Removing ir8.o(.revsh_text), (4 bytes).
    Removing ir8.o(.rrx_text), (6 bytes).
    Removing main.o(.rev16_text), (4 bytes).
    Removing main.o(.revsh_text), (4 bytes).
    Removing main.o(.rrx_text), (6 bytes).
    Removing stm32f4xx_hal_msp.o(.rev16_text), (4 bytes).
    Removing stm32f4xx_hal_msp.o(.revsh_text), (4 bytes).
    Removing stm32f4xx_hal_msp.o(.rrx_text), (6 bytes).
    Removing usart.o(.rev16_text), (4 bytes).
    Removing usart.o(.revsh_text), (4 bytes).
    Removing usart.o(.rrx_text), (6 bytes).
    Removing usart.o(i.HAL_UART_MspDeInit), (60 bytes).
    Removing usart.o(i.HAL_UART_Receive_IT_IDLE), (32 bytes).
    Removing usart.o(i.UART_Receive_DMA_NoIT), (164 bytes).
    Removing stm32f4xx_hal_timebase_tim.o(.rev16_text), (4 bytes).
    Removing stm32f4xx_hal_timebase_tim.o(.revsh_text), (4 bytes).
    Removing stm32f4xx_hal_timebase_tim.o(.rrx_text), (6 bytes).
    Removing stm32f4xx_hal_timebase_tim.o(i.HAL_ResumeTick), (24 bytes).
    Removing stm32f4xx_hal_timebase_tim.o(i.HAL_SuspendTick), (24 bytes).
    Removing stm32f4xx_hal_timebase_tim.o(.data), (4 bytes).
    Removing gpio.o(.rev16_text), (4 bytes).
    Removing gpio.o(.revsh_text), (4 bytes).
    Removing gpio.o(.rrx_text), (6 bytes).
    Removing stm32f4xx_it.o(.rev16_text), (4 bytes).
    Removing stm32f4xx_it.o(.revsh_text), (4 bytes).
    Removing stm32f4xx_it.o(.rrx_text), (6 bytes).
    Removing can.o(.rev16_text), (4 bytes).
    Removing can.o(.revsh_text), (4 bytes).
    Removing can.o(.rrx_text), (6 bytes).
    Removing can.o(i.HAL_CAN_MspDeInit), (60 bytes).
    Removing dma.o(.rev16_text), (4 bytes).
    Removing dma.o(.revsh_text), (4 bytes).
    Removing dma.o(.rrx_text), (6 bytes).
    Removing remote_control.o(.rev16_text), (4 bytes).
    Removing remote_control.o(.revsh_text), (4 bytes).
    Removing remote_control.o(.rrx_text), (6 bytes).
    Removing tim.o(.rev16_text), (4 bytes).
    Removing tim.o(.revsh_text), (4 bytes).
    Removing tim.o(.rrx_text), (6 bytes).
    Removing tim.o(i.HAL_TIM_IC_MspDeInit), (80 bytes).
    Removing tim.o(i.HAL_TIM_PWM_MspInit), (120 bytes).
    Removing tim.o(i.MX_TIM2_Init), (104 bytes).
    Removing tim.o(i.relay_get_pulse), (12 bytes).
    Removing tim.o(i.servo_tim4_glitch_check), (132 bytes).

424 unused section(s) (total 32498 bytes) removed from the image.

==============================================================================

Image Symbol Table

    Local Symbols

    Symbol Name                              Value     Ov Type        Size  Object(Section)

    ../Drivers/STM32F4xx_HAL_Driver/Src/stm32f4xx_hal.c 0x00000000   Number         0  stm32f4xx_hal.o ABSOLUTE
    ../Drivers/STM32F4xx_HAL_Driver/Src/stm32f4xx_hal_can.c 0x00000000   Number         0  stm32f4xx_hal_can.o ABSOLUTE
    ../Drivers/STM32F4xx_HAL_Driver/Src/stm32f4xx_hal_cortex.c 0x00000000   Number         0  stm32f4xx_hal_cortex.o ABSOLUTE
    ../Drivers/STM32F4xx_HAL_Driver/Src/stm32f4xx_hal_dma.c 0x00000000   Number         0  stm32f4xx_hal_dma.o ABSOLUTE
    ../Drivers/STM32F4xx_HAL_Driver/Src/stm32f4xx_hal_dma_ex.c 0x00000000   Number         0  stm32f4xx_hal_dma_ex.o ABSOLUTE
    ../Drivers/STM32F4xx_HAL_Driver/Src/stm32f4xx_hal_flash.c 0x00000000   Number         0  stm32f4xx_hal_flash.o ABSOLUTE
    ../Drivers/STM32F4xx_HAL_Driver/Src/stm32f4xx_hal_flash_ex.c 0x00000000   Number         0  stm32f4xx_hal_flash_ex.o ABSOLUTE
    ../Drivers/STM32F4xx_HAL_Driver/Src/stm32f4xx_hal_flash_ramfunc.c 0x00000000   Number         0  stm32f4xx_hal_flash_ramfunc.o ABSOLUTE
    ../Drivers/STM32F4xx_HAL_Driver/Src/stm32f4xx_hal_gpio.c 0x00000000   Number         0  stm32f4xx_hal_gpio.o ABSOLUTE
    ../Drivers/STM32F4xx_HAL_Driver/Src/stm32f4xx_hal_pwr.c 0x00000000   Number         0  stm32f4xx_hal_pwr.o ABSOLUTE
    ../Drivers/STM32F4xx_HAL_Driver/Src/stm32f4xx_hal_pwr_ex.c 0x00000000   Number         0  stm32f4xx_hal_pwr_ex.o ABSOLUTE
    ../Drivers/STM32F4xx_HAL_Driver/Src/stm32f4xx_hal_rcc.c 0x00000000   Number         0  stm32f4xx_hal_rcc.o ABSOLUTE
    ../Drivers/STM32F4xx_HAL_Driver/Src/stm32f4xx_hal_rcc_ex.c 0x00000000   Number         0  stm32f4xx_hal_rcc_ex.o ABSOLUTE
    ../Drivers/STM32F4xx_HAL_Driver/Src/stm32f4xx_hal_tim.c 0x00000000   Number         0  stm32f4xx_hal_tim.o ABSOLUTE
    ../Drivers/STM32F4xx_HAL_Driver/Src/stm32f4xx_hal_tim_ex.c 0x00000000   Number         0  stm32f4xx_hal_tim_ex.o ABSOLUTE
    ../Drivers/STM32F4xx_HAL_Driver/Src/stm32f4xx_hal_uart.c 0x00000000   Number         0  stm32f4xx_hal_uart.o ABSOLUTE
    ../Src/can.c                             0x00000000   Number         0  can.o ABSOLUTE
    ../Src/dma.c                             0x00000000   Number         0  dma.o ABSOLUTE
    ../Src/gpio.c                            0x00000000   Number         0  gpio.o ABSOLUTE
    ../Src/main.c                            0x00000000   Number         0  main.o ABSOLUTE
    ../Src/stm32f4xx_hal_msp.c               0x00000000   Number         0  stm32f4xx_hal_msp.o ABSOLUTE
    ../Src/stm32f4xx_hal_timebase_TIM.c      0x00000000   Number         0  stm32f4xx_hal_timebase_tim.o ABSOLUTE
    ../Src/stm32f4xx_it.c                    0x00000000   Number         0  stm32f4xx_it.o ABSOLUTE
    ../Src/system_stm32f4xx.c                0x00000000   Number         0  system_stm32f4xx.o ABSOLUTE
    ../Src/tim.c                             0x00000000   Number         0  tim.o ABSOLUTE
    ../Src/usart.c                           0x00000000   Number         0  usart.o ABSOLUTE
    ../clib/microlib/division.c              0x00000000   Number         0  uldiv.o ABSOLUTE
    ../clib/microlib/init/entry.s            0x00000000   Number         0  entry8b.o ABSOLUTE
    ../clib/microlib/init/entry.s            0x00000000   Number         0  entry9a.o ABSOLUTE
    ../clib/microlib/init/entry.s            0x00000000   Number         0  entry9b.o ABSOLUTE
    ../clib/microlib/init/entry.s            0x00000000   Number         0  entry10a.o ABSOLUTE
    ../clib/microlib/init/entry.s            0x00000000   Number         0  entry8a.o ABSOLUTE
    ../clib/microlib/init/entry.s            0x00000000   Number         0  entry.o ABSOLUTE
    ../clib/microlib/init/entry.s            0x00000000   Number         0  entry12a.o ABSOLUTE
    ../clib/microlib/init/entry.s            0x00000000   Number         0  entry11b.o ABSOLUTE
    ../clib/microlib/init/entry.s            0x00000000   Number         0  entry2.o ABSOLUTE
    ../clib/microlib/init/entry.s            0x00000000   Number         0  entry5.o ABSOLUTE
    ../clib/microlib/init/entry.s            0x00000000   Number         0  entry10b.o ABSOLUTE
    ../clib/microlib/init/entry.s            0x00000000   Number         0  entry7a.o ABSOLUTE
    ../clib/microlib/init/entry.s            0x00000000   Number         0  entry7b.o ABSOLUTE
    ../clib/microlib/init/entry.s            0x00000000   Number         0  entry12b.o ABSOLUTE
    ../clib/microlib/init/entry.s            0x00000000   Number         0  entry11a.o ABSOLUTE
    ../clib/microlib/longlong.c              0x00000000   Number         0  llushr.o ABSOLUTE
    ../clib/microlib/longlong.c              0x00000000   Number         0  llshl.o ABSOLUTE
    ../clib/microlib/string/memset.c         0x00000000   Number         0  memseta.o ABSOLUTE
    ..\Drivers\STM32F4xx_HAL_Driver\Src\stm32f4xx_hal.c 0x00000000   Number         0  stm32f4xx_hal.o ABSOLUTE
    ..\Drivers\STM32F4xx_HAL_Driver\Src\stm32f4xx_hal_can.c 0x00000000   Number         0  stm32f4xx_hal_can.o ABSOLUTE
    ..\Drivers\STM32F4xx_HAL_Driver\Src\stm32f4xx_hal_cortex.c 0x00000000   Number         0  stm32f4xx_hal_cortex.o ABSOLUTE
    ..\Drivers\STM32F4xx_HAL_Driver\Src\stm32f4xx_hal_dma.c 0x00000000   Number         0  stm32f4xx_hal_dma.o ABSOLUTE
    ..\Drivers\STM32F4xx_HAL_Driver\Src\stm32f4xx_hal_dma_ex.c 0x00000000   Number         0  stm32f4xx_hal_dma_ex.o ABSOLUTE
    ..\Drivers\STM32F4xx_HAL_Driver\Src\stm32f4xx_hal_flash.c 0x00000000   Number         0  stm32f4xx_hal_flash.o ABSOLUTE
    ..\Drivers\STM32F4xx_HAL_Driver\Src\stm32f4xx_hal_flash_ex.c 0x00000000   Number         0  stm32f4xx_hal_flash_ex.o ABSOLUTE
    ..\Drivers\STM32F4xx_HAL_Driver\Src\stm32f4xx_hal_flash_ramfunc.c 0x00000000   Number         0  stm32f4xx_hal_flash_ramfunc.o ABSOLUTE
    ..\Drivers\STM32F4xx_HAL_Driver\Src\stm32f4xx_hal_gpio.c 0x00000000   Number         0  stm32f4xx_hal_gpio.o ABSOLUTE
    ..\Drivers\STM32F4xx_HAL_Driver\Src\stm32f4xx_hal_i2c.c 0x00000000   Number         0  stm32f4xx_hal_i2c.o ABSOLUTE
    ..\Drivers\STM32F4xx_HAL_Driver\Src\stm32f4xx_hal_pwr.c 0x00000000   Number         0  stm32f4xx_hal_pwr.o ABSOLUTE
    ..\Drivers\STM32F4xx_HAL_Driver\Src\stm32f4xx_hal_pwr_ex.c 0x00000000   Number         0  stm32f4xx_hal_pwr_ex.o ABSOLUTE
    ..\Drivers\STM32F4xx_HAL_Driver\Src\stm32f4xx_hal_rcc.c 0x00000000   Number         0  stm32f4xx_hal_rcc.o ABSOLUTE
    ..\Drivers\STM32F4xx_HAL_Driver\Src\stm32f4xx_hal_rcc_ex.c 0x00000000   Number         0  stm32f4xx_hal_rcc_ex.o ABSOLUTE
    ..\Drivers\STM32F4xx_HAL_Driver\Src\stm32f4xx_hal_tim.c 0x00000000   Number         0  stm32f4xx_hal_tim.o ABSOLUTE
    ..\Drivers\STM32F4xx_HAL_Driver\Src\stm32f4xx_hal_tim_ex.c 0x00000000   Number         0  stm32f4xx_hal_tim_ex.o ABSOLUTE
    ..\Drivers\STM32F4xx_HAL_Driver\Src\stm32f4xx_hal_uart.c 0x00000000   Number         0  stm32f4xx_hal_uart.o ABSOLUTE
    ..\Src\Remote_Control.c                  0x00000000   Number         0  remote_control.o ABSOLUTE
    ..\Src\can.c                             0x00000000   Number         0  can.o ABSOLUTE
    ..\Src\dma.c                             0x00000000   Number         0  dma.o ABSOLUTE
    ..\Src\gpio.c                            0x00000000   Number         0  gpio.o ABSOLUTE
    ..\Src\main.c                            0x00000000   Number         0  main.o ABSOLUTE
    ..\Src\stm32f4xx_hal_msp.c               0x00000000   Number         0  stm32f4xx_hal_msp.o ABSOLUTE
    ..\Src\stm32f4xx_hal_timebase_TIM.c      0x00000000   Number         0  stm32f4xx_hal_timebase_tim.o ABSOLUTE
    ..\Src\stm32f4xx_it.c                    0x00000000   Number         0  stm32f4xx_it.o ABSOLUTE
    ..\Src\system_stm32f4xx.c                0x00000000   Number         0  system_stm32f4xx.o ABSOLUTE
    ..\Src\tim.c                             0x00000000   Number         0  tim.o ABSOLUTE
    ..\Src\usart.c                           0x00000000   Number         0  usart.o ABSOLUTE
    ..\\Drivers\\STM32F4xx_HAL_Driver\\Src\\stm32f4xx_hal_i2c.c 0x00000000   Number         0  stm32f4xx_hal_i2c.o ABSOLUTE
    ..\\Src\\Remote_Control.c                0x00000000   Number         0  remote_control.o ABSOLUTE
    bsp\\bsp_can.c                           0x00000000   Number         0  bsp_can.o ABSOLUTE
    bsp\\ir8.c                               0x00000000   Number         0  ir8.o ABSOLUTE
    bsp\\pid.c                               0x00000000   Number         0  pid.o ABSOLUTE
    bsp\\ps2.c                               0x00000000   Number         0  ps2.o ABSOLUTE
    bsp\bsp_can.c                            0x00000000   Number         0  bsp_can.o ABSOLUTE
    bsp\ir8.c                                0x00000000   Number         0  ir8.o ABSOLUTE
    bsp\pid.c                                0x00000000   Number         0  pid.o ABSOLUTE
    bsp\ps2.c                                0x00000000   Number         0  ps2.o ABSOLUTE
    dc.s                                     0x00000000   Number         0  dc.o ABSOLUTE
    handlers.s                               0x00000000   Number         0  handlers.o ABSOLUTE
    init.s                                   0x00000000   Number         0  init.o ABSOLUTE
    startup_stm32f427xx.s                    0x00000000   Number         0  startup_stm32f427xx.o ABSOLUTE
    RESET                                    0x08000000   Section      428  startup_stm32f427xx.o(RESET)
    .ARM.Collect$$$$00000000                 0x080001ac   Section        0  entry.o(.ARM.Collect$$$$00000000)
    .ARM.Collect$$$$00000001                 0x080001ac   Section        4  entry2.o(.ARM.Collect$$$$00000001)
    .ARM.Collect$$$$00000004                 0x080001b0   Section        4  entry5.o(.ARM.Collect$$$$00000004)
    .ARM.Collect$$$$00000008                 0x080001b4   Section        0  entry7b.o(.ARM.Collect$$$$00000008)
    .ARM.Collect$$$$0000000A                 0x080001b4   Section        0  entry8b.o(.ARM.Collect$$$$0000000A)
    .ARM.Collect$$$$0000000B                 0x080001b4   Section        8  entry9a.o(.ARM.Collect$$$$0000000B)
    .ARM.Collect$$$$0000000E                 0x080001bc   Section        4  entry12b.o(.ARM.Collect$$$$0000000E)
    .ARM.Collect$$$$0000000F                 0x080001c0   Section        0  entry10a.o(.ARM.Collect$$$$0000000F)
    .ARM.Collect$$$$00000011                 0x080001c0   Section        0  entry11a.o(.ARM.Collect$$$$00000011)
    .ARM.Collect$$$$00002712                 0x080001c0   Section        4  entry2.o(.ARM.Collect$$$$00002712)
    __lit__00000000                          0x080001c0   Data           4  entry2.o(.ARM.Collect$$$$00002712)
    .text                                    0x080001c4   Section       36  startup_stm32f427xx.o(.text)
    $v0                                      0x080001c4   Number         0  startup_stm32f427xx.o(.text)
    .text                                    0x080001e8   Section        0  uldiv.o(.text)
    .text                                    0x0800024a   Section        0  memseta.o(.text)
    .text                                    0x0800026e   Section        0  llshl.o(.text)
    .text                                    0x0800028c   Section        0  llushr.o(.text)
    .text                                    0x080002ac   Section       36  init.o(.text)
    i.BusFault_Handler                       0x080002d0   Section        0  stm32f4xx_it.o(i.BusFault_Handler)
    i.CAN1_RX0_IRQHandler                    0x080002d4   Section        0  stm32f4xx_it.o(i.CAN1_RX0_IRQHandler)
    i.CAN1_TX_IRQHandler                     0x080002e4   Section        0  stm32f4xx_it.o(i.CAN1_TX_IRQHandler)
    i.CAN_Receive_IT                         0x080002f4   Section        0  stm32f4xx_hal_can.o(i.CAN_Receive_IT)
    CAN_Receive_IT                           0x080002f5   Thumb Code   450  stm32f4xx_hal_can.o(i.CAN_Receive_IT)
    i.CAN_Transmit_IT                        0x080004b6   Section        0  stm32f4xx_hal_can.o(i.CAN_Transmit_IT)
    CAN_Transmit_IT                          0x080004b7   Thumb Code    98  stm32f4xx_hal_can.o(i.CAN_Transmit_IT)
    i.Callback_RC_Handle                     0x08000518   Section        0  remote_control.o(i.Callback_RC_Handle)
    i.DMA2_Stream2_IRQHandler                0x08000608   Section        0  stm32f4xx_it.o(i.DMA2_Stream2_IRQHandler)
    i.DMA2_Stream6_IRQHandler                0x08000618   Section        0  stm32f4xx_it.o(i.DMA2_Stream6_IRQHandler)
    i.DMA_CalcBaseAndBitshift                0x08000628   Section        0  stm32f4xx_hal_dma.o(i.DMA_CalcBaseAndBitshift)
    DMA_CalcBaseAndBitshift                  0x08000629   Thumb Code    46  stm32f4xx_hal_dma.o(i.DMA_CalcBaseAndBitshift)
    i.DMA_CheckFifoParam                     0x0800065c   Section        0  stm32f4xx_hal_dma.o(i.DMA_CheckFifoParam)
    DMA_CheckFifoParam                       0x0800065d   Thumb Code   170  stm32f4xx_hal_dma.o(i.DMA_CheckFifoParam)
    i.DebugMon_Handler                       0x08000706   Section        0  stm32f4xx_it.o(i.DebugMon_Handler)
    i.HAL_CAN_ConfigFilter                   0x08000708   Section        0  stm32f4xx_hal_can.o(i.HAL_CAN_ConfigFilter)
    i.HAL_CAN_ErrorCallback                  0x08000810   Section        0  can.o(i.HAL_CAN_ErrorCallback)
    i.HAL_CAN_IRQHandler                     0x08000868   Section        0  stm32f4xx_hal_can.o(i.HAL_CAN_IRQHandler)
    i.HAL_CAN_Init                           0x08000abc   Section        0  stm32f4xx_hal_can.o(i.HAL_CAN_Init)
    i.HAL_CAN_MspInit                        0x08000c78   Section        0  can.o(i.HAL_CAN_MspInit)
    i.HAL_CAN_Receive_IT                     0x08000cf4   Section        0  stm32f4xx_hal_can.o(i.HAL_CAN_Receive_IT)
    i.HAL_CAN_RxCpltCallback                 0x08000e00   Section        0  bsp_can.o(i.HAL_CAN_RxCpltCallback)
    i.HAL_CAN_Transmit                       0x08000e8c   Section        0  stm32f4xx_hal_can.o(i.HAL_CAN_Transmit)
    i.HAL_CAN_TxCpltCallback                 0x08001144   Section        0  stm32f4xx_hal_can.o(i.HAL_CAN_TxCpltCallback)
    i.HAL_DMA_IRQHandler                     0x08001148   Section        0  stm32f4xx_hal_dma.o(i.HAL_DMA_IRQHandler)
    i.HAL_DMA_Init                           0x08001388   Section        0  stm32f4xx_hal_dma.o(i.HAL_DMA_Init)
    i.HAL_GPIO_Init                          0x08001474   Section        0  stm32f4xx_hal_gpio.o(i.HAL_GPIO_Init)
    i.HAL_GPIO_TogglePin                     0x08001690   Section        0  stm32f4xx_hal_gpio.o(i.HAL_GPIO_TogglePin)
    i.HAL_GPIO_WritePin                      0x08001698   Section        0  stm32f4xx_hal_gpio.o(i.HAL_GPIO_WritePin)
    i.HAL_GetTick                            0x080016a4   Section        0  stm32f4xx_hal.o(i.HAL_GetTick)
    i.HAL_IncTick                            0x080016b0   Section        0  stm32f4xx_hal.o(i.HAL_IncTick)
    i.HAL_Init                               0x080016c0   Section        0  stm32f4xx_hal.o(i.HAL_Init)
    i.HAL_InitTick                           0x080016fc   Section        0  stm32f4xx_hal_timebase_tim.o(i.HAL_InitTick)
    i.HAL_MspInit                            0x08001788   Section        0  stm32f4xx_hal_msp.o(i.HAL_MspInit)
    i.HAL_NVIC_EnableIRQ                     0x080017de   Section        0  stm32f4xx_hal_cortex.o(i.HAL_NVIC_EnableIRQ)
    i.HAL_NVIC_SetPriority                   0x080017f8   Section        0  stm32f4xx_hal_cortex.o(i.HAL_NVIC_SetPriority)
    i.HAL_NVIC_SetPriorityGrouping           0x08001874   Section        0  stm32f4xx_hal_cortex.o(i.HAL_NVIC_SetPriorityGrouping)
    i.HAL_RCC_ClockConfig                    0x0800189c   Section        0  stm32f4xx_hal_rcc.o(i.HAL_RCC_ClockConfig)
    i.HAL_RCC_GetClockConfig                 0x08001a1c   Section        0  stm32f4xx_hal_rcc.o(i.HAL_RCC_GetClockConfig)
    i.HAL_RCC_GetHCLKFreq                    0x08001a60   Section        0  stm32f4xx_hal_rcc.o(i.HAL_RCC_GetHCLKFreq)
    i.HAL_RCC_GetPCLK1Freq                   0x08001a6c   Section        0  stm32f4xx_hal_rcc.o(i.HAL_RCC_GetPCLK1Freq)
    i.HAL_RCC_GetPCLK2Freq                   0x08001a8c   Section        0  stm32f4xx_hal_rcc.o(i.HAL_RCC_GetPCLK2Freq)
    i.HAL_RCC_GetSysClockFreq                0x08001aac   Section        0  stm32f4xx_hal_rcc.o(i.HAL_RCC_GetSysClockFreq)
    i.HAL_RCC_OscConfig                      0x08001b5c   Section        0  stm32f4xx_hal_rcc.o(i.HAL_RCC_OscConfig)
    i.HAL_SYSTICK_CLKSourceConfig            0x08001f6c   Section        0  stm32f4xx_hal_cortex.o(i.HAL_SYSTICK_CLKSourceConfig)
    i.HAL_SYSTICK_Callback                   0x08001f94   Section        0  stm32f4xx_hal_cortex.o(i.HAL_SYSTICK_Callback)
    i.HAL_SYSTICK_Config                     0x08001f96   Section        0  stm32f4xx_hal_cortex.o(i.HAL_SYSTICK_Config)
    i.HAL_SYSTICK_IRQHandler                 0x08001fca   Section        0  stm32f4xx_hal_cortex.o(i.HAL_SYSTICK_IRQHandler)
    i.HAL_TIMEx_BreakCallback                0x08001fd2   Section        0  stm32f4xx_hal_tim_ex.o(i.HAL_TIMEx_BreakCallback)
    i.HAL_TIMEx_CommutationCallback          0x08001fd4   Section        0  stm32f4xx_hal_tim_ex.o(i.HAL_TIMEx_CommutationCallback)
    i.HAL_TIMEx_MasterConfigSynchronization  0x08001fd6   Section        0  stm32f4xx_hal_tim_ex.o(i.HAL_TIMEx_MasterConfigSynchronization)
    i.HAL_TIM_Base_Init                      0x08002038   Section        0  stm32f4xx_hal_tim.o(i.HAL_TIM_Base_Init)
    i.HAL_TIM_Base_MspInit                   0x0800206c   Section        0  tim.o(i.HAL_TIM_Base_MspInit)
    i.HAL_TIM_Base_Start_IT                  0x080020f0   Section        0  stm32f4xx_hal_tim.o(i.HAL_TIM_Base_Start_IT)
    i.HAL_TIM_Base_Stop_IT                   0x0800210e   Section        0  stm32f4xx_hal_tim.o(i.HAL_TIM_Base_Stop_IT)
    i.HAL_TIM_ConfigClockSource              0x08002146   Section        0  stm32f4xx_hal_tim.o(i.HAL_TIM_ConfigClockSource)
    i.HAL_TIM_IC_CaptureCallback             0x08002278   Section        0  remote_control.o(i.HAL_TIM_IC_CaptureCallback)
    i.HAL_TIM_IC_ConfigChannel               0x0800230c   Section        0  stm32f4xx_hal_tim.o(i.HAL_TIM_IC_ConfigChannel)
    i.HAL_TIM_IC_Init                        0x080023ec   Section        0  stm32f4xx_hal_tim.o(i.HAL_TIM_IC_Init)
    i.HAL_TIM_IC_MspInit                     0x08002420   Section        0  tim.o(i.HAL_TIM_IC_MspInit)
    i.HAL_TIM_IRQHandler                     0x08002504   Section        0  stm32f4xx_hal_tim.o(i.HAL_TIM_IRQHandler)
    i.HAL_TIM_OC_ConfigChannel               0x0800269a   Section        0  stm32f4xx_hal_tim.o(i.HAL_TIM_OC_ConfigChannel)
    i.HAL_TIM_OC_DelayElapsedCallback        0x0800270e   Section        0  main.o(i.HAL_TIM_OC_DelayElapsedCallback)
    i.HAL_TIM_OC_Start_IT                    0x0800271c   Section        0  stm32f4xx_hal_tim.o(i.HAL_TIM_OC_Start_IT)
    i.HAL_TIM_PWM_PulseFinishedCallback      0x080027b4   Section        0  stm32f4xx_hal_tim.o(i.HAL_TIM_PWM_PulseFinishedCallback)
    i.HAL_TIM_PeriodElapsedCallback          0x080027b8   Section        0  main.o(i.HAL_TIM_PeriodElapsedCallback)
    i.HAL_TIM_TriggerCallback                0x08002844   Section        0  stm32f4xx_hal_tim.o(i.HAL_TIM_TriggerCallback)
    i.HAL_UART_IDLE_IRQHandler               0x08002848   Section        0  usart.o(i.HAL_UART_IDLE_IRQHandler)
    i.HAL_UART_Init                          0x080029b0   Section        0  stm32f4xx_hal_uart.o(i.HAL_UART_Init)
    i.HAL_UART_MspInit                       0x08002a24   Section        0  usart.o(i.HAL_UART_MspInit)
    i.HardFault_Handler                      0x08002ae4   Section        0  stm32f4xx_it.o(i.HardFault_Handler)
    i.MX_CAN1_Init                           0x08002ae8   Section        0  can.o(i.MX_CAN1_Init)
    i.MX_DMA_Init                            0x08002b44   Section        0  dma.o(i.MX_DMA_Init)
    i.MX_EMAG_GPIO_Init                      0x08002b8c   Section        0  gpio.o(i.MX_EMAG_GPIO_Init)
    i.MX_GPIO_Init                           0x08002bdc   Section        0  gpio.o(i.MX_GPIO_Init)
    i.MX_MOTO_GPIO_Init                      0x08002d04   Section        0  gpio.o(i.MX_MOTO_GPIO_Init)
    i.MX_SERVO_GPIO_Init                     0x08002d80   Section        0  tim.o(i.MX_SERVO_GPIO_Init)
    i.MX_TIM1_Init                           0x08002dd4   Section        0  tim.o(i.MX_TIM1_Init)
    i.MX_TIM3_Init                           0x08002ea4   Section        0  tim.o(i.MX_TIM3_Init)
    i.MX_TIM4_Init                           0x08002f14   Section        0  tim.o(i.MX_TIM4_Init)
    i.MX_USART1_UART_Init                    0x08002fb8   Section        0  usart.o(i.MX_USART1_UART_Init)
    i.MemManage_Handler                      0x08003008   Section        0  stm32f4xx_it.o(i.MemManage_Handler)
    i.NMI_Handler                            0x0800300c   Section        0  stm32f4xx_it.o(i.NMI_Handler)
    i.NVIC_GetPriorityGrouping               0x08003010   Section        0  stm32f4xx_hal_cortex.o(i.NVIC_GetPriorityGrouping)
    NVIC_GetPriorityGrouping                 0x08003011   Thumb Code    10  stm32f4xx_hal_cortex.o(i.NVIC_GetPriorityGrouping)
    i.NVIC_SetPriority                       0x08003020   Section        0  stm32f4xx_hal_cortex.o(i.NVIC_SetPriority)
    NVIC_SetPriority                         0x08003021   Thumb Code    32  stm32f4xx_hal_cortex.o(i.NVIC_SetPriority)
    i.PendSV_Handler                         0x08003048   Section        0  stm32f4xx_it.o(i.PendSV_Handler)
    i.SVC_Handler                            0x0800304a   Section        0  stm32f4xx_it.o(i.SVC_Handler)
    i.SysTick_Handler                        0x0800304c   Section        0  stm32f4xx_it.o(i.SysTick_Handler)
    i.SystemClock_Config                     0x08003054   Section        0  main.o(i.SystemClock_Config)
    i.SystemInit                             0x08003144   Section        0  system_stm32f4xx.o(i.SystemInit)
    i.TIM3_IRQHandler                        0x080031a8   Section        0  stm32f4xx_it.o(i.TIM3_IRQHandler)
    i.TIM4_IRQHandler                        0x080031b8   Section        0  stm32f4xx_it.o(i.TIM4_IRQHandler)
    i.TIM6_DAC_IRQHandler                    0x080031c8   Section        0  stm32f4xx_it.o(i.TIM6_DAC_IRQHandler)
    i.TIM_Base_SetConfig                     0x080031d8   Section        0  stm32f4xx_hal_tim.o(i.TIM_Base_SetConfig)
    i.TIM_CCxChannelCmd                      0x080032bc   Section        0  stm32f4xx_hal_tim.o(i.TIM_CCxChannelCmd)
    i.TIM_ETR_SetConfig                      0x080032d8   Section        0  stm32f4xx_hal_tim.o(i.TIM_ETR_SetConfig)
    TIM_ETR_SetConfig                        0x080032d9   Thumb Code    24  stm32f4xx_hal_tim.o(i.TIM_ETR_SetConfig)
    i.TIM_ITRx_SetConfig                     0x080032f0   Section        0  stm32f4xx_hal_tim.o(i.TIM_ITRx_SetConfig)
    TIM_ITRx_SetConfig                       0x080032f1   Thumb Code    20  stm32f4xx_hal_tim.o(i.TIM_ITRx_SetConfig)
    i.TIM_OC1_SetConfig                      0x08003304   Section        0  stm32f4xx_hal_tim.o(i.TIM_OC1_SetConfig)
    TIM_OC1_SetConfig                        0x08003305   Thumb Code   102  stm32f4xx_hal_tim.o(i.TIM_OC1_SetConfig)
    i.TIM_OC2_SetConfig                      0x08003374   Section        0  stm32f4xx_hal_tim.o(i.TIM_OC2_SetConfig)
    i.TIM_OC3_SetConfig                      0x080033ec   Section        0  stm32f4xx_hal_tim.o(i.TIM_OC3_SetConfig)
    TIM_OC3_SetConfig                        0x080033ed   Thumb Code   110  stm32f4xx_hal_tim.o(i.TIM_OC3_SetConfig)
    i.TIM_OC4_SetConfig                      0x08003464   Section        0  stm32f4xx_hal_tim.o(i.TIM_OC4_SetConfig)
    TIM_OC4_SetConfig                        0x08003465   Thumb Code    88  stm32f4xx_hal_tim.o(i.TIM_OC4_SetConfig)
    i.TIM_TI1_ConfigInputStage               0x080034c4   Section        0  stm32f4xx_hal_tim.o(i.TIM_TI1_ConfigInputStage)
    TIM_TI1_ConfigInputStage                 0x080034c5   Thumb Code    42  stm32f4xx_hal_tim.o(i.TIM_TI1_ConfigInputStage)
    i.TIM_TI1_SetConfig                      0x080034f0   Section        0  stm32f4xx_hal_tim.o(i.TIM_TI1_SetConfig)
    i.TIM_TI2_ConfigInputStage               0x08003588   Section        0  stm32f4xx_hal_tim.o(i.TIM_TI2_ConfigInputStage)
    TIM_TI2_ConfigInputStage                 0x08003589   Thumb Code    44  stm32f4xx_hal_tim.o(i.TIM_TI2_ConfigInputStage)
    i.TIM_TI2_SetConfig                      0x080035b4   Section        0  stm32f4xx_hal_tim.o(i.TIM_TI2_SetConfig)
    TIM_TI2_SetConfig                        0x080035b5   Thumb Code    62  stm32f4xx_hal_tim.o(i.TIM_TI2_SetConfig)
    i.TIM_TI3_SetConfig                      0x080035f2   Section        0  stm32f4xx_hal_tim.o(i.TIM_TI3_SetConfig)
    TIM_TI3_SetConfig                        0x080035f3   Thumb Code    60  stm32f4xx_hal_tim.o(i.TIM_TI3_SetConfig)
    i.TIM_TI4_SetConfig                      0x0800362e   Section        0  stm32f4xx_hal_tim.o(i.TIM_TI4_SetConfig)
    TIM_TI4_SetConfig                        0x0800362f   Thumb Code    64  stm32f4xx_hal_tim.o(i.TIM_TI4_SetConfig)
    i.UART_SetConfig                         0x08003670   Section        0  stm32f4xx_hal_uart.o(i.UART_SetConfig)
    UART_SetConfig                           0x08003671   Thumb Code   864  stm32f4xx_hal_uart.o(i.UART_SetConfig)
    i.USART1_IRQHandler                      0x080039d8   Section        0  stm32f4xx_it.o(i.USART1_IRQHandler)
    i.UsageFault_Handler                     0x080039e8   Section        0  stm32f4xx_it.o(i.UsageFault_Handler)
    i._Error_Handler                         0x080039ec   Section        0  main.o(i._Error_Handler)
    i.__scatterload_copy                     0x080039f0   Section       14  handlers.o(i.__scatterload_copy)
    i.__scatterload_null                     0x080039fe   Section        2  handlers.o(i.__scatterload_null)
    i.__scatterload_zeroinit                 0x08003a00   Section       14  handlers.o(i.__scatterload_zeroinit)
    i.__set_BASEPRI                          0x08003a0e   Section        0  ps2.o(i.__set_BASEPRI)
    __set_BASEPRI                            0x08003a0f   Thumb Code     8  ps2.o(i.__set_BASEPRI)
    i.__set_BASEPRI                          0x08003a16   Section        0  ir8.o(i.__set_BASEPRI)
    __set_BASEPRI                            0x08003a17   Thumb Code     8  ir8.o(i.__set_BASEPRI)
    i.clamp_pulse                            0x08003a20   Section        0  tim.o(i.clamp_pulse)
    clamp_pulse                              0x08003a21   Thumb Code    48  tim.o(i.clamp_pulse)
    i.delay_us                               0x08003a54   Section        0  ps2.o(i.delay_us)
    delay_us                                 0x08003a55   Thumb Code    24  ps2.o(i.delay_us)
    i.delay_us                               0x08003a70   Section        0  ir8.o(i.delay_us)
    delay_us                                 0x08003a71   Thumb Code    24  ir8.o(i.delay_us)
    i.get_moto_measure                       0x08003a8c   Section        0  bsp_can.o(i.get_moto_measure)
    i.i2c_read_byte                          0x08003b00   Section        0  ir8.o(i.i2c_read_byte)
    i2c_read_byte                            0x08003b01   Thumb Code   134  ir8.o(i.i2c_read_byte)
    i.i2c_start                              0x08003b8c   Section        0  ir8.o(i.i2c_start)
    i2c_start                                0x08003b8d   Thumb Code    60  ir8.o(i.i2c_start)
    i.i2c_stop                               0x08003bcc   Section        0  ir8.o(i.i2c_stop)
    i2c_stop                                 0x08003bcd   Thumb Code    46  ir8.o(i.i2c_stop)
    i.i2c_write_byte                         0x08003c00   Section        0  ir8.o(i.i2c_write_byte)
    i2c_write_byte                           0x08003c01   Thumb Code   138  ir8.o(i.i2c_write_byte)
    i.ir8_init                               0x08003c90   Section        0  ir8.o(i.ir8_init)
    i.ir8_read                               0x08003d5c   Section        0  ir8.o(i.ir8_read)
    i.main                                   0x08003e2c   Section        0  main.o(i.main)
    i.my_can_filter_init_recv_all            0x08004a8c   Section        0  bsp_can.o(i.my_can_filter_init_recv_all)
    i.pid_calculate                          0x08004ad8   Section        0  pid.o(i.pid_calculate)
    pid_calculate                            0x08004ad9   Thumb Code   458  pid.o(i.pid_calculate)
    i.pid_init                               0x08004ca8   Section        0  pid.o(i.pid_init)
    i.pid_param_init                         0x08004cc4   Section        0  pid.o(i.pid_param_init)
    pid_param_init                           0x08004cc5   Thumb Code   200  pid.o(i.pid_param_init)
    i.pid_reset                              0x08004d90   Section        0  pid.o(i.pid_reset)
    pid_reset                                0x08004d91   Thumb Code   120  pid.o(i.pid_reset)
    i.ps2_init                               0x08004e0c   Section        0  ps2.o(i.ps2_init)
    i.ps2_key_pressed                        0x08004f2c   Section        0  main.o(i.ps2_key_pressed)
    ps2_key_pressed                          0x08004f2d   Thumb Code    46  main.o(i.ps2_key_pressed)
    i.ps2_read                               0x08004f60   Section        0  ps2.o(i.ps2_read)
    i.ps2_xfer_byte                          0x08005030   Section        0  ps2.o(i.ps2_xfer_byte)
    ps2_xfer_byte                            0x08005031   Thumb Code    96  ps2.o(i.ps2_xfer_byte)
    i.ramp_target                            0x08005098   Section        0  main.o(i.ramp_target)
    ramp_target                              0x08005099   Thumb Code    66  main.o(i.ramp_target)
    i.relay_set_pulse                        0x080050e4   Section        0  tim.o(i.relay_set_pulse)
    i.sda_in                                 0x08005104   Section        0  ir8.o(i.sda_in)
    sda_in                                   0x08005105   Thumb Code    14  ir8.o(i.sda_in)
    i.sda_out                                0x08005118   Section        0  ir8.o(i.sda_out)
    sda_out                                  0x08005119   Thumb Code    16  ir8.o(i.sda_out)
    i.servo_drv_init                         0x0800512c   Section        0  tim.o(i.servo_drv_init)
    i.servo_get_pulse                        0x0800513c   Section        0  tim.o(i.servo_get_pulse)
    i.servo_set_pulse                        0x08005154   Section        0  tim.o(i.servo_set_pulse)
    i.servo_tim4_oc_match                    0x08005174   Section        0  tim.o(i.servo_tim4_oc_match)
    i.servo_tim4_period_elapsed              0x080051a0   Section        0  tim.o(i.servo_tim4_period_elapsed)
    i.set_moto_current                       0x080051e0   Section        0  bsp_can.o(i.set_moto_current)
    .constdata                               0x0800529c   Section        8  stm32f4xx_hal_dma.o(.constdata)
    flagBitshiftOffset                       0x0800529c   Data           8  stm32f4xx_hal_dma.o(.constdata)
    .constdata                               0x080052a4   Section       24  system_stm32f4xx.o(.constdata)
    .data                                    0x20000000   Section        4  stm32f4xx_hal.o(.data)
    .data                                    0x20000004   Section        4  system_stm32f4xx.o(.data)
    .data                                    0x20000008   Section        5  bsp_can.o(.data)
    i                                        0x2000000c   Data           1  bsp_can.o(.data)
    .data                                    0x20000010   Section      113  main.o(.data)
    KEY_PHY_UP                               0x20000014   Data           2  main.o(.data)
    KEY_PHY_RIGHT                            0x20000016   Data           2  main.o(.data)
    KEY_PHY_DOWN                             0x20000018   Data           2  main.o(.data)
    KEY_PHY_LEFT                             0x2000001a   Data           2  main.o(.data)
    KEY_PHY_L2                               0x2000001c   Data           2  main.o(.data)
    KEY_PHY_R2                               0x2000001e   Data           2  main.o(.data)
    KEY_PHY_L1                               0x20000020   Data           2  main.o(.data)
    KEY_PHY_R1                               0x20000022   Data           2  main.o(.data)
    led1_tick                                0x20000028   Data           4  main.o(.data)
    motor_tick                               0x2000002c   Data           4  main.o(.data)
    step_cnt                                 0x20000030   Data           4  main.o(.data)
    pul_state                                0x20000034   Data           1  main.o(.data)
    stepper_dir                              0x20000035   Data           1  main.o(.data)
    ps2                                      0x20000036   Data           7  main.o(.data)
    speed_scale                              0x20000040   Data           4  main.o(.data)
    actual_target_l                          0x20000044   Data           4  main.o(.data)
    actual_target_r                          0x20000048   Data           4  main.o(.data)
    prev_btn2                                0x2000004c   Data           1  main.o(.data)
    ps2_ok_cnt                               0x20000050   Data           4  main.o(.data)
    ps2_fail_cnt                             0x20000054   Data           4  main.o(.data)
    startup_guard_cnt                        0x20000058   Data           4  main.o(.data)
    cal_ok                                   0x2000005c   Data           1  main.o(.data)
    cly                                      0x2000005d   Data           1  main.o(.data)
    crx                                      0x2000005e   Data           1  main.o(.data)
    relay_on                                 0x2000005f   Data           1  main.o(.data)
    prev_circle_bit                          0x20000060   Data           1  main.o(.data)
    debounce_left                            0x20000061   Data           1  main.o(.data)
    debounce_right                           0x20000062   Data           1  main.o(.data)
    debounce_l2                              0x20000063   Data           1  main.o(.data)
    debounce_r2                              0x20000064   Data           1  main.o(.data)
    debounce_up                              0x20000065   Data           1  main.o(.data)
    debounce_down                            0x20000066   Data           1  main.o(.data)
    ps2_connected                            0x20000067   Data           1  main.o(.data)
    ps2_reinit_tick                          0x20000068   Data           4  main.o(.data)
    line_follow_mode                         0x2000006c   Data           1  main.o(.data)
    prev_cir_bit                             0x2000006d   Data           1  main.o(.data)
    line_base_speed                          0x20000070   Data           4  main.o(.data)
    line_stop                                0x20000074   Data           1  main.o(.data)
    line_found                               0x20000075   Data           1  main.o(.data)
    ir8_err_cnt                              0x20000076   Data           1  main.o(.data)
    stepper_period                           0x20000078   Data           2  main.o(.data)
    emag_test_tick                           0x2000007c   Data           4  main.o(.data)
    emag_test_state                          0x20000080   Data           1  main.o(.data)
    .data                                    0x20000084   Section        8  can.o(.data)
    .data                                    0x2000008c   Section       10  remote_control.o(.data)
    .data                                    0x20000096   Section        6  tim.o(.data)
    servo_pulse                              0x20000096   Data           4  tim.o(.data)
    relay_pulse                              0x2000009a   Data           2  tim.o(.data)
    .bss                                     0x2000009c   Section      160  bsp_can.o(.bss)
    Tx1Message                               0x200000fc   Data          28  bsp_can.o(.bss)
    Rx1Message                               0x20000118   Data          36  bsp_can.o(.bss)
    .bss                                     0x2000013c   Section      300  main.o(.bss)
    line_pid                                 0x20000204   Data         100  main.o(.bss)
    .bss                                     0x20000268   Section      260  usart.o(.bss)
    .bss                                     0x2000036c   Section       60  stm32f4xx_hal_timebase_tim.o(.bss)
    .bss                                     0x200003a8   Section       68  can.o(.bss)
    .bss                                     0x200003ec   Section       20  remote_control.o(.bss)
    .bss                                     0x20000400   Section      336  tim.o(.bss)
    STACK                                    0x20000550   Section     1024  startup_stm32f427xx.o(STACK)

    Global Symbols

    Symbol Name                              Value     Ov Type        Size  Object(Section)

    BuildAttributes$$THM_ISAv4$E$P$D$K$B$S$7EM$VFPi3$EXTD16$VFPS$VFMA$PE$A:L22UL41UL21$X:L11$S22US41US21$IEEE1$IW$USESV6$~STKCKD$USESV7$~SHL$OSPACE$EBA8$MICROLIB$REQ8$PRES8$EABIv2 0x00000000   Number         0  anon$$obj.o ABSOLUTE
    __ARM_use_no_argv                        0x00000000   Number         0  main.o ABSOLUTE
    __arm_fini_                               - Undefined Weak Reference
    __cpp_initialize__aeabi_                  - Undefined Weak Reference
    __cxa_finalize                            - Undefined Weak Reference
    __decompress                              - Undefined Weak Reference
    _clock_init                               - Undefined Weak Reference
    _microlib_exit                            - Undefined Weak Reference
    __Vectors_Size                           0x000001ac   Number         0  startup_stm32f427xx.o ABSOLUTE
    __Vectors                                0x08000000   Data           4  startup_stm32f427xx.o(RESET)
    __Vectors_End                            0x080001ac   Data           0  startup_stm32f427xx.o(RESET)
    __main                                   0x080001ad   Thumb Code     0  entry.o(.ARM.Collect$$$$00000000)
    _main_stk                                0x080001ad   Thumb Code     0  entry2.o(.ARM.Collect$$$$00000001)
    _main_scatterload                        0x080001b1   Thumb Code     0  entry5.o(.ARM.Collect$$$$00000004)
    __main_after_scatterload                 0x080001b5   Thumb Code     0  entry5.o(.ARM.Collect$$$$00000004)
    _main_clock                              0x080001b5   Thumb Code     0  entry7b.o(.ARM.Collect$$$$00000008)
    _main_cpp_init                           0x080001b5   Thumb Code     0  entry8b.o(.ARM.Collect$$$$0000000A)
    _main_init                               0x080001b5   Thumb Code     0  entry9a.o(.ARM.Collect$$$$0000000B)
    __rt_lib_shutdown_fini                   0x080001bd   Thumb Code     0  entry12b.o(.ARM.Collect$$$$0000000E)
    __rt_final_cpp                           0x080001c1   Thumb Code     0  entry10a.o(.ARM.Collect$$$$0000000F)
    __rt_final_exit                          0x080001c1   Thumb Code     0  entry11a.o(.ARM.Collect$$$$00000011)
    Reset_Handler                            0x080001c5   Thumb Code     8  startup_stm32f427xx.o(.text)
    ADC_IRQHandler                           0x080001df   Thumb Code     0  startup_stm32f427xx.o(.text)
    CAN1_RX1_IRQHandler                      0x080001df   Thumb Code     0  startup_stm32f427xx.o(.text)
    CAN1_SCE_IRQHandler                      0x080001df   Thumb Code     0  startup_stm32f427xx.o(.text)
    CAN2_RX0_IRQHandler                      0x080001df   Thumb Code     0  startup_stm32f427xx.o(.text)
    CAN2_RX1_IRQHandler                      0x080001df   Thumb Code     0  startup_stm32f427xx.o(.text)
    CAN2_SCE_IRQHandler                      0x080001df   Thumb Code     0  startup_stm32f427xx.o(.text)
    CAN2_TX_IRQHandler                       0x080001df   Thumb Code     0  startup_stm32f427xx.o(.text)
    DCMI_IRQHandler                          0x080001df   Thumb Code     0  startup_stm32f427xx.o(.text)
    DMA1_Stream0_IRQHandler                  0x080001df   Thumb Code     0  startup_stm32f427xx.o(.text)
    DMA1_Stream1_IRQHandler                  0x080001df   Thumb Code     0  startup_stm32f427xx.o(.text)
    DMA1_Stream2_IRQHandler                  0x080001df   Thumb Code     0  startup_stm32f427xx.o(.text)
    DMA1_Stream3_IRQHandler                  0x080001df   Thumb Code     0  startup_stm32f427xx.o(.text)
    DMA1_Stream4_IRQHandler                  0x080001df   Thumb Code     0  startup_stm32f427xx.o(.text)
    DMA1_Stream5_IRQHandler                  0x080001df   Thumb Code     0  startup_stm32f427xx.o(.text)
    DMA1_Stream6_IRQHandler                  0x080001df   Thumb Code     0  startup_stm32f427xx.o(.text)
    DMA1_Stream7_IRQHandler                  0x080001df   Thumb Code     0  startup_stm32f427xx.o(.text)
    DMA2D_IRQHandler                         0x080001df   Thumb Code     0  startup_stm32f427xx.o(.text)
    DMA2_Stream0_IRQHandler                  0x080001df   Thumb Code     0  startup_stm32f427xx.o(.text)
    DMA2_Stream1_IRQHandler                  0x080001df   Thumb Code     0  startup_stm32f427xx.o(.text)
    DMA2_Stream3_IRQHandler                  0x080001df   Thumb Code     0  startup_stm32f427xx.o(.text)
    DMA2_Stream4_IRQHandler                  0x080001df   Thumb Code     0  startup_stm32f427xx.o(.text)
    DMA2_Stream5_IRQHandler                  0x080001df   Thumb Code     0  startup_stm32f427xx.o(.text)
    DMA2_Stream7_IRQHandler                  0x080001df   Thumb Code     0  startup_stm32f427xx.o(.text)
    ETH_IRQHandler                           0x080001df   Thumb Code     0  startup_stm32f427xx.o(.text)
    ETH_WKUP_IRQHandler                      0x080001df   Thumb Code     0  startup_stm32f427xx.o(.text)
    EXTI0_IRQHandler                         0x080001df   Thumb Code     0  startup_stm32f427xx.o(.text)
    EXTI15_10_IRQHandler                     0x080001df   Thumb Code     0  startup_stm32f427xx.o(.text)
    EXTI1_IRQHandler                         0x080001df   Thumb Code     0  startup_stm32f427xx.o(.text)
    EXTI2_IRQHandler                         0x080001df   Thumb Code     0  startup_stm32f427xx.o(.text)
    EXTI3_IRQHandler                         0x080001df   Thumb Code     0  startup_stm32f427xx.o(.text)
    EXTI4_IRQHandler                         0x080001df   Thumb Code     0  startup_stm32f427xx.o(.text)
    EXTI9_5_IRQHandler                       0x080001df   Thumb Code     0  startup_stm32f427xx.o(.text)
    FLASH_IRQHandler                         0x080001df   Thumb Code     0  startup_stm32f427xx.o(.text)
    FMC_IRQHandler                           0x080001df   Thumb Code     0  startup_stm32f427xx.o(.text)
    FPU_IRQHandler                           0x080001df   Thumb Code     0  startup_stm32f427xx.o(.text)
    HASH_RNG_IRQHandler                      0x080001df   Thumb Code     0  startup_stm32f427xx.o(.text)
    I2C1_ER_IRQHandler                       0x080001df   Thumb Code     0  startup_stm32f427xx.o(.text)
    I2C1_EV_IRQHandler                       0x080001df   Thumb Code     0  startup_stm32f427xx.o(.text)
    I2C2_ER_IRQHandler                       0x080001df   Thumb Code     0  startup_stm32f427xx.o(.text)
    I2C2_EV_IRQHandler                       0x080001df   Thumb Code     0  startup_stm32f427xx.o(.text)
    I2C3_ER_IRQHandler                       0x080001df   Thumb Code     0  startup_stm32f427xx.o(.text)
    I2C3_EV_IRQHandler                       0x080001df   Thumb Code     0  startup_stm32f427xx.o(.text)
    OTG_FS_IRQHandler                        0x080001df   Thumb Code     0  startup_stm32f427xx.o(.text)
    OTG_FS_WKUP_IRQHandler                   0x080001df   Thumb Code     0  startup_stm32f427xx.o(.text)
    OTG_HS_EP1_IN_IRQHandler                 0x080001df   Thumb Code     0  startup_stm32f427xx.o(.text)
    OTG_HS_EP1_OUT_IRQHandler                0x080001df   Thumb Code     0  startup_stm32f427xx.o(.text)
    OTG_HS_IRQHandler                        0x080001df   Thumb Code     0  startup_stm32f427xx.o(.text)
    OTG_HS_WKUP_IRQHandler                   0x080001df   Thumb Code     0  startup_stm32f427xx.o(.text)
    PVD_IRQHandler                           0x080001df   Thumb Code     0  startup_stm32f427xx.o(.text)
    RCC_IRQHandler                           0x080001df   Thumb Code     0  startup_stm32f427xx.o(.text)
    RTC_Alarm_IRQHandler                     0x080001df   Thumb Code     0  startup_stm32f427xx.o(.text)
    RTC_WKUP_IRQHandler                      0x080001df   Thumb Code     0  startup_stm32f427xx.o(.text)
    SAI1_IRQHandler                          0x080001df   Thumb Code     0  startup_stm32f427xx.o(.text)
    SDIO_IRQHandler                          0x080001df   Thumb Code     0  startup_stm32f427xx.o(.text)
    SPI1_IRQHandler                          0x080001df   Thumb Code     0  startup_stm32f427xx.o(.text)
    SPI2_IRQHandler                          0x080001df   Thumb Code     0  startup_stm32f427xx.o(.text)
    SPI3_IRQHandler                          0x080001df   Thumb Code     0  startup_stm32f427xx.o(.text)
    SPI4_IRQHandler                          0x080001df   Thumb Code     0  startup_stm32f427xx.o(.text)
    SPI5_IRQHandler                          0x080001df   Thumb Code     0  startup_stm32f427xx.o(.text)
    SPI6_IRQHandler                          0x080001df   Thumb Code     0  startup_stm32f427xx.o(.text)
    TAMP_STAMP_IRQHandler                    0x080001df   Thumb Code     0  startup_stm32f427xx.o(.text)
    TIM1_BRK_TIM9_IRQHandler                 0x080001df   Thumb Code     0  startup_stm32f427xx.o(.text)
    TIM1_CC_IRQHandler                       0x080001df   Thumb Code     0  startup_stm32f427xx.o(.text)
    TIM1_TRG_COM_TIM11_IRQHandler            0x080001df   Thumb Code     0  startup_stm32f427xx.o(.text)
    TIM1_UP_TIM10_IRQHandler                 0x080001df   Thumb Code     0  startup_stm32f427xx.o(.text)
    TIM2_IRQHandler                          0x080001df   Thumb Code     0  startup_stm32f427xx.o(.text)
    TIM5_IRQHandler                          0x080001df   Thumb Code     0  startup_stm32f427xx.o(.text)
    TIM7_IRQHandler                          0x080001df   Thumb Code     0  startup_stm32f427xx.o(.text)
    TIM8_BRK_TIM12_IRQHandler                0x080001df   Thumb Code     0  startup_stm32f427xx.o(.text)
    TIM8_CC_IRQHandler                       0x080001df   Thumb Code     0  startup_stm32f427xx.o(.text)
    TIM8_TRG_COM_TIM14_IRQHandler            0x080001df   Thumb Code     0  startup_stm32f427xx.o(.text)
    TIM8_UP_TIM13_IRQHandler                 0x080001df   Thumb Code     0  startup_stm32f427xx.o(.text)
    UART4_IRQHandler                         0x080001df   Thumb Code     0  startup_stm32f427xx.o(.text)
    UART5_IRQHandler                         0x080001df   Thumb Code     0  startup_stm32f427xx.o(.text)
    UART7_IRQHandler                         0x080001df   Thumb Code     0  startup_stm32f427xx.o(.text)
    UART8_IRQHandler                         0x080001df   Thumb Code     0  startup_stm32f427xx.o(.text)
    USART2_IRQHandler                        0x080001df   Thumb Code     0  startup_stm32f427xx.o(.text)
    USART3_IRQHandler                        0x080001df   Thumb Code     0  startup_stm32f427xx.o(.text)
    USART6_IRQHandler                        0x080001df   Thumb Code     0  startup_stm32f427xx.o(.text)
    WWDG_IRQHandler                          0x080001df   Thumb Code     0  startup_stm32f427xx.o(.text)
    __aeabi_uldivmod                         0x080001e9   Thumb Code    98  uldiv.o(.text)
    __aeabi_memset                           0x0800024b   Thumb Code    14  memseta.o(.text)
    __aeabi_memset4                          0x0800024b   Thumb Code     0  memseta.o(.text)
    __aeabi_memset8                          0x0800024b   Thumb Code     0  memseta.o(.text)
    __aeabi_memclr                           0x08000259   Thumb Code     4  memseta.o(.text)
    __aeabi_memclr4                          0x08000259   Thumb Code     0  memseta.o(.text)
    __aeabi_memclr8                          0x08000259   Thumb Code     0  memseta.o(.text)
    _memset$wrapper                          0x0800025d   Thumb Code    18  memseta.o(.text)
    __aeabi_llsl                             0x0800026f   Thumb Code    30  llshl.o(.text)
    _ll_shift_l                              0x0800026f   Thumb Code     0  llshl.o(.text)
    __aeabi_llsr                             0x0800028d   Thumb Code    32  llushr.o(.text)
    _ll_ushift_r                             0x0800028d   Thumb Code     0  llushr.o(.text)
    __scatterload                            0x080002ad   Thumb Code    28  init.o(.text)
    __scatterload_rt2                        0x080002ad   Thumb Code     0  init.o(.text)
    BusFault_Handler                         0x080002d1   Thumb Code     4  stm32f4xx_it.o(i.BusFault_Handler)
    CAN1_RX0_IRQHandler                      0x080002d5   Thumb Code    10  stm32f4xx_it.o(i.CAN1_RX0_IRQHandler)
    CAN1_TX_IRQHandler                       0x080002e5   Thumb Code    10  stm32f4xx_it.o(i.CAN1_TX_IRQHandler)
    Callback_RC_Handle                       0x08000519   Thumb Code   226  remote_control.o(i.Callback_RC_Handle)
    DMA2_Stream2_IRQHandler                  0x08000609   Thumb Code    10  stm32f4xx_it.o(i.DMA2_Stream2_IRQHandler)
    DMA2_Stream6_IRQHandler                  0x08000619   Thumb Code    10  stm32f4xx_it.o(i.DMA2_Stream6_IRQHandler)
    DebugMon_Handler                         0x08000707   Thumb Code     2  stm32f4xx_it.o(i.DebugMon_Handler)
    HAL_CAN_ConfigFilter                     0x08000709   Thumb Code   260  stm32f4xx_hal_can.o(i.HAL_CAN_ConfigFilter)
    HAL_CAN_ErrorCallback                    0x08000811   Thumb Code    84  can.o(i.HAL_CAN_ErrorCallback)
    HAL_CAN_IRQHandler                       0x08000869   Thumb Code   580  stm32f4xx_hal_can.o(i.HAL_CAN_IRQHandler)
    HAL_CAN_Init                             0x08000abd   Thumb Code   444  stm32f4xx_hal_can.o(i.HAL_CAN_Init)
    HAL_CAN_MspInit                          0x08000c79   Thumb Code   110  can.o(i.HAL_CAN_MspInit)
    HAL_CAN_Receive_IT                       0x08000cf5   Thumb Code   268  stm32f4xx_hal_can.o(i.HAL_CAN_Receive_IT)
    HAL_CAN_RxCpltCallback                   0x08000e01   Thumb Code   118  bsp_can.o(i.HAL_CAN_RxCpltCallback)
    HAL_CAN_Transmit                         0x08000e8d   Thumb Code   684  stm32f4xx_hal_can.o(i.HAL_CAN_Transmit)
    HAL_CAN_TxCpltCallback                   0x08001145   Thumb Code     2  stm32f4xx_hal_can.o(i.HAL_CAN_TxCpltCallback)
    HAL_DMA_IRQHandler                       0x08001149   Thumb Code   570  stm32f4xx_hal_dma.o(i.HAL_DMA_IRQHandler)
    HAL_DMA_Init                             0x08001389   Thumb Code   232  stm32f4xx_hal_dma.o(i.HAL_DMA_Init)
    HAL_GPIO_Init                            0x08001475   Thumb Code   486  stm32f4xx_hal_gpio.o(i.HAL_GPIO_Init)
    HAL_GPIO_TogglePin                       0x08001691   Thumb Code     8  stm32f4xx_hal_gpio.o(i.HAL_GPIO_TogglePin)
    HAL_GPIO_WritePin                        0x08001699   Thumb Code    12  stm32f4xx_hal_gpio.o(i.HAL_GPIO_WritePin)
    HAL_GetTick                              0x080016a5   Thumb Code     6  stm32f4xx_hal.o(i.HAL_GetTick)
    HAL_IncTick                              0x080016b1   Thumb Code    12  stm32f4xx_hal.o(i.HAL_IncTick)
    HAL_Init                                 0x080016c1   Thumb Code    54  stm32f4xx_hal.o(i.HAL_Init)
    HAL_InitTick                             0x080016fd   Thumb Code   122  stm32f4xx_hal_timebase_tim.o(i.HAL_InitTick)
    HAL_MspInit                              0x08001789   Thumb Code    86  stm32f4xx_hal_msp.o(i.HAL_MspInit)
    HAL_NVIC_EnableIRQ                       0x080017df   Thumb Code    26  stm32f4xx_hal_cortex.o(i.HAL_NVIC_EnableIRQ)
    HAL_NVIC_SetPriority                     0x080017f9   Thumb Code   124  stm32f4xx_hal_cortex.o(i.HAL_NVIC_SetPriority)
    HAL_NVIC_SetPriorityGrouping             0x08001875   Thumb Code    32  stm32f4xx_hal_cortex.o(i.HAL_NVIC_SetPriorityGrouping)
    HAL_RCC_ClockConfig                      0x0800189d   Thumb Code   366  stm32f4xx_hal_rcc.o(i.HAL_RCC_ClockConfig)
    HAL_RCC_GetClockConfig                   0x08001a1d   Thumb Code    58  stm32f4xx_hal_rcc.o(i.HAL_RCC_GetClockConfig)
    HAL_RCC_GetHCLKFreq                      0x08001a61   Thumb Code     6  stm32f4xx_hal_rcc.o(i.HAL_RCC_GetHCLKFreq)
    HAL_RCC_GetPCLK1Freq                     0x08001a6d   Thumb Code    22  stm32f4xx_hal_rcc.o(i.HAL_RCC_GetPCLK1Freq)
    HAL_RCC_GetPCLK2Freq                     0x08001a8d   Thumb Code    22  stm32f4xx_hal_rcc.o(i.HAL_RCC_GetPCLK2Freq)
    HAL_RCC_GetSysClockFreq                  0x08001aad   Thumb Code   162  stm32f4xx_hal_rcc.o(i.HAL_RCC_GetSysClockFreq)
    HAL_RCC_OscConfig                        0x08001b5d   Thumb Code  1040  stm32f4xx_hal_rcc.o(i.HAL_RCC_OscConfig)
    HAL_SYSTICK_CLKSourceConfig              0x08001f6d   Thumb Code    40  stm32f4xx_hal_cortex.o(i.HAL_SYSTICK_CLKSourceConfig)
    HAL_SYSTICK_Callback                     0x08001f95   Thumb Code     2  stm32f4xx_hal_cortex.o(i.HAL_SYSTICK_Callback)
    HAL_SYSTICK_Config                       0x08001f97   Thumb Code    52  stm32f4xx_hal_cortex.o(i.HAL_SYSTICK_Config)
    HAL_SYSTICK_IRQHandler                   0x08001fcb   Thumb Code     8  stm32f4xx_hal_cortex.o(i.HAL_SYSTICK_IRQHandler)
    HAL_TIMEx_BreakCallback                  0x08001fd3   Thumb Code     2  stm32f4xx_hal_tim_ex.o(i.HAL_TIMEx_BreakCallback)
    HAL_TIMEx_CommutationCallback            0x08001fd5   Thumb Code     2  stm32f4xx_hal_tim_ex.o(i.HAL_TIMEx_CommutationCallback)
    HAL_TIMEx_MasterConfigSynchronization    0x08001fd7   Thumb Code    98  stm32f4xx_hal_tim_ex.o(i.HAL_TIMEx_MasterConfigSynchronization)
    HAL_TIM_Base_Init                        0x08002039   Thumb Code    52  stm32f4xx_hal_tim.o(i.HAL_TIM_Base_Init)
    HAL_TIM_Base_MspInit                     0x0800206d   Thumb Code   118  tim.o(i.HAL_TIM_Base_MspInit)
    HAL_TIM_Base_Start_IT                    0x080020f1   Thumb Code    30  stm32f4xx_hal_tim.o(i.HAL_TIM_Base_Start_IT)
    HAL_TIM_Base_Stop_IT                     0x0800210f   Thumb Code    56  stm32f4xx_hal_tim.o(i.HAL_TIM_Base_Stop_IT)
    HAL_TIM_ConfigClockSource                0x08002147   Thumb Code   306  stm32f4xx_hal_tim.o(i.HAL_TIM_ConfigClockSource)
    HAL_TIM_IC_CaptureCallback               0x08002279   Thumb Code   124  remote_control.o(i.HAL_TIM_IC_CaptureCallback)
    HAL_TIM_IC_ConfigChannel                 0x0800230d   Thumb Code   224  stm32f4xx_hal_tim.o(i.HAL_TIM_IC_ConfigChannel)
    HAL_TIM_IC_Init                          0x080023ed   Thumb Code    52  stm32f4xx_hal_tim.o(i.HAL_TIM_IC_Init)
    HAL_TIM_IC_MspInit                       0x08002421   Thumb Code   188  tim.o(i.HAL_TIM_IC_MspInit)
    HAL_TIM_IRQHandler                       0x08002505   Thumb Code   406  stm32f4xx_hal_tim.o(i.HAL_TIM_IRQHandler)
    HAL_TIM_OC_ConfigChannel                 0x0800269b   Thumb Code   116  stm32f4xx_hal_tim.o(i.HAL_TIM_OC_ConfigChannel)
    HAL_TIM_OC_DelayElapsedCallback          0x0800270f   Thumb Code    12  main.o(i.HAL_TIM_OC_DelayElapsedCallback)
    HAL_TIM_OC_Start_IT                      0x0800271d   Thumb Code   144  stm32f4xx_hal_tim.o(i.HAL_TIM_OC_Start_IT)
    HAL_TIM_PWM_PulseFinishedCallback        0x080027b5   Thumb Code     2  stm32f4xx_hal_tim.o(i.HAL_TIM_PWM_PulseFinishedCallback)
    HAL_TIM_PeriodElapsedCallback            0x080027b9   Thumb Code   110  main.o(i.HAL_TIM_PeriodElapsedCallback)
    HAL_TIM_TriggerCallback                  0x08002845   Thumb Code     2  stm32f4xx_hal_tim.o(i.HAL_TIM_TriggerCallback)
    HAL_UART_IDLE_IRQHandler                 0x08002849   Thumb Code   346  usart.o(i.HAL_UART_IDLE_IRQHandler)
    HAL_UART_Init                            0x080029b1   Thumb Code   114  stm32f4xx_hal_uart.o(i.HAL_UART_Init)
    HAL_UART_MspInit                         0x08002a25   Thumb Code   156  usart.o(i.HAL_UART_MspInit)
    HardFault_Handler                        0x08002ae5   Thumb Code     4  stm32f4xx_it.o(i.HardFault_Handler)
    MX_CAN1_Init                             0x08002ae9   Thumb Code    66  can.o(i.MX_CAN1_Init)
    MX_DMA_Init                              0x08002b45   Thumb Code    68  dma.o(i.MX_DMA_Init)
    MX_EMAG_GPIO_Init                        0x08002b8d   Thumb Code    72  gpio.o(i.MX_EMAG_GPIO_Init)
    MX_GPIO_Init                             0x08002bdd   Thumb Code   278  gpio.o(i.MX_GPIO_Init)
    MX_MOTO_GPIO_Init                        0x08002d05   Thumb Code   114  gpio.o(i.MX_MOTO_GPIO_Init)
    MX_SERVO_GPIO_Init                       0x08002d81   Thumb Code    76  tim.o(i.MX_SERVO_GPIO_Init)
    MX_TIM1_Init                             0x08002dd5   Thumb Code   184  tim.o(i.MX_TIM1_Init)
    MX_TIM3_Init                             0x08002ea5   Thumb Code    86  tim.o(i.MX_TIM3_Init)
    MX_TIM4_Init                             0x08002f15   Thumb Code   140  tim.o(i.MX_TIM4_Init)
    MX_USART1_UART_Init                      0x08002fb9   Thumb Code    52  usart.o(i.MX_USART1_UART_Init)
    MemManage_Handler                        0x08003009   Thumb Code     4  stm32f4xx_it.o(i.MemManage_Handler)
    NMI_Handler                              0x0800300d   Thumb Code     2  stm32f4xx_it.o(i.NMI_Handler)
    PendSV_Handler                           0x08003049   Thumb Code     2  stm32f4xx_it.o(i.PendSV_Handler)
    SVC_Handler                              0x0800304b   Thumb Code     2  stm32f4xx_it.o(i.SVC_Handler)
    SysTick_Handler                          0x0800304d   Thumb Code     8  stm32f4xx_it.o(i.SysTick_Handler)
    SystemClock_Config                       0x08003055   Thumb Code   212  main.o(i.SystemClock_Config)
    SystemInit                               0x08003145   Thumb Code    82  system_stm32f4xx.o(i.SystemInit)
    TIM3_IRQHandler                          0x080031a9   Thumb Code    10  stm32f4xx_it.o(i.TIM3_IRQHandler)
    TIM4_IRQHandler                          0x080031b9   Thumb Code    10  stm32f4xx_it.o(i.TIM4_IRQHandler)
    TIM6_DAC_IRQHandler                      0x080031c9   Thumb Code    10  stm32f4xx_it.o(i.TIM6_DAC_IRQHandler)
    TIM_Base_SetConfig                       0x080031d9   Thumb Code   184  stm32f4xx_hal_tim.o(i.TIM_Base_SetConfig)
    TIM_CCxChannelCmd                        0x080032bd   Thumb Code    28  stm32f4xx_hal_tim.o(i.TIM_CCxChannelCmd)
    TIM_OC2_SetConfig                        0x08003375   Thumb Code   112  stm32f4xx_hal_tim.o(i.TIM_OC2_SetConfig)
    TIM_TI1_SetConfig                        0x080034f1   Thumb Code   122  stm32f4xx_hal_tim.o(i.TIM_TI1_SetConfig)
    USART1_IRQHandler                        0x080039d9   Thumb Code    10  stm32f4xx_it.o(i.USART1_IRQHandler)
    UsageFault_Handler                       0x080039e9   Thumb Code     4  stm32f4xx_it.o(i.UsageFault_Handler)
    _Error_Handler                           0x080039ed   Thumb Code     4  main.o(i._Error_Handler)
    __scatterload_copy                       0x080039f1   Thumb Code    14  handlers.o(i.__scatterload_copy)
    __scatterload_null                       0x080039ff   Thumb Code     2  handlers.o(i.__scatterload_null)
    __scatterload_zeroinit                   0x08003a01   Thumb Code    14  handlers.o(i.__scatterload_zeroinit)
    get_moto_measure                         0x08003a8d   Thumb Code   116  bsp_can.o(i.get_moto_measure)
    ir8_init                                 0x08003c91   Thumb Code   186  ir8.o(i.ir8_init)
    ir8_read                                 0x08003d5d   Thumb Code   202  ir8.o(i.ir8_read)
    main                                     0x08003e2d   Thumb Code  3094  main.o(i.main)
    my_can_filter_init_recv_all              0x08004a8d   Thumb Code    62  bsp_can.o(i.my_can_filter_init_recv_all)
    pid_init                                 0x08004ca9   Thumb Code    14  pid.o(i.pid_init)
    ps2_init                                 0x08004e0d   Thumb Code   268  ps2.o(i.ps2_init)
    ps2_read                                 0x08004f61   Thumb Code   190  ps2.o(i.ps2_read)
    relay_set_pulse                          0x080050e5   Thumb Code    26  tim.o(i.relay_set_pulse)
    servo_drv_init                           0x0800512d   Thumb Code    12  tim.o(i.servo_drv_init)
    servo_get_pulse                          0x0800513d   Thumb Code    20  tim.o(i.servo_get_pulse)
    servo_set_pulse                          0x08005155   Thumb Code    28  tim.o(i.servo_set_pulse)
    servo_tim4_oc_match                      0x08005175   Thumb Code    36  tim.o(i.servo_tim4_oc_match)
    servo_tim4_period_elapsed                0x080051a1   Thumb Code    44  tim.o(i.servo_tim4_period_elapsed)
    set_moto_current                         0x080051e1   Thumb Code   182  bsp_can.o(i.set_moto_current)
    AHBPrescTable                            0x080052a4   Data          16  system_stm32f4xx.o(.constdata)
    APBPrescTable                            0x080052b4   Data           8  system_stm32f4xx.o(.constdata)
    Region$$Table$$Base                      0x080052bc   Number         0  anon$$obj.o(Region$$Table)
    Region$$Table$$Limit                     0x080052dc   Number         0  anon$$obj.o(Region$$Table)
    uwTick                                   0x20000000   Data           4  stm32f4xx_hal.o(.data)
    SystemCoreClock                          0x20000004   Data           4  system_stm32f4xx.o(.data)
    FlashTimer                               0x20000008   Data           4  bsp_can.o(.data)
    dbg_servo180_target                      0x20000010   Data           2  main.o(.data)
    dbg_servo1_pulse                         0x20000012   Data           2  main.o(.data)
    TIM_COUNT                                0x20000024   Data           4  main.o(.data)
    can_err_cnt                              0x20000084   Data           4  can.o(.data)
    can_tx_fail_cnt                          0x20000088   Data           4  can.o(.data)
    Latest_Remote_Control_Pack_Time          0x2000008c   Data           4  remote_control.o(.data)
    LED_Flash_Timer_remote_control           0x20000090   Data           4  remote_control.o(.data)
    HighTime                                 0x20000094   Data           2  remote_control.o(.data)
    moto_chassis                             0x2000009c   Data          96  bsp_can.o(.bss)
    motor_pid                                0x2000013c   Data         200  main.o(.bss)
    UART_Buffer                              0x20000268   Data         100  usart.o(.bss)
    huart1                                   0x200002cc   Data          64  usart.o(.bss)
    hdma_usart1_rx                           0x2000030c   Data          96  usart.o(.bss)
    htim6                                    0x2000036c   Data          60  stm32f4xx_hal_timebase_tim.o(.bss)
    hcan1                                    0x200003a8   Data          68  can.o(.bss)
    remote_control                           0x200003ec   Data          20  remote_control.o(.bss)
    htim1                                    0x20000400   Data          60  tim.o(.bss)
    hdma_tim1_ch1_ch2_ch3                    0x2000043c   Data          96  tim.o(.bss)
    htim2                                    0x2000049c   Data          60  tim.o(.bss)
    htim3                                    0x200004d8   Data          60  tim.o(.bss)
    htim4                                    0x20000514   Data          60  tim.o(.bss)
    __initial_sp                             0x20000950   Data           0  startup_stm32f427xx.o(STACK)



==============================================================================

Memory Map of the image

  Image Entry point : 0x080001ad

  Load Region LR_IROM1 (Base: 0x08000000, Size: 0x00005378, Max: 0x00200000, ABSOLUTE)

    Execution Region ER_IROM1 (Exec base: 0x08000000, Load base: 0x08000000, Size: 0x000052dc, Max: 0x00200000, ABSOLUTE)

    Exec Addr    Load Addr    Size         Type   Attr      Idx    E Section Name        Object

    0x08000000   0x08000000   0x000001ac   Data   RO         2638    RESET               startup_stm32f427xx.o
    0x080001ac   0x080001ac   0x00000000   Code   RO         3528  * .ARM.Collect$$$$00000000  mc_w.l(entry.o)
    0x080001ac   0x080001ac   0x00000004   Code   RO         3535    .ARM.Collect$$$$00000001  mc_w.l(entry2.o)
    0x080001b0   0x080001b0   0x00000004   Code   RO         3538    .ARM.Collect$$$$00000004  mc_w.l(entry5.o)
    0x080001b4   0x080001b4   0x00000000   Code   RO         3540    .ARM.Collect$$$$00000008  mc_w.l(entry7b.o)
    0x080001b4   0x080001b4   0x00000000   Code   RO         3542    .ARM.Collect$$$$0000000A  mc_w.l(entry8b.o)
    0x080001b4   0x080001b4   0x00000008   Code   RO         3543    .ARM.Collect$$$$0000000B  mc_w.l(entry9a.o)
    0x080001bc   0x080001bc   0x00000004   Code   RO         3550    .ARM.Collect$$$$0000000E  mc_w.l(entry12b.o)
    0x080001c0   0x080001c0   0x00000000   Code   RO         3545    .ARM.Collect$$$$0000000F  mc_w.l(entry10a.o)
    0x080001c0   0x080001c0   0x00000000   Code   RO         3547    .ARM.Collect$$$$00000011  mc_w.l(entry11a.o)
    0x080001c0   0x080001c0   0x00000004   Code   RO         3536    .ARM.Collect$$$$00002712  mc_w.l(entry2.o)
    0x080001c4   0x080001c4   0x00000024   Code   RO         2639    .text               startup_stm32f427xx.o
    0x080001e8   0x080001e8   0x00000062   Code   RO         3531    .text               mc_w.l(uldiv.o)
    0x0800024a   0x0800024a   0x00000024   Code   RO         3533    .text               mc_w.l(memseta.o)
    0x0800026e   0x0800026e   0x0000001e   Code   RO         3551    .text               mc_w.l(llshl.o)
    0x0800028c   0x0800028c   0x00000020   Code   RO         3553    .text               mc_w.l(llushr.o)
    0x080002ac   0x080002ac   0x00000024   Code   RO         3555    .text               mc_w.l(init.o)
    0x080002d0   0x080002d0   0x00000004   Code   RO         3164    i.BusFault_Handler  stm32f4xx_it.o
    0x080002d4   0x080002d4   0x00000010   Code   RO         3165    i.CAN1_RX0_IRQHandler  stm32f4xx_it.o
    0x080002e4   0x080002e4   0x00000010   Code   RO         3166    i.CAN1_TX_IRQHandler  stm32f4xx_it.o
    0x080002f4   0x080002f4   0x000001c2   Code   RO            4    i.CAN_Receive_IT    stm32f4xx_hal_can.o
    0x080004b6   0x080004b6   0x00000062   Code   RO            5    i.CAN_Transmit_IT   stm32f4xx_hal_can.o
    0x08000518   0x08000518   0x000000f0   Code   RO         3361    i.Callback_RC_Handle  remote_control.o
    0x08000608   0x08000608   0x00000010   Code   RO         3167    i.DMA2_Stream2_IRQHandler  stm32f4xx_it.o
    0x08000618   0x08000618   0x00000010   Code   RO         3168    i.DMA2_Stream6_IRQHandler  stm32f4xx_it.o
    0x08000628   0x08000628   0x00000034   Code   RO         2376    i.DMA_CalcBaseAndBitshift  stm32f4xx_hal_dma.o
    0x0800065c   0x0800065c   0x000000aa   Code   RO         2377    i.DMA_CheckFifoParam  stm32f4xx_hal_dma.o
    0x08000706   0x08000706   0x00000002   Code   RO         3169    i.DebugMon_Handler  stm32f4xx_it.o
    0x08000708   0x08000708   0x00000108   Code   RO            6    i.HAL_CAN_ConfigFilter  stm32f4xx_hal_can.o
    0x08000810   0x08000810   0x00000058   Code   RO         3288    i.HAL_CAN_ErrorCallback  can.o
    0x08000868   0x08000868   0x00000254   Code   RO           11    i.HAL_CAN_IRQHandler  stm32f4xx_hal_can.o
    0x08000abc   0x08000abc   0x000001bc   Code   RO           12    i.HAL_CAN_Init      stm32f4xx_hal_can.o
    0x08000c78   0x08000c78   0x0000007c   Code   RO         3290    i.HAL_CAN_MspInit   can.o
    0x08000cf4   0x08000cf4   0x0000010c   Code   RO           16    i.HAL_CAN_Receive_IT  stm32f4xx_hal_can.o
    0x08000e00   0x08000e00   0x0000008c   Code   RO         2646    i.HAL_CAN_RxCpltCallback  bsp_can.o
    0x08000e8c   0x08000e8c   0x000002b8   Code   RO           19    i.HAL_CAN_Transmit  stm32f4xx_hal_can.o
    0x08001144   0x08001144   0x00000002   Code   RO           21    i.HAL_CAN_TxCpltCallback  stm32f4xx_hal_can.o
    0x08001146   0x08001146   0x00000002   PAD
    0x08001148   0x08001148   0x00000240   Code   RO         2384    i.HAL_DMA_IRQHandler  stm32f4xx_hal_dma.o
    0x08001388   0x08001388   0x000000ec   Code   RO         2385    i.HAL_DMA_Init      stm32f4xx_hal_dma.o
    0x08001474   0x08001474   0x0000021c   Code   RO          236    i.HAL_GPIO_Init     stm32f4xx_hal_gpio.o
    0x08001690   0x08001690   0x00000008   Code   RO          239    i.HAL_GPIO_TogglePin  stm32f4xx_hal_gpio.o
    0x08001698   0x08001698   0x0000000c   Code   RO          240    i.HAL_GPIO_WritePin  stm32f4xx_hal_gpio.o
    0x080016a4   0x080016a4   0x0000000c   Code   RO         1191    i.HAL_GetTick       stm32f4xx_hal.o
    0x080016b0   0x080016b0   0x00000010   Code   RO         1193    i.HAL_IncTick       stm32f4xx_hal.o
    0x080016c0   0x080016c0   0x0000003c   Code   RO         1194    i.HAL_Init          stm32f4xx_hal.o
    0x080016fc   0x080016fc   0x0000008c   Code   RO         3088    i.HAL_InitTick      stm32f4xx_hal_timebase_tim.o
    0x08001788   0x08001788   0x00000056   Code   RO         3000    i.HAL_MspInit       stm32f4xx_hal_msp.o
    0x080017de   0x080017de   0x0000001a   Code   RO          572    i.HAL_NVIC_EnableIRQ  stm32f4xx_hal_cortex.o
    0x080017f8   0x080017f8   0x0000007c   Code   RO          578    i.HAL_NVIC_SetPriority  stm32f4xx_hal_cortex.o
    0x08001874   0x08001874   0x00000028   Code   RO          579    i.HAL_NVIC_SetPriorityGrouping  stm32f4xx_hal_cortex.o
    0x0800189c   0x0800189c   0x00000180   Code   RO         2483    i.HAL_RCC_ClockConfig  stm32f4xx_hal_rcc.o
    0x08001a1c   0x08001a1c   0x00000044   Code   RO         2487    i.HAL_RCC_GetClockConfig  stm32f4xx_hal_rcc.o
    0x08001a60   0x08001a60   0x0000000c   Code   RO         2488    i.HAL_RCC_GetHCLKFreq  stm32f4xx_hal_rcc.o
    0x08001a6c   0x08001a6c   0x00000020   Code   RO         2490    i.HAL_RCC_GetPCLK1Freq  stm32f4xx_hal_rcc.o
    0x08001a8c   0x08001a8c   0x00000020   Code   RO         2491    i.HAL_RCC_GetPCLK2Freq  stm32f4xx_hal_rcc.o
    0x08001aac   0x08001aac   0x000000b0   Code   RO         2492    i.HAL_RCC_GetSysClockFreq  stm32f4xx_hal_rcc.o
    0x08001b5c   0x08001b5c   0x00000410   Code   RO         2495    i.HAL_RCC_OscConfig  stm32f4xx_hal_rcc.o
    0x08001f6c   0x08001f6c   0x00000028   Code   RO          581    i.HAL_SYSTICK_CLKSourceConfig  stm32f4xx_hal_cortex.o
    0x08001f94   0x08001f94   0x00000002   Code   RO          582    i.HAL_SYSTICK_Callback  stm32f4xx_hal_cortex.o
    0x08001f96   0x08001f96   0x00000034   Code   RO          583    i.HAL_SYSTICK_Config  stm32f4xx_hal_cortex.o
    0x08001fca   0x08001fca   0x00000008   Code   RO          584    i.HAL_SYSTICK_IRQHandler  stm32f4xx_hal_cortex.o
    0x08001fd2   0x08001fd2   0x00000002   Code   RO         1455    i.HAL_TIMEx_BreakCallback  stm32f4xx_hal_tim_ex.o
    0x08001fd4   0x08001fd4   0x00000002   Code   RO         1456    i.HAL_TIMEx_CommutationCallback  stm32f4xx_hal_tim_ex.o
    0x08001fd6   0x08001fd6   0x00000062   Code   RO         1472    i.HAL_TIMEx_MasterConfigSynchronization  stm32f4xx_hal_tim_ex.o
    0x08002038   0x08002038   0x00000034   Code   RO         1696    i.HAL_TIM_Base_Init  stm32f4xx_hal_tim.o
    0x0800206c   0x0800206c   0x00000084   Code   RO         3399    i.HAL_TIM_Base_MspInit  tim.o
    0x080020f0   0x080020f0   0x0000001e   Code   RO         1701    i.HAL_TIM_Base_Start_IT  stm32f4xx_hal_tim.o
    0x0800210e   0x0800210e   0x00000038   Code   RO         1704    i.HAL_TIM_Base_Stop_IT  stm32f4xx_hal_tim.o
    0x08002146   0x08002146   0x00000132   Code   RO         1705    i.HAL_TIM_ConfigClockSource  stm32f4xx_hal_tim.o
    0x08002278   0x08002278   0x00000094   Code   RO         3362    i.HAL_TIM_IC_CaptureCallback  remote_control.o
    0x0800230c   0x0800230c   0x000000e0   Code   RO         1726    i.HAL_TIM_IC_ConfigChannel  stm32f4xx_hal_tim.o
    0x080023ec   0x080023ec   0x00000034   Code   RO         1729    i.HAL_TIM_IC_Init   stm32f4xx_hal_tim.o
    0x08002420   0x08002420   0x000000e4   Code   RO         3401    i.HAL_TIM_IC_MspInit  tim.o
    0x08002504   0x08002504   0x00000196   Code   RO         1738    i.HAL_TIM_IRQHandler  stm32f4xx_hal_tim.o
    0x0800269a   0x0800269a   0x00000074   Code   RO         1739    i.HAL_TIM_OC_ConfigChannel  stm32f4xx_hal_tim.o
    0x0800270e   0x0800270e   0x0000000c   Code   RO         2908    i.HAL_TIM_OC_DelayElapsedCallback  main.o
    0x0800271a   0x0800271a   0x00000002   PAD
    0x0800271c   0x0800271c   0x00000098   Code   RO         1748    i.HAL_TIM_OC_Start_IT  stm32f4xx_hal_tim.o
    0x080027b4   0x080027b4   0x00000002   Code   RO         1768    i.HAL_TIM_PWM_PulseFinishedCallback  stm32f4xx_hal_tim.o
    0x080027b6   0x080027b6   0x00000002   PAD
    0x080027b8   0x080027b8   0x0000008c   Code   RO         2909    i.HAL_TIM_PeriodElapsedCallback  main.o
    0x08002844   0x08002844   0x00000002   Code   RO         1779    i.HAL_TIM_TriggerCallback  stm32f4xx_hal_tim.o
    0x08002846   0x08002846   0x00000002   PAD
    0x08002848   0x08002848   0x00000168   Code   RO         3024    i.HAL_UART_IDLE_IRQHandler  usart.o
    0x080029b0   0x080029b0   0x00000072   Code   RO          870    i.HAL_UART_Init     stm32f4xx_hal_uart.o
    0x08002a22   0x08002a22   0x00000002   PAD
    0x08002a24   0x08002a24   0x000000c0   Code   RO         3026    i.HAL_UART_MspInit  usart.o
    0x08002ae4   0x08002ae4   0x00000004   Code   RO         3170    i.HardFault_Handler  stm32f4xx_it.o
    0x08002ae8   0x08002ae8   0x0000005c   Code   RO         3291    i.MX_CAN1_Init      can.o
    0x08002b44   0x08002b44   0x00000048   Code   RO         3337    i.MX_DMA_Init       dma.o
    0x08002b8c   0x08002b8c   0x00000050   Code   RO         3128    i.MX_EMAG_GPIO_Init  gpio.o
    0x08002bdc   0x08002bdc   0x00000128   Code   RO         3129    i.MX_GPIO_Init      gpio.o
    0x08002d04   0x08002d04   0x0000007c   Code   RO         3130    i.MX_MOTO_GPIO_Init  gpio.o
    0x08002d80   0x08002d80   0x00000054   Code   RO         3403    i.MX_SERVO_GPIO_Init  tim.o
    0x08002dd4   0x08002dd4   0x000000d0   Code   RO         3404    i.MX_TIM1_Init      tim.o
    0x08002ea4   0x08002ea4   0x00000070   Code   RO         3406    i.MX_TIM3_Init      tim.o
    0x08002f14   0x08002f14   0x000000a4   Code   RO         3407    i.MX_TIM4_Init      tim.o
    0x08002fb8   0x08002fb8   0x00000050   Code   RO         3028    i.MX_USART1_UART_Init  usart.o
    0x08003008   0x08003008   0x00000004   Code   RO         3171    i.MemManage_Handler  stm32f4xx_it.o
    0x0800300c   0x0800300c   0x00000002   Code   RO         3172    i.NMI_Handler       stm32f4xx_it.o
    0x0800300e   0x0800300e   0x00000002   PAD
    0x08003010   0x08003010   0x00000010   Code   RO          585    i.NVIC_GetPriorityGrouping  stm32f4xx_hal_cortex.o
    0x08003020   0x08003020   0x00000028   Code   RO          586    i.NVIC_SetPriority  stm32f4xx_hal_cortex.o
    0x08003048   0x08003048   0x00000002   Code   RO         3173    i.PendSV_Handler    stm32f4xx_it.o
    0x0800304a   0x0800304a   0x00000002   Code   RO         3174    i.SVC_Handler       stm32f4xx_it.o
    0x0800304c   0x0800304c   0x00000008   Code   RO         3175    i.SysTick_Handler   stm32f4xx_it.o
    0x08003054   0x08003054   0x000000f0   Code   RO         2910    i.SystemClock_Config  main.o
    0x08003144   0x08003144   0x00000064   Code   RO         2603    i.SystemInit        system_stm32f4xx.o
    0x080031a8   0x080031a8   0x00000010   Code   RO         3176    i.TIM3_IRQHandler   stm32f4xx_it.o
    0x080031b8   0x080031b8   0x00000010   Code   RO         3177    i.TIM4_IRQHandler   stm32f4xx_it.o
    0x080031c8   0x080031c8   0x00000010   Code   RO         3178    i.TIM6_DAC_IRQHandler  stm32f4xx_it.o
    0x080031d8   0x080031d8   0x000000e4   Code   RO         1780    i.TIM_Base_SetConfig  stm32f4xx_hal_tim.o
    0x080032bc   0x080032bc   0x0000001c   Code   RO         1781    i.TIM_CCxChannelCmd  stm32f4xx_hal_tim.o
    0x080032d8   0x080032d8   0x00000018   Code   RO         1787    i.TIM_ETR_SetConfig  stm32f4xx_hal_tim.o
    0x080032f0   0x080032f0   0x00000014   Code   RO         1788    i.TIM_ITRx_SetConfig  stm32f4xx_hal_tim.o
    0x08003304   0x08003304   0x00000070   Code   RO         1789    i.TIM_OC1_SetConfig  stm32f4xx_hal_tim.o
    0x08003374   0x08003374   0x00000078   Code   RO         1790    i.TIM_OC2_SetConfig  stm32f4xx_hal_tim.o
    0x080033ec   0x080033ec   0x00000078   Code   RO         1791    i.TIM_OC3_SetConfig  stm32f4xx_hal_tim.o
    0x08003464   0x08003464   0x00000060   Code   RO         1792    i.TIM_OC4_SetConfig  stm32f4xx_hal_tim.o
    0x080034c4   0x080034c4   0x0000002a   Code   RO         1794    i.TIM_TI1_ConfigInputStage  stm32f4xx_hal_tim.o
    0x080034ee   0x080034ee   0x00000002   PAD
    0x080034f0   0x080034f0   0x00000098   Code   RO         1795    i.TIM_TI1_SetConfig  stm32f4xx_hal_tim.o
    0x08003588   0x08003588   0x0000002c   Code   RO         1796    i.TIM_TI2_ConfigInputStage  stm32f4xx_hal_tim.o
    0x080035b4   0x080035b4   0x0000003e   Code   RO         1797    i.TIM_TI2_SetConfig  stm32f4xx_hal_tim.o
    0x080035f2   0x080035f2   0x0000003c   Code   RO         1798    i.TIM_TI3_SetConfig  stm32f4xx_hal_tim.o
    0x0800362e   0x0800362e   0x00000040   Code   RO         1799    i.TIM_TI4_SetConfig  stm32f4xx_hal_tim.o
    0x0800366e   0x0800366e   0x00000002   PAD
    0x08003670   0x08003670   0x00000368   Code   RO          897    i.UART_SetConfig    stm32f4xx_hal_uart.o
    0x080039d8   0x080039d8   0x00000010   Code   RO         3179    i.USART1_IRQHandler  stm32f4xx_it.o
    0x080039e8   0x080039e8   0x00000004   Code   RO         3180    i.UsageFault_Handler  stm32f4xx_it.o
    0x080039ec   0x080039ec   0x00000004   Code   RO         2911    i._Error_Handler    main.o
    0x080039f0   0x080039f0   0x0000000e   Code   RO         3559    i.__scatterload_copy  mc_w.l(handlers.o)
    0x080039fe   0x080039fe   0x00000002   Code   RO         3560    i.__scatterload_null  mc_w.l(handlers.o)
    0x08003a00   0x08003a00   0x0000000e   Code   RO         3561    i.__scatterload_zeroinit  mc_w.l(handlers.o)
    0x08003a0e   0x08003a0e   0x00000008   Code   RO         2784    i.__set_BASEPRI     ps2.o
    0x08003a16   0x08003a16   0x00000008   Code   RO         2835    i.__set_BASEPRI     ir8.o
    0x08003a1e   0x08003a1e   0x00000002   PAD
    0x08003a20   0x08003a20   0x00000034   Code   RO         3408    i.clamp_pulse       tim.o
    0x08003a54   0x08003a54   0x0000001c   Code   RO         2785    i.delay_us          ps2.o
    0x08003a70   0x08003a70   0x0000001c   Code   RO         2836    i.delay_us          ir8.o
    0x08003a8c   0x08003a8c   0x00000074   Code   RO         2648    i.get_moto_measure  bsp_can.o
    0x08003b00   0x08003b00   0x0000008c   Code   RO         2837    i.i2c_read_byte     ir8.o
    0x08003b8c   0x08003b8c   0x00000040   Code   RO         2838    i.i2c_start         ir8.o
    0x08003bcc   0x08003bcc   0x00000034   Code   RO         2839    i.i2c_stop          ir8.o
    0x08003c00   0x08003c00   0x00000090   Code   RO         2840    i.i2c_write_byte    ir8.o
    0x08003c90   0x08003c90   0x000000cc   Code   RO         2841    i.ir8_init          ir8.o
    0x08003d5c   0x08003d5c   0x000000d0   Code   RO         2842    i.ir8_read          ir8.o
    0x08003e2c   0x08003e2c   0x00000c60   Code   RO         2912    i.main              main.o
    0x08004a8c   0x08004a8c   0x0000004c   Code   RO         2651    i.my_can_filter_init_recv_all  bsp_can.o
    0x08004ad8   0x08004ad8   0x000001d0   Code   RO         2737    i.pid_calculate     pid.o
    0x08004ca8   0x08004ca8   0x0000001c   Code   RO         2738    i.pid_init          pid.o
    0x08004cc4   0x08004cc4   0x000000cc   Code   RO         2739    i.pid_param_init    pid.o
    0x08004d90   0x08004d90   0x0000007c   Code   RO         2740    i.pid_reset         pid.o
    0x08004e0c   0x08004e0c   0x00000120   Code   RO         2786    i.ps2_init          ps2.o
    0x08004f2c   0x08004f2c   0x00000034   Code   RO         2913    i.ps2_key_pressed   main.o
    0x08004f60   0x08004f60   0x000000d0   Code   RO         2787    i.ps2_read          ps2.o
    0x08005030   0x08005030   0x00000068   Code   RO         2788    i.ps2_xfer_byte     ps2.o
    0x08005098   0x08005098   0x0000004c   Code   RO         2914    i.ramp_target       main.o
    0x080050e4   0x080050e4   0x00000020   Code   RO         3410    i.relay_set_pulse   tim.o
    0x08005104   0x08005104   0x00000014   Code   RO         2843    i.sda_in            ir8.o
    0x08005118   0x08005118   0x00000014   Code   RO         2844    i.sda_out           ir8.o
    0x0800512c   0x0800512c   0x00000010   Code   RO         3411    i.servo_drv_init    tim.o
    0x0800513c   0x0800513c   0x00000018   Code   RO         3412    i.servo_get_pulse   tim.o
    0x08005154   0x08005154   0x00000020   Code   RO         3413    i.servo_set_pulse   tim.o
    0x08005174   0x08005174   0x0000002c   Code   RO         3415    i.servo_tim4_oc_match  tim.o
    0x080051a0   0x080051a0   0x00000040   Code   RO         3416    i.servo_tim4_period_elapsed  tim.o
    0x080051e0   0x080051e0   0x000000bc   Code   RO         2652    i.set_moto_current  bsp_can.o
    0x0800529c   0x0800529c   0x00000008   Data   RO         2391    .constdata          stm32f4xx_hal_dma.o
    0x080052a4   0x080052a4   0x00000018   Data   RO         2604    .constdata          system_stm32f4xx.o
    0x080052bc   0x080052bc   0x00000020   Data   RO         3557    Region$$Table       anon$$obj.o


    Execution Region RW_IRAM1 (Exec base: 0x20000000, Load base: 0x080052dc, Size: 0x00000950, Max: 0x00030000, ABSOLUTE)

    Exec Addr    Load Addr    Size         Type   Attr      Idx    E Section Name        Object

    0x20000000   0x080052dc   0x00000004   Data   RW         1200    .data               stm32f4xx_hal.o
    0x20000004   0x080052e0   0x00000004   Data   RW         2605    .data               system_stm32f4xx.o
    0x20000008   0x080052e4   0x00000005   Data   RW         2654    .data               bsp_can.o
    0x2000000d   0x080052e9   0x00000003   PAD
    0x20000010   0x080052ec   0x00000071   Data   RW         2916    .data               main.o
    0x20000081   0x0800535d   0x00000003   PAD
    0x20000084   0x08005360   0x00000008   Data   RW         3293    .data               can.o
    0x2000008c   0x08005368   0x0000000a   Data   RW         3364    .data               remote_control.o
    0x20000096   0x08005372   0x00000006   Data   RW         3418    .data               tim.o
    0x2000009c        -       0x000000a0   Zero   RW         2653    .bss                bsp_can.o
    0x2000013c        -       0x0000012c   Zero   RW         2915    .bss                main.o
    0x20000268        -       0x00000104   Zero   RW         3030    .bss                usart.o
    0x2000036c        -       0x0000003c   Zero   RW         3091    .bss                stm32f4xx_hal_timebase_tim.o
    0x200003a8        -       0x00000044   Zero   RW         3292    .bss                can.o
    0x200003ec        -       0x00000014   Zero   RW         3363    .bss                remote_control.o
    0x20000400        -       0x00000150   Zero   RW         3417    .bss                tim.o
    0x20000550        -       0x00000400   Zero   RW         2636    STACK               startup_stm32f427xx.o


==============================================================================

Image component sizes


      Code (inc. data)   RO Data    RW Data    ZI Data      Debug   Object Name

       520         42          0          5        160       5357   bsp_can.o
       304         44          0          8         68       2613   can.o
        72          4          0          0          0        882   dma.o
       500         36          0          0          0       2427   gpio.o
       888         60          0          0          0       7034   ir8.o
      3692        464          0        113        300      12574   main.o
       820         28          0          0          0       4812   pid.o
       636         50          0          0          0       9234   ps2.o
       388         38          0         10         20       2995   remote_control.o
        36          8        428          0       1024        868   startup_stm32f427xx.o
        88         16          0          4          0       3500   stm32f4xx_hal.o
      2818         32          0          0          0     740024   stm32f4xx_hal_can.o
       348         22          0          0          0      33305   stm32f4xx_hal_cortex.o
      1034         16          8          0          0       4228   stm32f4xx_hal_dma.o
       560         54          0          0          0       3209   stm32f4xx_hal_gpio.o
        86          0          0          0          0        578   stm32f4xx_hal_msp.o
      1744         84          0          0          0       6625   stm32f4xx_hal_rcc.o
      2570        118          0          0          0      20653   stm32f4xx_hal_tim.o
       102          0          0          0          0       2602   stm32f4xx_hal_tim_ex.o
       140         18          0          0         60       1696   stm32f4xx_hal_timebase_tim.o
       986          8          0          0          0       2032   stm32f4xx_hal_uart.o
       160         48          0          0          0       9175   stm32f4xx_it.o
       100         18         24          4          0       1355   system_stm32f4xx.o
      1192        186          0          6        336       8899   tim.o
       632         78          0          0        260       2924   usart.o

    ----------------------------------------------------------------------
     20434       1472        492        156       2228     889601   Object Totals
         0          0         32          0          0          0   (incl. Generated)
        18          0          0          6          0          0   (incl. Padding)

    ----------------------------------------------------------------------

      Code (inc. data)   RO Data    RW Data    ZI Data      Debug   Library Member Name

         0          0          0          0          0          0   entry.o
         0          0          0          0          0          0   entry10a.o
         0          0          0          0          0          0   entry11a.o
         4          0          0          0          0          0   entry12b.o
         8          4          0          0          0          0   entry2.o
         4          0          0          0          0          0   entry5.o
         0          0          0          0          0          0   entry7b.o
         0          0          0          0          0          0   entry8b.o
         8          4          0          0          0          0   entry9a.o
        30          0          0          0          0          0   handlers.o
        36          8          0          0          0         68   init.o
        30          0          0          0          0         68   llshl.o
        32          0          0          0          0         68   llushr.o
        36          0          0          0          0        108   memseta.o
        98          0          0          0          0         92   uldiv.o

    ----------------------------------------------------------------------
       286         16          0          0          0        404   Library Totals
         0          0          0          0          0          0   (incl. Padding)

    ----------------------------------------------------------------------

      Code (inc. data)   RO Data    RW Data    ZI Data      Debug   Library Name

       286         16          0          0          0        404   mc_w.l

    ----------------------------------------------------------------------
       286         16          0          0          0        404   Library Totals

    ----------------------------------------------------------------------

==============================================================================


      Code (inc. data)   RO Data    RW Data    ZI Data      Debug   

     20720       1488        492        156       2228     877005   Grand Totals
     20720       1488        492        156       2228     877005   ELF Image Totals
     20720       1488        492        156          0          0   ROM Totals

==============================================================================

    Total RO  Size (Code + RO Data)                21212 (  20.71kB)
    Total RW  Size (RW Data + ZI Data)              2384 (   2.33kB)
    Total ROM Size (Code + RO Data + RW Data)      21368 (  20.87kB)

==============================================================================

