Component: ARM Compiler 5.06 update 7 (build 960) Tool: armlink [4d3601]

==============================================================================

Section Cross References

    stm32f4xx_hal_can.o(i.CAN_Receive_IT) refers to bsp_can.o(i.HAL_CAN_RxCpltCallback) for HAL_CAN_RxCpltCallback
    stm32f4xx_hal_can.o(i.CAN_Transmit_IT) refers to stm32f4xx_hal_can.o(i.HAL_CAN_TxCpltCallback) for HAL_CAN_TxCpltCallback
    stm32f4xx_hal_can.o(i.HAL_CAN_DeInit) refers to can.o(i.HAL_CAN_MspDeInit) for HAL_CAN_MspDeInit
    stm32f4xx_hal_can.o(i.HAL_CAN_IRQHandler) refers to stm32f4xx_hal_can.o(i.CAN_Transmit_IT) for CAN_Transmit_IT
    stm32f4xx_hal_can.o(i.HAL_CAN_IRQHandler) refers to stm32f4xx_hal_can.o(i.CAN_Receive_IT) for CAN_Receive_IT
    stm32f4xx_hal_can.o(i.HAL_CAN_IRQHandler) refers to can.o(i.HAL_CAN_ErrorCallback) for HAL_CAN_ErrorCallback
    stm32f4xx_hal_can.o(i.HAL_CAN_Init) refers to can.o(i.HAL_CAN_MspInit) for HAL_CAN_MspInit
    stm32f4xx_hal_can.o(i.HAL_CAN_Init) refers to stm32f4xx_hal.o(i.HAL_GetTick) for HAL_GetTick
    stm32f4xx_hal_can.o(i.HAL_CAN_Receive) refers to stm32f4xx_hal.o(i.HAL_GetTick) for HAL_GetTick
    stm32f4xx_hal_can.o(i.HAL_CAN_Sleep) refers to stm32f4xx_hal.o(i.HAL_GetTick) for HAL_GetTick
    stm32f4xx_hal_can.o(i.HAL_CAN_Transmit) refers to stm32f4xx_hal.o(i.HAL_GetTick) for HAL_GetTick
    stm32f4xx_hal_can.o(i.HAL_CAN_WakeUp) refers to stm32f4xx_hal.o(i.HAL_GetTick) for HAL_GetTick
    stm32f4xx_hal_gpio.o(i.HAL_GPIO_EXTI_IRQHandler) refers to stm32f4xx_hal_gpio.o(i.HAL_GPIO_EXTI_Callback) for HAL_GPIO_EXTI_Callback
    stm32f4xx_hal_flash.o(i.FLASH_SetErrorCode) refers to stm32f4xx_hal_flash.o(.bss) for pFlash
    stm32f4xx_hal_flash.o(i.FLASH_WaitForLastOperation) refers to stm32f4xx_hal.o(i.HAL_GetTick) for HAL_GetTick
    stm32f4xx_hal_flash.o(i.FLASH_WaitForLastOperation) refers to stm32f4xx_hal_flash.o(i.FLASH_SetErrorCode) for FLASH_SetErrorCode
    stm32f4xx_hal_flash.o(i.FLASH_WaitForLastOperation) refers to stm32f4xx_hal_flash.o(.bss) for pFlash
    stm32f4xx_hal_flash.o(i.HAL_FLASH_GetError) refers to stm32f4xx_hal_flash.o(.bss) for pFlash
    stm32f4xx_hal_flash.o(i.HAL_FLASH_IRQHandler) refers to stm32f4xx_hal_flash.o(i.FLASH_SetErrorCode) for FLASH_SetErrorCode
    stm32f4xx_hal_flash.o(i.HAL_FLASH_IRQHandler) refers to stm32f4xx_hal_flash.o(i.HAL_FLASH_OperationErrorCallback) for HAL_FLASH_OperationErrorCallback
    stm32f4xx_hal_flash.o(i.HAL_FLASH_IRQHandler) refers to stm32f4xx_hal_flash.o(i.HAL_FLASH_EndOfOperationCallback) for HAL_FLASH_EndOfOperationCallback
    stm32f4xx_hal_flash.o(i.HAL_FLASH_IRQHandler) refers to stm32f4xx_hal_flash_ex.o(i.FLASH_Erase_Sector) for FLASH_Erase_Sector
    stm32f4xx_hal_flash.o(i.HAL_FLASH_IRQHandler) refers to stm32f4xx_hal_flash_ex.o(i.FLASH_FlushCaches) for FLASH_FlushCaches
    stm32f4xx_hal_flash.o(i.HAL_FLASH_IRQHandler) refers to stm32f4xx_hal_flash.o(.bss) for pFlash
    stm32f4xx_hal_flash.o(i.HAL_FLASH_OB_Launch) refers to stm32f4xx_hal_flash.o(i.FLASH_WaitForLastOperation) for FLASH_WaitForLastOperation
    stm32f4xx_hal_flash.o(i.HAL_FLASH_Program) refers to stm32f4xx_hal_flash.o(i.FLASH_WaitForLastOperation) for FLASH_WaitForLastOperation
    stm32f4xx_hal_flash.o(i.HAL_FLASH_Program) refers to stm32f4xx_hal_flash.o(i.FLASH_Program_Byte) for FLASH_Program_Byte
    stm32f4xx_hal_flash.o(i.HAL_FLASH_Program) refers to stm32f4xx_hal_flash.o(i.FLASH_Program_HalfWord) for FLASH_Program_HalfWord
    stm32f4xx_hal_flash.o(i.HAL_FLASH_Program) refers to stm32f4xx_hal_flash.o(i.FLASH_Program_Word) for FLASH_Program_Word
    stm32f4xx_hal_flash.o(i.HAL_FLASH_Program) refers to stm32f4xx_hal_flash.o(i.FLASH_Program_DoubleWord) for FLASH_Program_DoubleWord
    stm32f4xx_hal_flash.o(i.HAL_FLASH_Program) refers to stm32f4xx_hal_flash.o(.bss) for pFlash
    stm32f4xx_hal_flash.o(i.HAL_FLASH_Program_IT) refers to stm32f4xx_hal_flash.o(i.FLASH_Program_Byte) for FLASH_Program_Byte
    stm32f4xx_hal_flash.o(i.HAL_FLASH_Program_IT) refers to stm32f4xx_hal_flash.o(i.FLASH_Program_HalfWord) for FLASH_Program_HalfWord
    stm32f4xx_hal_flash.o(i.HAL_FLASH_Program_IT) refers to stm32f4xx_hal_flash.o(i.FLASH_Program_Word) for FLASH_Program_Word
    stm32f4xx_hal_flash.o(i.HAL_FLASH_Program_IT) refers to stm32f4xx_hal_flash.o(i.FLASH_Program_DoubleWord) for FLASH_Program_DoubleWord
    stm32f4xx_hal_flash.o(i.HAL_FLASH_Program_IT) refers to stm32f4xx_hal_flash.o(.bss) for pFlash
    stm32f4xx_hal_flash_ex.o(i.FLASH_OB_BootConfig) refers to stm32f4xx_hal_flash.o(i.FLASH_WaitForLastOperation) for FLASH_WaitForLastOperation
    stm32f4xx_hal_flash_ex.o(i.FLASH_OB_DisablePCROP) refers to stm32f4xx_hal_flash.o(i.FLASH_WaitForLastOperation) for FLASH_WaitForLastOperation
    stm32f4xx_hal_flash_ex.o(i.FLASH_OB_DisableWRP) refers to stm32f4xx_hal_flash.o(i.FLASH_WaitForLastOperation) for FLASH_WaitForLastOperation
[...]
    Removing pid.o(.revsh_text), (4 bytes).
    Removing pid.o(.rrx_text), (6 bytes).
    Removing pid.o(.bss), (500 bytes).
    Removing ps2.o(.rev16_text), (4 bytes).
    Removing ps2.o(.revsh_text), (4 bytes).
    Removing ps2.o(.rrx_text), (6 bytes).
    Removing bsp_ir8.o(.rev16_text), (4 bytes).
    Removing bsp_ir8.o(.revsh_text), (4 bytes).
    Removing bsp_ir8.o(.rrx_text), (6 bytes).
    Removing line_follow.o(.rev16_text), (4 bytes).
    Removing line_follow.o(.revsh_text), (4 bytes).
    Removing line_follow.o(.rrx_text), (6 bytes).
    Removing main.o(.rev16_text), (4 bytes).
    Removing main.o(.revsh_text), (4 bytes).
    Removing main.o(.rrx_text), (6 bytes).
    Removing stm32f4xx_hal_msp.o(.rev16_text), (4 bytes).
    Removing stm32f4xx_hal_msp.o(.revsh_text), (4 bytes).
    Removing stm32f4xx_hal_msp.o(.rrx_text), (6 bytes).
    Removing usart.o(.rev16_text), (4 bytes).
    Removing usart.o(.revsh_text), (4 bytes).
    Removing usart.o(.rrx_text), (6 bytes).
    Removing usart.o(i.HAL_UART_MspDeInit), (60 bytes).
    Removing usart.o(i.HAL_UART_Receive_IT_IDLE), (32 bytes).
    Removing usart.o(i.UART_Receive_DMA_NoIT), (164 bytes).
    Removing stm32f4xx_hal_timebase_tim.o(.rev16_text), (4 bytes).
    Removing stm32f4xx_hal_timebase_tim.o(.revsh_text), (4 bytes).
    Removing stm32f4xx_hal_timebase_tim.o(.rrx_text), (6 bytes).
    Removing stm32f4xx_hal_timebase_tim.o(i.HAL_ResumeTick), (24 bytes).
    Removing stm32f4xx_hal_timebase_tim.o(i.HAL_SuspendTick), (24 bytes).
    Removing stm32f4xx_hal_timebase_tim.o(.data), (4 bytes).
    Removing gpio.o(.rev16_text), (4 bytes).
    Removing gpio.o(.revsh_text), (4 bytes).
    Removing gpio.o(.rrx_text), (6 bytes).
    Removing stm32f4xx_it.o(.rev16_text), (4 bytes).
    Removing stm32f4xx_it.o(.revsh_text), (4 bytes).
    Removing stm32f4xx_it.o(.rrx_text), (6 bytes).
    Removing can.o(.rev16_text), (4 bytes).
    Removing can.o(.revsh_text), (4 bytes).
    Removing can.o(.rrx_text), (6 bytes).
    Removing can.o(i.HAL_CAN_MspDeInit), (60 bytes).
    Removing dma.o(.rev16_text), (4 bytes).
    Removing dma.o(.revsh_text), (4 bytes).
    Removing dma.o(.rrx_text), (6 bytes).
    Removing remote_control.o(.rev16_text), (4 bytes).
    Removing remote_control.o(.revsh_text), (4 bytes).
    Removing remote_control.o(.rrx_text), (6 bytes).
    Removing tim.o(.rev16_text), (4 bytes).
    Removing tim.o(.revsh_text), (4 bytes).
    Removing tim.o(.rrx_text), (6 bytes).
    Removing tim.o(i.HAL_TIM_IC_MspDeInit), (80 bytes).
    Removing tim.o(i.HAL_TIM_PWM_MspInit), (120 bytes).
    Removing tim.o(i.MX_TIM2_Init), (104 bytes).
    Removing tim.o(i.servo_tim4_glitch_check), (132 bytes).

491 unused section(s) (total 44798 bytes) removed from the image.

==============================================================================

Image Symbol Table

    Local Symbols

    Symbol Name                              Value     Ov Type        Size  Object(Section)

    ../Drivers/STM32F4xx_HAL_Driver/Src/stm32f4xx_hal.c 0x00000000   Number         0  stm32f4xx_hal.o ABSOLUTE
    ../Drivers/STM32F4xx_HAL_Driver/Src/stm32f4xx_hal_can.c 0x00000000   Number         0  stm32f4xx_hal_can.o ABSOLUTE
    ../Drivers/STM32F4xx_HAL_Driver/Src/stm32f4xx_hal_cortex.c 0x00000000   Number         0  stm32f4xx_hal_cortex.o ABSOLUTE
    ../Drivers/STM32F4xx_HAL_Driver/Src/stm32f4xx_hal_dma.c 0x00000000   Number         0  stm32f4xx_hal_dma.o ABSOLUTE
    ../Drivers/STM32F4xx_HAL_Driver/Src/stm32f4xx_hal_dma_ex.c 0x00000000   Number         0  stm32f4xx_hal_dma_ex.o ABSOLUTE
    ../Drivers/STM32F4xx_HAL_Driver/Src/stm32f4xx_hal_flash.c 0x00000000   Number         0  stm32f4xx_hal_flash.o ABSOLUTE
    ../Drivers/STM32F4xx_HAL_Driver/Src/stm32f4xx_hal_flash_ex.c 0x00000000   Number         0  stm32f4xx_hal_flash_ex.o ABSOLUTE
    ../Drivers/STM32F4xx_HAL_Driver/Src/stm32f4xx_hal_flash_ramfunc.c 0x00000000   Number         0  stm32f4xx_hal_flash_ramfunc.o ABSOLUTE
    ../Drivers/STM32F4xx_HAL_Driver/Src/stm32f4xx_hal_gpio.c 0x00000000   Number         0  stm32f4xx_hal_gpio.o ABSOLUTE
    ../Drivers/STM32F4xx_HAL_Driver/Src/stm32f4xx_hal_pwr.c 0x00000000   Number         0  stm32f4xx_hal_pwr.o ABSOLUTE
    ../Drivers/STM32F4xx_HAL_Driver/Src/stm32f4xx_hal_pwr_ex.c 0x00000000   Number         0  stm32f4xx_hal_pwr_ex.o ABSOLUTE
    ../Drivers/STM32F4xx_HAL_Driver/Src/stm32f4xx_hal_rcc.c 0x00000000   Number         0  stm32f4xx_hal_rcc.o ABSOLUTE
    ../Drivers/STM32F4xx_HAL_Driver/Src/stm32f4xx_hal_rcc_ex.c 0x00000000   Number         0  stm32f4xx_hal_rcc_ex.o ABSOLUTE
    ../Drivers/STM32F4xx_HAL_Driver/Src/stm32f4xx_hal_tim.c 0x00000000   Number         0  stm32f4xx_hal_tim.o ABSOLUTE
    ../Drivers/STM32F4xx_HAL_Driver/Src/stm32f4xx_hal_tim_ex.c 0x00000000   Number         0  stm32f4xx_hal_tim_ex.o ABSOLUTE
    ../Drivers/STM32F4xx_HAL_Driver/Src/stm32f4xx_hal_uart.c 0x00000000   Number         0  stm32f4xx_hal_uart.o ABSOLUTE
    ../Src/can.c                             0x00000000   Number         0  can.o ABSOLUTE
    ../Src/dma.c                             0x00000000   Number         0  dma.o ABSOLUTE
    ../Src/gpio.c                            0x00000000   Number         0  gpio.o ABSOLUTE
    ../Src/main.c                            0x00000000   Number         0  main.o ABSOLUTE
    ../Src/stm32f4xx_hal_msp.c               0x00000000   Number         0  stm32f4xx_hal_msp.o ABSOLUTE
    ../Src/stm32f4xx_hal_timebase_TIM.c      0x00000000   Number         0  stm32f4xx_hal_timebase_tim.o ABSOLUTE
    ../Src/stm32f4xx_it.c                    0x00000000   Number         0  stm32f4xx_it.o ABSOLUTE
    ../Src/system_stm32f4xx.c                0x00000000   Number         0  system_stm32f4xx.o ABSOLUTE
    ../Src/tim.c                             0x00000000   Number         0  tim.o ABSOLUTE
    ../Src/usart.c                           0x00000000   Number         0  usart.o ABSOLUTE
    ../clib/microlib/division.c              0x00000000   Number         0  uldiv.o ABSOLUTE
    ../clib/microlib/init/entry.s            0x00000000   Number         0  entry8b.o ABSOLUTE
    ../clib/microlib/init/entry.s            0x00000000   Number         0  entry8a.o ABSOLUTE
    ../clib/microlib/init/entry.s            0x00000000   Number         0  entry5.o ABSOLUTE
    ../clib/microlib/init/entry.s            0x00000000   Number         0  entry12b.o ABSOLUTE
    ../clib/microlib/init/entry.s            0x00000000   Number         0  entry7a.o ABSOLUTE
    ../clib/microlib/init/entry.s            0x00000000   Number         0  entry11b.o ABSOLUTE
    ../clib/microlib/init/entry.s            0x00000000   Number         0  entry9b.o ABSOLUTE
    ../clib/microlib/init/entry.s            0x00000000   Number         0  entry10b.o ABSOLUTE
    ../clib/microlib/init/entry.s            0x00000000   Number         0  entry7b.o ABSOLUTE
    ../clib/microlib/init/entry.s            0x00000000   Number         0  entry12a.o ABSOLUTE
    ../clib/microlib/init/entry.s            0x00000000   Number         0  entry10a.o ABSOLUTE
    ../clib/microlib/init/entry.s            0x00000000   Number         0  entry.o ABSOLUTE
    ../clib/microlib/init/entry.s            0x00000000   Number         0  entry9a.o ABSOLUTE
    ../clib/microlib/init/entry.s            0x00000000   Number         0  entry11a.o ABSOLUTE
    ../clib/microlib/init/entry.s            0x00000000   Number         0  entry2.o ABSOLUTE
    ../clib/microlib/longlong.c              0x00000000   Number         0  llushr.o ABSOLUTE
    ../clib/microlib/longlong.c              0x00000000   Number         0  llshl.o ABSOLUTE
    ../clib/microlib/string/memset.c         0x00000000   Number         0  memseta.o ABSOLUTE
    ..\Drivers\STM32F4xx_HAL_Driver\Src\stm32f4xx_hal.c 0x00000000   Number         0  stm32f4xx_hal.o ABSOLUTE
    ..\Drivers\STM32F4xx_HAL_Driver\Src\stm32f4xx_hal_can.c 0x00000000   Number         0  stm32f4xx_hal_can.o ABSOLUTE
    ..\Drivers\STM32F4xx_HAL_Driver\Src\stm32f4xx_hal_cortex.c 0x00000000   Number         0  stm32f4xx_hal_cortex.o ABSOLUTE
    ..\Drivers\STM32F4xx_HAL_Driver\Src\stm32f4xx_hal_dma.c 0x00000000   Number         0  stm32f4xx_hal_dma.o ABSOLUTE
    ..\Drivers\STM32F4xx_HAL_Driver\Src\stm32f4xx_hal_dma_ex.c 0x00000000   Number         0  stm32f4xx_hal_dma_ex.o ABSOLUTE
    ..\Drivers\STM32F4xx_HAL_Driver\Src\stm32f4xx_hal_flash.c 0x00000000   Number         0  stm32f4xx_hal_flash.o ABSOLUTE
    ..\Drivers\STM32F4xx_HAL_Driver\Src\stm32f4xx_hal_flash_ex.c 0x00000000   Number         0  stm32f4xx_hal_flash_ex.o ABSOLUTE
    ..\Drivers\STM32F4xx_HAL_Driver\Src\stm32f4xx_hal_flash_ramfunc.c 0x00000000   Number         0  stm32f4xx_hal_flash_ramfunc.o ABSOLUTE
    ..\Drivers\STM32F4xx_HAL_Driver\Src\stm32f4xx_hal_gpio.c 0x00000000   Number         0  stm32f4xx_hal_gpio.o ABSOLUTE
    ..\Drivers\STM32F4xx_HAL_Driver\Src\stm32f4xx_hal_i2c.c 0x00000000   Number         0  stm32f4xx_hal_i2c.o ABSOLUTE
    ..\Drivers\STM32F4xx_HAL_Driver\Src\stm32f4xx_hal_pwr.c 0x00000000   Number         0  stm32f4xx_hal_pwr.o ABSOLUTE
    ..\Drivers\STM32F4xx_HAL_Driver\Src\stm32f4xx_hal_pwr_ex.c 0x00000000   Number         0  stm32f4xx_hal_pwr_ex.o ABSOLUTE
    ..\Drivers\STM32F4xx_HAL_Driver\Src\stm32f4xx_hal_rcc.c 0x00000000   Number         0  stm32f4xx_hal_rcc.o ABSOLUTE
    ..\Drivers\STM32F4xx_HAL_Driver\Src\stm32f4xx_hal_rcc_ex.c 0x00000000   Number         0  stm32f4xx_hal_rcc_ex.o ABSOLUTE
    ..\Drivers\STM32F4xx_HAL_Driver\Src\stm32f4xx_hal_tim.c 0x00000000   Number         0  stm32f4xx_hal_tim.o ABSOLUTE
    ..\Drivers\STM32F4xx_HAL_Driver\Src\stm32f4xx_hal_tim_ex.c 0x00000000   Number         0  stm32f4xx_hal_tim_ex.o ABSOLUTE
    ..\Drivers\STM32F4xx_HAL_Driver\Src\stm32f4xx_hal_uart.c 0x00000000   Number         0  stm32f4xx_hal_uart.o ABSOLUTE
    ..\Src\Remote_Control.c                  0x00000000   Number         0  remote_control.o ABSOLUTE
    ..\Src\can.c                             0x00000000   Number         0  can.o ABSOLUTE
    ..\Src\dma.c                             0x00000000   Number         0  dma.o ABSOLUTE
    ..\Src\gpio.c                            0x00000000   Number         0  gpio.o ABSOLUTE
    ..\Src\main.c                            0x00000000   Number         0  main.o ABSOLUTE
    ..\Src\stm32f4xx_hal_msp.c               0x00000000   Number         0  stm32f4xx_hal_msp.o ABSOLUTE
    ..\Src\stm32f4xx_hal_timebase_TIM.c      0x00000000   Number         0  stm32f4xx_hal_timebase_tim.o ABSOLUTE
    ..\Src\stm32f4xx_it.c                    0x00000000   Number         0  stm32f4xx_it.o ABSOLUTE
    ..\Src\system_stm32f4xx.c                0x00000000   Number         0  system_stm32f4xx.o ABSOLUTE
    ..\Src\tim.c                             0x00000000   Number         0  tim.o ABSOLUTE
    ..\Src\usart.c                           0x00000000   Number         0  usart.o ABSOLUTE
    ..\\Drivers\\STM32F4xx_HAL_Driver\\Src\\stm32f4xx_hal_i2c.c 0x00000000   Number         0  stm32f4xx_hal_i2c.o ABSOLUTE
    ..\\Src\\Remote_Control.c                0x00000000   Number         0  remote_control.o ABSOLUTE
    bsp\\bsp_can.c                           0x00000000   Number         0  bsp_can.o ABSOLUTE
    bsp\\bsp_ir8.c                           0x00000000   Number         0  bsp_ir8.o ABSOLUTE
    bsp\\line_follow.c                       0x00000000   Number         0  line_follow.o ABSOLUTE
    bsp\\pid.c                               0x00000000   Number         0  pid.o ABSOLUTE
    bsp\\ps2.c                               0x00000000   Number         0  ps2.o ABSOLUTE
    bsp\bsp_can.c                            0x00000000   Number         0  bsp_can.o ABSOLUTE
    bsp\bsp_ir8.c                            0x00000000   Number         0  bsp_ir8.o ABSOLUTE
    bsp\line_follow.c                        0x00000000   Number         0  line_follow.o ABSOLUTE
    bsp\pid.c                                0x00000000   Number         0  pid.o ABSOLUTE
    bsp\ps2.c                                0x00000000   Number         0  ps2.o ABSOLUTE
    dc.s                                     0x00000000   Number         0  dc.o ABSOLUTE
    handlers.s                               0x00000000   Number         0  handlers.o ABSOLUTE
    init.s                                   0x00000000   Number         0  init.o ABSOLUTE
    startup_stm32f427xx.s                    0x00000000   Number         0  startup_stm32f427xx.o ABSOLUTE
    RESET                                    0x08000000   Section      428  startup_stm32f427xx.o(RESET)
    .ARM.Collect$$$$00000000                 0x080001ac   Section        0  entry.o(.ARM.Collect$$$$00000000)
    .ARM.Collect$$$$00000001                 0x080001ac   Section        4  entry2.o(.ARM.Collect$$$$00000001)
    .ARM.Collect$$$$00000004                 0x080001b0   Section        4  entry5.o(.ARM.Collect$$$$00000004)
    .ARM.Collect$$$$00000008                 0x080001b4   Section        0  entry7b.o(.ARM.Collect$$$$00000008)
    .ARM.Collect$$$$0000000A                 0x080001b4   Section        0  entry8b.o(.ARM.Collect$$$$0000000A)
    .ARM.Collect$$$$0000000B                 0x080001b4   Section        8  entry9a.o(.ARM.Collect$$$$0000000B)
    .ARM.Collect$$$$0000000E                 0x080001bc   Section        4  entry12b.o(.ARM.Collect$$$$0000000E)
    .ARM.Collect$$$$0000000F                 0x080001c0   Section        0  entry10a.o(.ARM.Collect$$$$0000000F)
    .ARM.Collect$$$$00000011                 0x080001c0   Section        0  entry11a.o(.ARM.Collect$$$$00000011)
    .ARM.Collect$$$$00002712                 0x080001c0   Section        4  entry2.o(.ARM.Collect$$$$00002712)
    __lit__00000000                          0x080001c0   Data           4  entry2.o(.ARM.Collect$$$$00002712)
    .text                                    0x080001c4   Section       36  startup_stm32f427xx.o(.text)
    $v0                                      0x080001c4   Number         0  startup_stm32f427xx.o(.text)
    .text                                    0x080001e8   Section        0  uldiv.o(.text)
    .text                                    0x0800024a   Section        0  memseta.o(.text)
    .text                                    0x0800026e   Section        0  llshl.o(.text)
    .text                                    0x0800028c   Section        0  llushr.o(.text)
    .text                                    0x080002ac   Section       36  init.o(.text)
    i.BusFault_Handler                       0x080002d0   Section        0  stm32f4xx_it.o(i.BusFault_Handler)
    i.CAN1_RX0_IRQHandler                    0x080002d4   Section        0  stm32f4xx_it.o(i.CAN1_RX0_IRQHandler)
    i.CAN1_TX_IRQHandler                     0x080002e4   Section        0  stm32f4xx_it.o(i.CAN1_TX_IRQHandler)
    i.CAN_Receive_IT                         0x080002f4   Section        0  stm32f4xx_hal_can.o(i.CAN_Receive_IT)
    CAN_Receive_IT                           0x080002f5   Thumb Code   450  stm32f4xx_hal_can.o(i.CAN_Receive_IT)
    i.CAN_Transmit_IT                        0x080004b6   Section        0  stm32f4xx_hal_can.o(i.CAN_Transmit_IT)
    CAN_Transmit_IT                          0x080004b7   Thumb Code    98  stm32f4xx_hal_can.o(i.CAN_Transmit_IT)
    i.Callback_RC_Handle                     0x08000518   Section        0  remote_control.o(i.Callback_RC_Handle)
    i.DMA2_Stream2_IRQHandler                0x08000608   Section        0  stm32f4xx_it.o(i.DMA2_Stream2_IRQHandler)
    i.DMA2_Stream6_IRQHandler                0x08000618   Section        0  stm32f4xx_it.o(i.DMA2_Stream6_IRQHandler)
    i.DMA_CalcBaseAndBitshift                0x08000628   Section        0  stm32f4xx_hal_dma.o(i.DMA_CalcBaseAndBitshift)
    DMA_CalcBaseAndBitshift                  0x08000629   Thumb Code    46  stm32f4xx_hal_dma.o(i.DMA_CalcBaseAndBitshift)
    i.DMA_CheckFifoParam                     0x0800065c   Section        0  stm32f4xx_hal_dma.o(i.DMA_CheckFifoParam)
    DMA_CheckFifoParam                       0x0800065d   Thumb Code   170  stm32f4xx_hal_dma.o(i.DMA_CheckFifoParam)
    i.DebugMon_Handler                       0x08000706   Section        0  stm32f4xx_it.o(i.DebugMon_Handler)
    i.HAL_CAN_ConfigFilter                   0x08000708   Section        0  stm32f4xx_hal_can.o(i.HAL_CAN_ConfigFilter)
    i.HAL_CAN_ErrorCallback                  0x08000810   Section        0  can.o(i.HAL_CAN_ErrorCallback)
    i.HAL_CAN_IRQHandler                     0x08000868   Section        0  stm32f4xx_hal_can.o(i.HAL_CAN_IRQHandler)
    i.HAL_CAN_Init                           0x08000abc   Section        0  stm32f4xx_hal_can.o(i.HAL_CAN_Init)
    i.HAL_CAN_MspInit                        0x08000c78   Section        0  can.o(i.HAL_CAN_MspInit)
    i.HAL_CAN_Receive_IT                     0x08000cf4   Section        0  stm32f4xx_hal_can.o(i.HAL_CAN_Receive_IT)
    i.HAL_CAN_RxCpltCallback                 0x08000e00   Section        0  bsp_can.o(i.HAL_CAN_RxCpltCallback)
    i.HAL_CAN_Transmit                       0x08000e8c   Section        0  stm32f4xx_hal_can.o(i.HAL_CAN_Transmit)
    i.HAL_CAN_TxCpltCallback                 0x08001144   Section        0  stm32f4xx_hal_can.o(i.HAL_CAN_TxCpltCallback)
    i.HAL_DMA_IRQHandler                     0x08001148   Section        0  stm32f4xx_hal_dma.o(i.HAL_DMA_IRQHandler)
    i.HAL_DMA_Init                           0x08001388   Section        0  stm32f4xx_hal_dma.o(i.HAL_DMA_Init)
    i.HAL_GPIO_Init                          0x08001474   Section        0  stm32f4xx_hal_gpio.o(i.HAL_GPIO_Init)
    i.HAL_GPIO_TogglePin                     0x08001690   Section        0  stm32f4xx_hal_gpio.o(i.HAL_GPIO_TogglePin)
    i.HAL_GPIO_WritePin                      0x08001698   Section        0  stm32f4xx_hal_gpio.o(i.HAL_GPIO_WritePin)
    i.HAL_GetTick                            0x080016a4   Section        0  stm32f4xx_hal.o(i.HAL_GetTick)
    i.HAL_I2C_Init                           0x080016b0   Section        0  stm32f4xx_hal_i2c.o(i.HAL_I2C_Init)
    i.HAL_I2C_Mem_Read                       0x080017d8   Section        0  stm32f4xx_hal_i2c.o(i.HAL_I2C_Mem_Read)
    i.HAL_I2C_MspInit                        0x08001b00   Section        0  stm32f4xx_hal_i2c.o(i.HAL_I2C_MspInit)
    i.HAL_IncTick                            0x08001b04   Section        0  stm32f4xx_hal.o(i.HAL_IncTick)
    i.HAL_Init                               0x08001b14   Section        0  stm32f4xx_hal.o(i.HAL_Init)
    i.HAL_InitTick                           0x08001b50   Section        0  stm32f4xx_hal_timebase_tim.o(i.HAL_InitTick)
    i.HAL_MspInit                            0x08001bdc   Section        0  stm32f4xx_hal_msp.o(i.HAL_MspInit)
    i.HAL_NVIC_EnableIRQ                     0x08001c32   Section        0  stm32f4xx_hal_cortex.o(i.HAL_NVIC_EnableIRQ)
    i.HAL_NVIC_SetPriority                   0x08001c4c   Section        0  stm32f4xx_hal_cortex.o(i.HAL_NVIC_SetPriority)
    i.HAL_NVIC_SetPriorityGrouping           0x08001cc8   Section        0  stm32f4xx_hal_cortex.o(i.HAL_NVIC_SetPriorityGrouping)
    i.HAL_RCC_ClockConfig                    0x08001cf0   Section        0  stm32f4xx_hal_rcc.o(i.HAL_RCC_ClockConfig)
    i.HAL_RCC_GetClockConfig                 0x08001e70   Section        0  stm32f4xx_hal_rcc.o(i.HAL_RCC_GetClockConfig)
    i.HAL_RCC_GetHCLKFreq                    0x08001eb4   Section        0  stm32f4xx_hal_rcc.o(i.HAL_RCC_GetHCLKFreq)
    i.HAL_RCC_GetPCLK1Freq                   0x08001ec0   Section        0  stm32f4xx_hal_rcc.o(i.HAL_RCC_GetPCLK1Freq)
    i.HAL_RCC_GetPCLK2Freq                   0x08001ee0   Section        0  stm32f4xx_hal_rcc.o(i.HAL_RCC_GetPCLK2Freq)
    i.HAL_RCC_GetSysClockFreq                0x08001f00   Section        0  stm32f4xx_hal_rcc.o(i.HAL_RCC_GetSysClockFreq)
    i.HAL_RCC_OscConfig                      0x08001fb0   Section        0  stm32f4xx_hal_rcc.o(i.HAL_RCC_OscConfig)
    i.HAL_SYSTICK_CLKSourceConfig            0x080023c0   Section        0  stm32f4xx_hal_cortex.o(i.HAL_SYSTICK_CLKSourceConfig)
    i.HAL_SYSTICK_Callback                   0x080023e8   Section        0  stm32f4xx_hal_cortex.o(i.HAL_SYSTICK_Callback)
    i.HAL_SYSTICK_Config                     0x080023ea   Section        0  stm32f4xx_hal_cortex.o(i.HAL_SYSTICK_Config)
    i.HAL_SYSTICK_IRQHandler                 0x0800241e   Section        0  stm32f4xx_hal_cortex.o(i.HAL_SYSTICK_IRQHandler)
    i.HAL_TIMEx_BreakCallback                0x08002426   Section        0  stm32f4xx_hal_tim_ex.o(i.HAL_TIMEx_BreakCallback)
    i.HAL_TIMEx_CommutationCallback          0x08002428   Section        0  stm32f4xx_hal_tim_ex.o(i.HAL_TIMEx_CommutationCallback)
    i.HAL_TIMEx_MasterConfigSynchronization  0x0800242a   Section        0  stm32f4xx_hal_tim_ex.o(i.HAL_TIMEx_MasterConfigSynchronization)
    i.HAL_TIM_Base_Init                      0x0800248c   Section        0  stm32f4xx_hal_tim.o(i.HAL_TIM_Base_Init)
    i.HAL_TIM_Base_MspInit                   0x080024c0   Section        0  tim.o(i.HAL_TIM_Base_MspInit)
    i.HAL_TIM_Base_Start_IT                  0x08002544   Section        0  stm32f4xx_hal_tim.o(i.HAL_TIM_Base_Start_IT)
    i.HAL_TIM_Base_Stop_IT                   0x08002562   Section        0  stm32f4xx_hal_tim.o(i.HAL_TIM_Base_Stop_IT)
    i.HAL_TIM_ConfigClockSource              0x0800259a   Section        0  stm32f4xx_hal_tim.o(i.HAL_TIM_ConfigClockSource)
    i.HAL_TIM_IC_CaptureCallback             0x080026cc   Section        0  remote_control.o(i.HAL_TIM_IC_CaptureCallback)
    i.HAL_TIM_IC_ConfigChannel               0x08002760   Section        0  stm32f4xx_hal_tim.o(i.HAL_TIM_IC_ConfigChannel)
    i.HAL_TIM_IC_Init                        0x08002840   Section        0  stm32f4xx_hal_tim.o(i.HAL_TIM_IC_Init)
    i.HAL_TIM_IC_MspInit                     0x08002874   Section        0  tim.o(i.HAL_TIM_IC_MspInit)
    i.HAL_TIM_IRQHandler                     0x08002958   Section        0  stm32f4xx_hal_tim.o(i.HAL_TIM_IRQHandler)
    i.HAL_TIM_OC_ConfigChannel               0x08002aee   Section        0  stm32f4xx_hal_tim.o(i.HAL_TIM_OC_ConfigChannel)
    i.HAL_TIM_OC_DelayElapsedCallback        0x08002b62   Section        0  main.o(i.HAL_TIM_OC_DelayElapsedCallback)
    i.HAL_TIM_OC_Start_IT                    0x08002b70   Section        0  stm32f4xx_hal_tim.o(i.HAL_TIM_OC_Start_IT)
    i.HAL_TIM_PWM_PulseFinishedCallback      0x08002c08   Section        0  stm32f4xx_hal_tim.o(i.HAL_TIM_PWM_PulseFinishedCallback)
    i.HAL_TIM_PeriodElapsedCallback          0x08002c0c   Section        0  main.o(i.HAL_TIM_PeriodElapsedCallback)
    i.HAL_TIM_TriggerCallback                0x08002c98   Section        0  stm32f4xx_hal_tim.o(i.HAL_TIM_TriggerCallback)
    i.HAL_UART_IDLE_IRQHandler               0x08002c9c   Section        0  usart.o(i.HAL_UART_IDLE_IRQHandler)
    i.HAL_UART_Init                          0x08002e04   Section        0  stm32f4xx_hal_uart.o(i.HAL_UART_Init)
    i.HAL_UART_MspInit                       0x08002e78   Section        0  usart.o(i.HAL_UART_MspInit)
    i.HardFault_Handler                      0x08002f38   Section        0  stm32f4xx_it.o(i.HardFault_Handler)
    i.I2C_IsAcknowledgeFailed                0x08002f3c   Section        0  stm32f4xx_hal_i2c.o(i.I2C_IsAcknowledgeFailed)
    I2C_IsAcknowledgeFailed                  0x08002f3d   Thumb Code    52  stm32f4xx_hal_i2c.o(i.I2C_IsAcknowledgeFailed)
    i.I2C_RequestMemoryRead                  0x08002f70   Section        0  stm32f4xx_hal_i2c.o(i.I2C_RequestMemoryRead)
    I2C_RequestMemoryRead                    0x08002f71   Thumb Code   340  stm32f4xx_hal_i2c.o(i.I2C_RequestMemoryRead)
    i.I2C_WaitOnFlagUntilTimeout             0x080030c8   Section        0  stm32f4xx_hal_i2c.o(i.I2C_WaitOnFlagUntilTimeout)
    I2C_WaitOnFlagUntilTimeout               0x080030c9   Thumb Code   124  stm32f4xx_hal_i2c.o(i.I2C_WaitOnFlagUntilTimeout)
    i.I2C_WaitOnMasterAddressFlagUntilTimeout 0x08003144   Section        0  stm32f4xx_hal_i2c.o(i.I2C_WaitOnMasterAddressFlagUntilTimeout)
    I2C_WaitOnMasterAddressFlagUntilTimeout  0x08003145   Thumb Code   172  stm32f4xx_hal_i2c.o(i.I2C_WaitOnMasterAddressFlagUntilTimeout)
    i.I2C_WaitOnRXNEFlagUntilTimeout         0x080031f0   Section        0  stm32f4xx_hal_i2c.o(i.I2C_WaitOnRXNEFlagUntilTimeout)
    I2C_WaitOnRXNEFlagUntilTimeout           0x080031f1   Thumb Code   110  stm32f4xx_hal_i2c.o(i.I2C_WaitOnRXNEFlagUntilTimeout)
    i.I2C_WaitOnTXEFlagUntilTimeout          0x0800325e   Section        0  stm32f4xx_hal_i2c.o(i.I2C_WaitOnTXEFlagUntilTimeout)
    I2C_WaitOnTXEFlagUntilTimeout            0x0800325f   Thumb Code    86  stm32f4xx_hal_i2c.o(i.I2C_WaitOnTXEFlagUntilTimeout)
    i.IR8_Init                               0x080032b4   Section        0  bsp_ir8.o(i.IR8_Init)
    i.IR8_Read                               0x08003360   Section        0  bsp_ir8.o(i.IR8_Read)
    i.MX_CAN1_Init                           0x0800338c   Section        0  can.o(i.MX_CAN1_Init)
    i.MX_DMA_Init                            0x080033e8   Section        0  dma.o(i.MX_DMA_Init)
    i.MX_EMAG_GPIO_Init                      0x08003430   Section        0  gpio.o(i.MX_EMAG_GPIO_Init)
    i.MX_GPIO_Init                           0x08003480   Section        0  gpio.o(i.MX_GPIO_Init)
    i.MX_MOTO_GPIO_Init                      0x080035a8   Section        0  gpio.o(i.MX_MOTO_GPIO_Init)
    i.MX_SERVO_GPIO_Init                     0x08003624   Section        0  tim.o(i.MX_SERVO_GPIO_Init)
    i.MX_TIM1_Init                           0x08003678   Section        0  tim.o(i.MX_TIM1_Init)
    i.MX_TIM3_Init                           0x08003748   Section        0  tim.o(i.MX_TIM3_Init)
    i.MX_TIM4_Init                           0x080037b8   Section        0  tim.o(i.MX_TIM4_Init)
    i.MX_USART1_UART_Init                    0x08003844   Section        0  usart.o(i.MX_USART1_UART_Init)
    i.MemManage_Handler                      0x08003894   Section        0  stm32f4xx_it.o(i.MemManage_Handler)
    i.NMI_Handler                            0x08003898   Section        0  stm32f4xx_it.o(i.NMI_Handler)
    i.NVIC_GetPriorityGrouping               0x0800389c   Section        0  stm32f4xx_hal_cortex.o(i.NVIC_GetPriorityGrouping)
    NVIC_GetPriorityGrouping                 0x0800389d   Thumb Code    10  stm32f4xx_hal_cortex.o(i.NVIC_GetPriorityGrouping)
    i.NVIC_SetPriority                       0x080038ac   Section        0  stm32f4xx_hal_cortex.o(i.NVIC_SetPriority)
    NVIC_SetPriority                         0x080038ad   Thumb Code    32  stm32f4xx_hal_cortex.o(i.NVIC_SetPriority)
    i.PendSV_Handler                         0x080038d4   Section        0  stm32f4xx_it.o(i.PendSV_Handler)
    i.SVC_Handler                            0x080038d6   Section        0  stm32f4xx_it.o(i.SVC_Handler)
    i.SysTick_Handler                        0x080038d8   Section        0  stm32f4xx_it.o(i.SysTick_Handler)
    i.SystemClock_Config                     0x080038e0   Section        0  main.o(i.SystemClock_Config)
    i.SystemInit                             0x080039d0   Section        0  system_stm32f4xx.o(i.SystemInit)
    i.TIM3_IRQHandler                        0x08003a34   Section        0  stm32f4xx_it.o(i.TIM3_IRQHandler)
    i.TIM4_IRQHandler                        0x08003a44   Section        0  stm32f4xx_it.o(i.TIM4_IRQHandler)
    i.TIM6_DAC_IRQHandler                    0x08003a54   Section        0  stm32f4xx_it.o(i.TIM6_DAC_IRQHandler)
    i.TIM_Base_SetConfig                     0x08003a64   Section        0  stm32f4xx_hal_tim.o(i.TIM_Base_SetConfig)
    i.TIM_CCxChannelCmd                      0x08003b48   Section        0  stm32f4xx_hal_tim.o(i.TIM_CCxChannelCmd)
    i.TIM_ETR_SetConfig                      0x08003b64   Section        0  stm32f4xx_hal_tim.o(i.TIM_ETR_SetConfig)
    TIM_ETR_SetConfig                        0x08003b65   Thumb Code    24  stm32f4xx_hal_tim.o(i.TIM_ETR_SetConfig)
    i.TIM_ITRx_SetConfig                     0x08003b7c   Section        0  stm32f4xx_hal_tim.o(i.TIM_ITRx_SetConfig)
    TIM_ITRx_SetConfig                       0x08003b7d   Thumb Code    20  stm32f4xx_hal_tim.o(i.TIM_ITRx_SetConfig)
    i.TIM_OC1_SetConfig                      0x08003b90   Section        0  stm32f4xx_hal_tim.o(i.TIM_OC1_SetConfig)
    TIM_OC1_SetConfig                        0x08003b91   Thumb Code   102  stm32f4xx_hal_tim.o(i.TIM_OC1_SetConfig)
    i.TIM_OC2_SetConfig                      0x08003c00   Section        0  stm32f4xx_hal_tim.o(i.TIM_OC2_SetConfig)
    i.TIM_OC3_SetConfig                      0x08003c78   Section        0  stm32f4xx_hal_tim.o(i.TIM_OC3_SetConfig)
    TIM_OC3_SetConfig                        0x08003c79   Thumb Code   110  stm32f4xx_hal_tim.o(i.TIM_OC3_SetConfig)
    i.TIM_OC4_SetConfig                      0x08003cf0   Section        0  stm32f4xx_hal_tim.o(i.TIM_OC4_SetConfig)
    TIM_OC4_SetConfig                        0x08003cf1   Thumb Code    88  stm32f4xx_hal_tim.o(i.TIM_OC4_SetConfig)
    i.TIM_TI1_ConfigInputStage               0x08003d50   Section        0  stm32f4xx_hal_tim.o(i.TIM_TI1_ConfigInputStage)
    TIM_TI1_ConfigInputStage                 0x08003d51   Thumb Code    42  stm32f4xx_hal_tim.o(i.TIM_TI1_ConfigInputStage)
    i.TIM_TI1_SetConfig                      0x08003d7c   Section        0  stm32f4xx_hal_tim.o(i.TIM_TI1_SetConfig)
    i.TIM_TI2_ConfigInputStage               0x08003e14   Section        0  stm32f4xx_hal_tim.o(i.TIM_TI2_ConfigInputStage)
    TIM_TI2_ConfigInputStage                 0x08003e15   Thumb Code    44  stm32f4xx_hal_tim.o(i.TIM_TI2_ConfigInputStage)
    i.TIM_TI2_SetConfig                      0x08003e40   Section        0  stm32f4xx_hal_tim.o(i.TIM_TI2_SetConfig)
    TIM_TI2_SetConfig                        0x08003e41   Thumb Code    62  stm32f4xx_hal_tim.o(i.TIM_TI2_SetConfig)
    i.TIM_TI3_SetConfig                      0x08003e7e   Section        0  stm32f4xx_hal_tim.o(i.TIM_TI3_SetConfig)
    TIM_TI3_SetConfig                        0x08003e7f   Thumb Code    60  stm32f4xx_hal_tim.o(i.TIM_TI3_SetConfig)
    i.TIM_TI4_SetConfig                      0x08003eba   Section        0  stm32f4xx_hal_tim.o(i.TIM_TI4_SetConfig)
    TIM_TI4_SetConfig                        0x08003ebb   Thumb Code    64  stm32f4xx_hal_tim.o(i.TIM_TI4_SetConfig)
    i.UART_SetConfig                         0x08003efc   Section        0  stm32f4xx_hal_uart.o(i.UART_SetConfig)
    UART_SetConfig                           0x08003efd   Thumb Code   864  stm32f4xx_hal_uart.o(i.UART_SetConfig)
    i.USART1_IRQHandler                      0x08004264   Section        0  stm32f4xx_it.o(i.USART1_IRQHandler)
    i.UsageFault_Handler                     0x08004274   Section        0  stm32f4xx_it.o(i.UsageFault_Handler)
    i._Error_Handler                         0x08004278   Section        0  main.o(i._Error_Handler)
    i.__scatterload_copy                     0x0800427c   Section       14  handlers.o(i.__scatterload_copy)
    i.__scatterload_null                     0x0800428a   Section        2  handlers.o(i.__scatterload_null)
    i.__scatterload_zeroinit                 0x0800428c   Section       14  handlers.o(i.__scatterload_zeroinit)
    i.__set_BASEPRI                          0x0800429a   Section        0  ps2.o(i.__set_BASEPRI)
    __set_BASEPRI                            0x0800429b   Thumb Code     8  ps2.o(i.__set_BASEPRI)
    i.clamp_pulse                            0x080042a4   Section        0  tim.o(i.clamp_pulse)
    clamp_pulse                              0x080042a5   Thumb Code    48  tim.o(i.clamp_pulse)
    i.delay_us                               0x080042d8   Section        0  ps2.o(i.delay_us)
    delay_us                                 0x080042d9   Thumb Code    24  ps2.o(i.delay_us)
    i.get_moto_measure                       0x080042f4   Section        0  bsp_can.o(i.get_moto_measure)
    i.lf_is_active                           0x08004368   Section        0  line_follow.o(i.lf_is_active)
    i.lf_start                               0x08004374   Section        0  line_follow.o(i.lf_start)
    i.lf_stop                                0x080043ec   Section        0  line_follow.o(i.lf_stop)
    i.lf_update                              0x08004400   Section        0  line_follow.o(i.lf_update)
    i.main                                   0x0800451c   Section        0  main.o(i.main)
    i.my_can_filter_init_recv_all            0x08004d18   Section        0  bsp_can.o(i.my_can_filter_init_recv_all)
    i.pid_calculate                          0x08004d64   Section        0  pid.o(i.pid_calculate)
    pid_calculate                            0x08004d65   Thumb Code   458  pid.o(i.pid_calculate)
    i.pid_init                               0x08004f34   Section        0  pid.o(i.pid_init)
    i.pid_param_init                         0x08004f50   Section        0  pid.o(i.pid_param_init)
    pid_param_init                           0x08004f51   Thumb Code    88  pid.o(i.pid_param_init)
    i.pid_reset                              0x08004fac   Section        0  pid.o(i.pid_reset)
    pid_reset                                0x08004fad   Thumb Code    14  pid.o(i.pid_reset)
    i.ps2_init                               0x08004fbc   Section        0  ps2.o(i.ps2_init)
    i.ps2_key_pressed                        0x080050dc   Section        0  main.o(i.ps2_key_pressed)
    ps2_key_pressed                          0x080050dd   Thumb Code    46  main.o(i.ps2_key_pressed)
    i.ps2_read                               0x08005110   Section        0  ps2.o(i.ps2_read)
    i.ps2_xfer_byte                          0x080051e0   Section        0  ps2.o(i.ps2_xfer_byte)
    ps2_xfer_byte                            0x080051e1   Thumb Code    96  ps2.o(i.ps2_xfer_byte)
    i.servo_drv_init                         0x08005248   Section        0  tim.o(i.servo_drv_init)
    i.servo_get_pulse                        0x08005258   Section        0  tim.o(i.servo_get_pulse)
    i.servo_set_pulse                        0x08005270   Section        0  tim.o(i.servo_set_pulse)
    i.servo_tim4_oc_match                    0x08005290   Section        0  tim.o(i.servo_tim4_oc_match)
    i.servo_tim4_period_elapsed              0x080052ac   Section        0  tim.o(i.servo_tim4_period_elapsed)
    i.set_moto_current                       0x080052d4   Section        0  bsp_can.o(i.set_moto_current)
    .constdata                               0x08005390   Section        8  stm32f4xx_hal_dma.o(.constdata)
    flagBitshiftOffset                       0x08005390   Data           8  stm32f4xx_hal_dma.o(.constdata)
    .constdata                               0x08005398   Section       24  system_stm32f4xx.o(.constdata)
    .data                                    0x20000000   Section        4  stm32f4xx_hal.o(.data)
    .data                                    0x20000004   Section        4  system_stm32f4xx.o(.data)
    .data                                    0x20000008   Section        5  bsp_can.o(.data)
    i                                        0x2000000c   Data           1  bsp_can.o(.data)
    .data                                    0x20000010   Section       17  line_follow.o(.data)
    lf_active                                0x20000010   Data           1  line_follow.o(.data)
    lf_start_tick                            0x20000014   Data           4  line_follow.o(.data)
    lf_lost_tick                             0x20000018   Data           4  line_follow.o(.data)
    lf_last_pos                              0x2000001c   Data           4  line_follow.o(.data)
    lf_line_lost                             0x20000020   Data           1  line_follow.o(.data)
    .data                                    0x20000024   Section       97  main.o(.data)
    KEY_PHY_UP                               0x20000028   Data           2  main.o(.data)
    KEY_PHY_RIGHT                            0x2000002a   Data           2  main.o(.data)
    KEY_PHY_DOWN                             0x2000002c   Data           2  main.o(.data)
    KEY_PHY_LEFT                             0x2000002e   Data           2  main.o(.data)
    KEY_PHY_L2                               0x20000030   Data           2  main.o(.data)
    KEY_PHY_R2                               0x20000032   Data           2  main.o(.data)
    KEY_PHY_L1                               0x20000034   Data           2  main.o(.data)
    KEY_PHY_R1                               0x20000036   Data           2  main.o(.data)
    KEY_PHY_SQUARE                           0x20000038   Data           2  main.o(.data)
    led1_tick                                0x20000040   Data           4  main.o(.data)
    motor_tick                               0x20000044   Data           4  main.o(.data)
    step_cnt                                 0x20000048   Data           4  main.o(.data)
    pul_state                                0x2000004c   Data           1  main.o(.data)
    stepper_dir                              0x2000004d   Data           1  main.o(.data)
    ps2                                      0x2000004e   Data           7  main.o(.data)
    speed_scale                              0x20000058   Data           4  main.o(.data)
    prev_btn2                                0x2000005c   Data           1  main.o(.data)
    ps2_ok_cnt                               0x20000060   Data           4  main.o(.data)
    ps2_fail_cnt                             0x20000064   Data           4  main.o(.data)
    cal_ok                                   0x20000068   Data           1  main.o(.data)
    cly                                      0x20000069   Data           1  main.o(.data)
    crx                                      0x2000006a   Data           1  main.o(.data)
    relay_on                                 0x2000006b   Data           1  main.o(.data)
    prev_circle_bit                          0x2000006c   Data           1  main.o(.data)
    prev_square_bit                          0x2000006d   Data           1  main.o(.data)
    debounce_left                            0x2000006e   Data           1  main.o(.data)
    debounce_right                           0x2000006f   Data           1  main.o(.data)
    debounce_l2                              0x20000070   Data           1  main.o(.data)
    debounce_r2                              0x20000071   Data           1  main.o(.data)
    debounce_up                              0x20000072   Data           1  main.o(.data)
    debounce_down                            0x20000073   Data           1  main.o(.data)
    ps2_connected                            0x20000074   Data           1  main.o(.data)
    ps2_reinit_tick                          0x20000078   Data           4  main.o(.data)
    stepper_period                           0x2000007c   Data           2  main.o(.data)
    emag_test_tick                           0x20000080   Data           4  main.o(.data)
    emag_test_state                          0x20000084   Data           1  main.o(.data)
    .data                                    0x20000088   Section        8  can.o(.data)
    .data                                    0x20000090   Section       10  remote_control.o(.data)
    .data                                    0x2000009a   Section        4  tim.o(.data)
    servo_pulse                              0x2000009a   Data           4  tim.o(.data)
    .bss                                     0x200000a0   Section      160  bsp_can.o(.bss)
    Tx1Message                               0x20000100   Data          28  bsp_can.o(.bss)
    Rx1Message                               0x2000011c   Data          36  bsp_can.o(.bss)
    .bss                                     0x20000140   Section       84  bsp_ir8.o(.bss)
    hi2c2                                    0x20000140   Data          84  bsp_ir8.o(.bss)
    .bss                                     0x20000194   Section      100  line_follow.o(.bss)
    lf_pid                                   0x20000194   Data         100  line_follow.o(.bss)
    .bss                                     0x200001f8   Section      200  main.o(.bss)
    .bss                                     0x200002c0   Section      260  usart.o(.bss)
    .bss                                     0x200003c4   Section       60  stm32f4xx_hal_timebase_tim.o(.bss)
    .bss                                     0x20000400   Section       68  can.o(.bss)
    .bss                                     0x20000444   Section       20  remote_control.o(.bss)
    .bss                                     0x20000458   Section      336  tim.o(.bss)
    STACK                                    0x200005a8   Section     1024  startup_stm32f427xx.o(STACK)

    Global Symbols

    Symbol Name                              Value     Ov Type        Size  Object(Section)

    BuildAttributes$$THM_ISAv4$E$P$D$K$B$S$7EM$VFPi3$EXTD16$VFPS$VFMA$PE$A:L22UL41UL21$X:L11$S22US41US21$IEEE1$IW$USESV6$~STKCKD$USESV7$~SHL$OSPACE$EBA8$MICROLIB$REQ8$PRES8$EABIv2 0x00000000   Number         0  anon$$obj.o ABSOLUTE
    __ARM_use_no_argv                        0x00000000   Number         0  main.o ABSOLUTE
    __arm_fini_                               - Undefined Weak Reference
    __cpp_initialize__aeabi_                  - Undefined Weak Reference
    __cxa_finalize                            - Undefined Weak Reference
    __decompress                              - Undefined Weak Reference
    _clock_init                               - Undefined Weak Reference
    _microlib_exit                            - Undefined Weak Reference
    __Vectors_Size                           0x000001ac   Number         0  startup_stm32f427xx.o ABSOLUTE
    __Vectors                                0x08000000   Data           4  startup_stm32f427xx.o(RESET)
    __Vectors_End                            0x080001ac   Data           0  startup_stm32f427xx.o(RESET)
    __main                                   0x080001ad   Thumb Code     0  entry.o(.ARM.Collect$$$$00000000)
    _main_stk                                0x080001ad   Thumb Code     0  entry2.o(.ARM.Collect$$$$00000001)
    _main_scatterload                        0x080001b1   Thumb Code     0  entry5.o(.ARM.Collect$$$$00000004)
    __main_after_scatterload                 0x080001b5   Thumb Code     0  entry5.o(.ARM.Collect$$$$00000004)
    _main_clock                              0x080001b5   Thumb Code     0  entry7b.o(.ARM.Collect$$$$00000008)
    _main_cpp_init                           0x080001b5   Thumb Code     0  entry8b.o(.ARM.Collect$$$$0000000A)
    _main_init                               0x080001b5   Thumb Code     0  entry9a.o(.ARM.Collect$$$$0000000B)
    __rt_lib_shutdown_fini                   0x080001bd   Thumb Code     0  entry12b.o(.ARM.Collect$$$$0000000E)
    __rt_final_cpp                           0x080001c1   Thumb Code     0  entry10a.o(.ARM.Collect$$$$0000000F)
    __rt_final_exit                          0x080001c1   Thumb Code     0  entry11a.o(.ARM.Collect$$$$00000011)
    Reset_Handler                            0x080001c5   Thumb Code     8  startup_stm32f427xx.o(.text)
    ADC_IRQHandler                           0x080001df   Thumb Code     0  startup_stm32f427xx.o(.text)
    CAN1_RX1_IRQHandler                      0x080001df   Thumb Code     0  startup_stm32f427xx.o(.text)
    CAN1_SCE_IRQHandler                      0x080001df   Thumb Code     0  startup_stm32f427xx.o(.text)
    CAN2_RX0_IRQHandler                      0x080001df   Thumb Code     0  startup_stm32f427xx.o(.text)
    CAN2_RX1_IRQHandler                      0x080001df   Thumb Code     0  startup_stm32f427xx.o(.text)
    CAN2_SCE_IRQHandler                      0x080001df   Thumb Code     0  startup_stm32f427xx.o(.text)
    CAN2_TX_IRQHandler                       0x080001df   Thumb Code     0  startup_stm32f427xx.o(.text)
    DCMI_IRQHandler                          0x080001df   Thumb Code     0  startup_stm32f427xx.o(.text)
    DMA1_Stream0_IRQHandler                  0x080001df   Thumb Code     0  startup_stm32f427xx.o(.text)
    DMA1_Stream1_IRQHandler                  0x080001df   Thumb Code     0  startup_stm32f427xx.o(.text)
    DMA1_Stream2_IRQHandler                  0x080001df   Thumb Code     0  startup_stm32f427xx.o(.text)
    DMA1_Stream3_IRQHandler                  0x080001df   Thumb Code     0  startup_stm32f427xx.o(.text)
    DMA1_Stream4_IRQHandler                  0x080001df   Thumb Code     0  startup_stm32f427xx.o(.text)
    DMA1_Stream5_IRQHandler                  0x080001df   Thumb Code     0  startup_stm32f427xx.o(.text)
    DMA1_Stream6_IRQHandler                  0x080001df   Thumb Code     0  startup_stm32f427xx.o(.text)
    DMA1_Stream7_IRQHandler                  0x080001df   Thumb Code     0  startup_stm32f427xx.o(.text)
    DMA2D_IRQHandler                         0x080001df   Thumb Code     0  startup_stm32f427xx.o(.text)
    DMA2_Stream0_IRQHandler                  0x080001df   Thumb Code     0  startup_stm32f427xx.o(.text)
    DMA2_Stream1_IRQHandler                  0x080001df   Thumb Code     0  startup_stm32f427xx.o(.text)
    DMA2_Stream3_IRQHandler                  0x080001df   Thumb Code     0  startup_stm32f427xx.o(.text)
    DMA2_Stream4_IRQHandler                  0x080001df   Thumb Code     0  startup_stm32f427xx.o(.text)
    DMA2_Stream5_IRQHandler                  0x080001df   Thumb Code     0  startup_stm32f427xx.o(.text)
    DMA2_Stream7_IRQHandler                  0x080001df   Thumb Code     0  startup_stm32f427xx.o(.text)
    ETH_IRQHandler                           0x080001df   Thumb Code     0  startup_stm32f427xx.o(.text)
    ETH_WKUP_IRQHandler                      0x080001df   Thumb Code     0  startup_stm32f427xx.o(.text)
    EXTI0_IRQHandler                         0x080001df   Thumb Code     0  startup_stm32f427xx.o(.text)
    EXTI15_10_IRQHandler                     0x080001df   Thumb Code     0  startup_stm32f427xx.o(.text)
    EXTI1_IRQHandler                         0x080001df   Thumb Code     0  startup_stm32f427xx.o(.text)
    EXTI2_IRQHandler                         0x080001df   Thumb Code     0  startup_stm32f427xx.o(.text)
    EXTI3_IRQHandler                         0x080001df   Thumb Code     0  startup_stm32f427xx.o(.text)
    EXTI4_IRQHandler                         0x080001df   Thumb Code     0  startup_stm32f427xx.o(.text)
    EXTI9_5_IRQHandler                       0x080001df   Thumb Code     0  startup_stm32f427xx.o(.text)
    FLASH_IRQHandler                         0x080001df   Thumb Code     0  startup_stm32f427xx.o(.text)
    FMC_IRQHandler                           0x080001df   Thumb Code     0  startup_stm32f427xx.o(.text)
    FPU_IRQHandler                           0x080001df   Thumb Code     0  startup_stm32f427xx.o(.text)
    HASH_RNG_IRQHandler                      0x080001df   Thumb Code     0  startup_stm32f427xx.o(.text)
    I2C1_ER_IRQHandler                       0x080001df   Thumb Code     0  startup_stm32f427xx.o(.text)
    I2C1_EV_IRQHandler                       0x080001df   Thumb Code     0  startup_stm32f427xx.o(.text)
    I2C2_ER_IRQHandler                       0x080001df   Thumb Code     0  startup_stm32f427xx.o(.text)
    I2C2_EV_IRQHandler                       0x080001df   Thumb Code     0  startup_stm32f427xx.o(.text)
    I2C3_ER_IRQHandler                       0x080001df   Thumb Code     0  startup_stm32f427xx.o(.text)
    I2C3_EV_IRQHandler                       0x080001df   Thumb Code     0  startup_stm32f427xx.o(.text)
    OTG_FS_IRQHandler                        0x080001df   Thumb Code     0  startup_stm32f427xx.o(.text)
    OTG_FS_WKUP_IRQHandler                   0x080001df   Thumb Code     0  startup_stm32f427xx.o(.text)
    OTG_HS_EP1_IN_IRQHandler                 0x080001df   Thumb Code     0  startup_stm32f427xx.o(.text)
    OTG_HS_EP1_OUT_IRQHandler                0x080001df   Thumb Code     0  startup_stm32f427xx.o(.text)
    OTG_HS_IRQHandler                        0x080001df   Thumb Code     0  startup_stm32f427xx.o(.text)
    OTG_HS_WKUP_IRQHandler                   0x080001df   Thumb Code     0  startup_stm32f427xx.o(.text)
    PVD_IRQHandler                           0x080001df   Thumb Code     0  startup_stm32f427xx.o(.text)
    RCC_IRQHandler                           0x080001df   Thumb Code     0  startup_stm32f427xx.o(.text)
    RTC_Alarm_IRQHandler                     0x080001df   Thumb Code     0  startup_stm32f427xx.o(.text)
    RTC_WKUP_IRQHandler                      0x080001df   Thumb Code     0  startup_stm32f427xx.o(.text)
    SAI1_IRQHandler                          0x080001df   Thumb Code     0  startup_stm32f427xx.o(.text)
    SDIO_IRQHandler                          0x080001df   Thumb Code     0  startup_stm32f427xx.o(.text)
    SPI1_IRQHandler                          0x080001df   Thumb Code     0  startup_stm32f427xx.o(.text)
    SPI2_IRQHandler                          0x080001df   Thumb Code     0  startup_stm32f427xx.o(.text)
    SPI3_IRQHandler                          0x080001df   Thumb Code     0  startup_stm32f427xx.o(.text)
    SPI4_IRQHandler                          0x080001df   Thumb Code     0  startup_stm32f427xx.o(.text)
    SPI5_IRQHandler                          0x080001df   Thumb Code     0  startup_stm32f427xx.o(.text)
    SPI6_IRQHandler                          0x080001df   Thumb Code     0  startup_stm32f427xx.o(.text)
    TAMP_STAMP_IRQHandler                    0x080001df   Thumb Code     0  startup_stm32f427xx.o(.text)
    TIM1_BRK_TIM9_IRQHandler                 0x080001df   Thumb Code     0  startup_stm32f427xx.o(.text)
    TIM1_CC_IRQHandler                       0x080001df   Thumb Code     0  startup_stm32f427xx.o(.text)
    TIM1_TRG_COM_TIM11_IRQHandler            0x080001df   Thumb Code     0  startup_stm32f427xx.o(.text)
    TIM1_UP_TIM10_IRQHandler                 0x080001df   Thumb Code     0  startup_stm32f427xx.o(.text)
    TIM2_IRQHandler                          0x080001df   Thumb Code     0  startup_stm32f427xx.o(.text)
    TIM5_IRQHandler                          0x080001df   Thumb Code     0  startup_stm32f427xx.o(.text)
    TIM7_IRQHandler                          0x080001df   Thumb Code     0  startup_stm32f427xx.o(.text)
    TIM8_BRK_TIM12_IRQHandler                0x080001df   Thumb Code     0  startup_stm32f427xx.o(.text)
    TIM8_CC_IRQHandler                       0x080001df   Thumb Code     0  startup_stm32f427xx.o(.text)
    TIM8_TRG_COM_TIM14_IRQHandler            0x080001df   Thumb Code     0  startup_stm32f427xx.o(.text)
    TIM8_UP_TIM13_IRQHandler                 0x080001df   Thumb Code     0  startup_stm32f427xx.o(.text)
    UART4_IRQHandler                         0x080001df   Thumb Code     0  startup_stm32f427xx.o(.text)
    UART5_IRQHandler                         0x080001df   Thumb Code     0  startup_stm32f427xx.o(.text)
    UART7_IRQHandler                         0x080001df   Thumb Code     0  startup_stm32f427xx.o(.text)
    UART8_IRQHandler                         0x080001df   Thumb Code     0  startup_stm32f427xx.o(.text)
    USART2_IRQHandler                        0x080001df   Thumb Code     0  startup_stm32f427xx.o(.text)
    USART3_IRQHandler                        0x080001df   Thumb Code     0  startup_stm32f427xx.o(.text)
    USART6_IRQHandler                        0x080001df   Thumb Code     0  startup_stm32f427xx.o(.text)
    WWDG_IRQHandler                          0x080001df   Thumb Code     0  startup_stm32f427xx.o(.text)
    __aeabi_uldivmod                         0x080001e9   Thumb Code    98  uldiv.o(.text)
    __aeabi_memset                           0x0800024b   Thumb Code    14  memseta.o(.text)
    __aeabi_memset4                          0x0800024b   Thumb Code     0  memseta.o(.text)
    __aeabi_memset8                          0x0800024b   Thumb Code     0  memseta.o(.text)
    __aeabi_memclr                           0x08000259   Thumb Code     4  memseta.o(.text)
    __aeabi_memclr4                          0x08000259   Thumb Code     0  memseta.o(.text)
    __aeabi_memclr8                          0x08000259   Thumb Code     0  memseta.o(.text)
    _memset$wrapper                          0x0800025d   Thumb Code    18  memseta.o(.text)
    __aeabi_llsl                             0x0800026f   Thumb Code    30  llshl.o(.text)
    _ll_shift_l                              0x0800026f   Thumb Code     0  llshl.o(.text)
    __aeabi_llsr                             0x0800028d   Thumb Code    32  llushr.o(.text)
    _ll_ushift_r                             0x0800028d   Thumb Code     0  llushr.o(.text)
    __scatterload                            0x080002ad   Thumb Code    28  init.o(.text)
    __scatterload_rt2                        0x080002ad   Thumb Code     0  init.o(.text)
    BusFault_Handler                         0x080002d1   Thumb Code     4  stm32f4xx_it.o(i.BusFault_Handler)
    CAN1_RX0_IRQHandler                      0x080002d5   Thumb Code    10  stm32f4xx_it.o(i.CAN1_RX0_IRQHandler)
    CAN1_TX_IRQHandler                       0x080002e5   Thumb Code    10  stm32f4xx_it.o(i.CAN1_TX_IRQHandler)
    Callback_RC_Handle                       0x08000519   Thumb Code   226  remote_control.o(i.Callback_RC_Handle)
    DMA2_Stream2_IRQHandler                  0x08000609   Thumb Code    10  stm32f4xx_it.o(i.DMA2_Stream2_IRQHandler)
    DMA2_Stream6_IRQHandler                  0x08000619   Thumb Code    10  stm32f4xx_it.o(i.DMA2_Stream6_IRQHandler)
    DebugMon_Handler                         0x08000707   Thumb Code     2  stm32f4xx_it.o(i.DebugMon_Handler)
    HAL_CAN_ConfigFilter                     0x08000709   Thumb Code   260  stm32f4xx_hal_can.o(i.HAL_CAN_ConfigFilter)
    HAL_CAN_ErrorCallback                    0x08000811   Thumb Code    84  can.o(i.HAL_CAN_ErrorCallback)
    HAL_CAN_IRQHandler                       0x08000869   Thumb Code   580  stm32f4xx_hal_can.o(i.HAL_CAN_IRQHandler)
    HAL_CAN_Init                             0x08000abd   Thumb Code   444  stm32f4xx_hal_can.o(i.HAL_CAN_Init)
    HAL_CAN_MspInit                          0x08000c79   Thumb Code   110  can.o(i.HAL_CAN_MspInit)
    HAL_CAN_Receive_IT                       0x08000cf5   Thumb Code   268  stm32f4xx_hal_can.o(i.HAL_CAN_Receive_IT)
    HAL_CAN_RxCpltCallback                   0x08000e01   Thumb Code   118  bsp_can.o(i.HAL_CAN_RxCpltCallback)
    HAL_CAN_Transmit                         0x08000e8d   Thumb Code   684  stm32f4xx_hal_can.o(i.HAL_CAN_Transmit)
    HAL_CAN_TxCpltCallback                   0x08001145   Thumb Code     2  stm32f4xx_hal_can.o(i.HAL_CAN_TxCpltCallback)
    HAL_DMA_IRQHandler                       0x08001149   Thumb Code   570  stm32f4xx_hal_dma.o(i.HAL_DMA_IRQHandler)
    HAL_DMA_Init                             0x08001389   Thumb Code   232  stm32f4xx_hal_dma.o(i.HAL_DMA_Init)
    HAL_GPIO_Init                            0x08001475   Thumb Code   486  stm32f4xx_hal_gpio.o(i.HAL_GPIO_Init)
    HAL_GPIO_TogglePin                       0x08001691   Thumb Code     8  stm32f4xx_hal_gpio.o(i.HAL_GPIO_TogglePin)
    HAL_GPIO_WritePin                        0x08001699   Thumb Code    12  stm32f4xx_hal_gpio.o(i.HAL_GPIO_WritePin)
    HAL_GetTick                              0x080016a5   Thumb Code     6  stm32f4xx_hal.o(i.HAL_GetTick)
    HAL_I2C_Init                             0x080016b1   Thumb Code   286  stm32f4xx_hal_i2c.o(i.HAL_I2C_Init)
    HAL_I2C_Mem_Read                         0x080017d9   Thumb Code   796  stm32f4xx_hal_i2c.o(i.HAL_I2C_Mem_Read)
    HAL_I2C_MspInit                          0x08001b01   Thumb Code     2  stm32f4xx_hal_i2c.o(i.HAL_I2C_MspInit)
    HAL_IncTick                              0x08001b05   Thumb Code    12  stm32f4xx_hal.o(i.HAL_IncTick)
    HAL_Init                                 0x08001b15   Thumb Code    54  stm32f4xx_hal.o(i.HAL_Init)
    HAL_InitTick                             0x08001b51   Thumb Code   122  stm32f4xx_hal_timebase_tim.o(i.HAL_InitTick)
    HAL_MspInit                              0x08001bdd   Thumb Code    86  stm32f4xx_hal_msp.o(i.HAL_MspInit)
    HAL_NVIC_EnableIRQ                       0x08001c33   Thumb Code    26  stm32f4xx_hal_cortex.o(i.HAL_NVIC_EnableIRQ)
    HAL_NVIC_SetPriority                     0x08001c4d   Thumb Code   124  stm32f4xx_hal_cortex.o(i.HAL_NVIC_SetPriority)
    HAL_NVIC_SetPriorityGrouping             0x08001cc9   Thumb Code    32  stm32f4xx_hal_cortex.o(i.HAL_NVIC_SetPriorityGrouping)
    HAL_RCC_ClockConfig                      0x08001cf1   Thumb Code   366  stm32f4xx_hal_rcc.o(i.HAL_RCC_ClockConfig)
    HAL_RCC_GetClockConfig                   0x08001e71   Thumb Code    58  stm32f4xx_hal_rcc.o(i.HAL_RCC_GetClockConfig)
    HAL_RCC_GetHCLKFreq                      0x08001eb5   Thumb Code     6  stm32f4xx_hal_rcc.o(i.HAL_RCC_GetHCLKFreq)
    HAL_RCC_GetPCLK1Freq                     0x08001ec1   Thumb Code    22  stm32f4xx_hal_rcc.o(i.HAL_RCC_GetPCLK1Freq)
    HAL_RCC_GetPCLK2Freq                     0x08001ee1   Thumb Code    22  stm32f4xx_hal_rcc.o(i.HAL_RCC_GetPCLK2Freq)
    HAL_RCC_GetSysClockFreq                  0x08001f01   Thumb Code   162  stm32f4xx_hal_rcc.o(i.HAL_RCC_GetSysClockFreq)
    HAL_RCC_OscConfig                        0x08001fb1   Thumb Code  1040  stm32f4xx_hal_rcc.o(i.HAL_RCC_OscConfig)
    HAL_SYSTICK_CLKSourceConfig              0x080023c1   Thumb Code    40  stm32f4xx_hal_cortex.o(i.HAL_SYSTICK_CLKSourceConfig)
    HAL_SYSTICK_Callback                     0x080023e9   Thumb Code     2  stm32f4xx_hal_cortex.o(i.HAL_SYSTICK_Callback)
    HAL_SYSTICK_Config                       0x080023eb   Thumb Code    52  stm32f4xx_hal_cortex.o(i.HAL_SYSTICK_Config)
    HAL_SYSTICK_IRQHandler                   0x0800241f   Thumb Code     8  stm32f4xx_hal_cortex.o(i.HAL_SYSTICK_IRQHandler)
    HAL_TIMEx_BreakCallback                  0x08002427   Thumb Code     2  stm32f4xx_hal_tim_ex.o(i.HAL_TIMEx_BreakCallback)
    HAL_TIMEx_CommutationCallback            0x08002429   Thumb Code     2  stm32f4xx_hal_tim_ex.o(i.HAL_TIMEx_CommutationCallback)
    HAL_TIMEx_MasterConfigSynchronization    0x0800242b   Thumb Code    98  stm32f4xx_hal_tim_ex.o(i.HAL_TIMEx_MasterConfigSynchronization)
    HAL_TIM_Base_Init                        0x0800248d   Thumb Code    52  stm32f4xx_hal_tim.o(i.HAL_TIM_Base_Init)
    HAL_TIM_Base_MspInit                     0x080024c1   Thumb Code   118  tim.o(i.HAL_TIM_Base_MspInit)
    HAL_TIM_Base_Start_IT                    0x08002545   Thumb Code    30  stm32f4xx_hal_tim.o(i.HAL_TIM_Base_Start_IT)
    HAL_TIM_Base_Stop_IT                     0x08002563   Thumb Code    56  stm32f4xx_hal_tim.o(i.HAL_TIM_Base_Stop_IT)
    HAL_TIM_ConfigClockSource                0x0800259b   Thumb Code   306  stm32f4xx_hal_tim.o(i.HAL_TIM_ConfigClockSource)
    HAL_TIM_IC_CaptureCallback               0x080026cd   Thumb Code   124  remote_control.o(i.HAL_TIM_IC_CaptureCallback)
    HAL_TIM_IC_ConfigChannel                 0x08002761   Thumb Code   224  stm32f4xx_hal_tim.o(i.HAL_TIM_IC_ConfigChannel)
    HAL_TIM_IC_Init                          0x08002841   Thumb Code    52  stm32f4xx_hal_tim.o(i.HAL_TIM_IC_Init)
    HAL_TIM_IC_MspInit                       0x08002875   Thumb Code   188  tim.o(i.HAL_TIM_IC_MspInit)
    HAL_TIM_IRQHandler                       0x08002959   Thumb Code   406  stm32f4xx_hal_tim.o(i.HAL_TIM_IRQHandler)
    HAL_TIM_OC_ConfigChannel                 0x08002aef   Thumb Code   116  stm32f4xx_hal_tim.o(i.HAL_TIM_OC_ConfigChannel)
    HAL_TIM_OC_DelayElapsedCallback          0x08002b63   Thumb Code    12  main.o(i.HAL_TIM_OC_DelayElapsedCallback)
    HAL_TIM_OC_Start_IT                      0x08002b71   Thumb Code   144  stm32f4xx_hal_tim.o(i.HAL_TIM_OC_Start_IT)
    HAL_TIM_PWM_PulseFinishedCallback        0x08002c09   Thumb Code     2  stm32f4xx_hal_tim.o(i.HAL_TIM_PWM_PulseFinishedCallback)
    HAL_TIM_PeriodElapsedCallback            0x08002c0d   Thumb Code   110  main.o(i.HAL_TIM_PeriodElapsedCallback)
    HAL_TIM_TriggerCallback                  0x08002c99   Thumb Code     2  stm32f4xx_hal_tim.o(i.HAL_TIM_TriggerCallback)
    HAL_UART_IDLE_IRQHandler                 0x08002c9d   Thumb Code   346  usart.o(i.HAL_UART_IDLE_IRQHandler)
    HAL_UART_Init                            0x08002e05   Thumb Code   114  stm32f4xx_hal_uart.o(i.HAL_UART_Init)
    HAL_UART_MspInit                         0x08002e79   Thumb Code   156  usart.o(i.HAL_UART_MspInit)
    HardFault_Handler                        0x08002f39   Thumb Code     4  stm32f4xx_it.o(i.HardFault_Handler)
    IR8_Init                                 0x080032b5   Thumb Code   150  bsp_ir8.o(i.IR8_Init)
    IR8_Read                                 0x08003361   Thumb Code    38  bsp_ir8.o(i.IR8_Read)
    MX_CAN1_Init                             0x0800338d   Thumb Code    66  can.o(i.MX_CAN1_Init)
    MX_DMA_Init                              0x080033e9   Thumb Code    68  dma.o(i.MX_DMA_Init)
    MX_EMAG_GPIO_Init                        0x08003431   Thumb Code    72  gpio.o(i.MX_EMAG_GPIO_Init)
    MX_GPIO_Init                             0x08003481   Thumb Code   278  gpio.o(i.MX_GPIO_Init)
    MX_MOTO_GPIO_Init                        0x080035a9   Thumb Code   114  gpio.o(i.MX_MOTO_GPIO_Init)
    MX_SERVO_GPIO_Init                       0x08003625   Thumb Code    76  tim.o(i.MX_SERVO_GPIO_Init)
    MX_TIM1_Init                             0x08003679   Thumb Code   184  tim.o(i.MX_TIM1_Init)
    MX_TIM3_Init                             0x08003749   Thumb Code    86  tim.o(i.MX_TIM3_Init)
    MX_TIM4_Init                             0x080037b9   Thumb Code   116  tim.o(i.MX_TIM4_Init)
    MX_USART1_UART_Init                      0x08003845   Thumb Code    52  usart.o(i.MX_USART1_UART_Init)
    MemManage_Handler                        0x08003895   Thumb Code     4  stm32f4xx_it.o(i.MemManage_Handler)
    NMI_Handler                              0x08003899   Thumb Code     2  stm32f4xx_it.o(i.NMI_Handler)
    PendSV_Handler                           0x080038d5   Thumb Code     2  stm32f4xx_it.o(i.PendSV_Handler)
    SVC_Handler                              0x080038d7   Thumb Code     2  stm32f4xx_it.o(i.SVC_Handler)
    SysTick_Handler                          0x080038d9   Thumb Code     8  stm32f4xx_it.o(i.SysTick_Handler)
    SystemClock_Config                       0x080038e1   Thumb Code   212  main.o(i.SystemClock_Config)
    SystemInit                               0x080039d1   Thumb Code    82  system_stm32f4xx.o(i.SystemInit)
    TIM3_IRQHandler                          0x08003a35   Thumb Code    10  stm32f4xx_it.o(i.TIM3_IRQHandler)
    TIM4_IRQHandler                          0x08003a45   Thumb Code    10  stm32f4xx_it.o(i.TIM4_IRQHandler)
    TIM6_DAC_IRQHandler                      0x08003a55   Thumb Code    10  stm32f4xx_it.o(i.TIM6_DAC_IRQHandler)
    TIM_Base_SetConfig                       0x08003a65   Thumb Code   184  stm32f4xx_hal_tim.o(i.TIM_Base_SetConfig)
    TIM_CCxChannelCmd                        0x08003b49   Thumb Code    28  stm32f4xx_hal_tim.o(i.TIM_CCxChannelCmd)
    TIM_OC2_SetConfig                        0x08003c01   Thumb Code   112  stm32f4xx_hal_tim.o(i.TIM_OC2_SetConfig)
    TIM_TI1_SetConfig                        0x08003d7d   Thumb Code   122  stm32f4xx_hal_tim.o(i.TIM_TI1_SetConfig)
    USART1_IRQHandler                        0x08004265   Thumb Code    10  stm32f4xx_it.o(i.USART1_IRQHandler)
    UsageFault_Handler                       0x08004275   Thumb Code     4  stm32f4xx_it.o(i.UsageFault_Handler)
    _Error_Handler                           0x08004279   Thumb Code     4  main.o(i._Error_Handler)
    __scatterload_copy                       0x0800427d   Thumb Code    14  handlers.o(i.__scatterload_copy)
    __scatterload_null                       0x0800428b   Thumb Code     2  handlers.o(i.__scatterload_null)
    __scatterload_zeroinit                   0x0800428d   Thumb Code    14  handlers.o(i.__scatterload_zeroinit)
    get_moto_measure                         0x080042f5   Thumb Code   116  bsp_can.o(i.get_moto_measure)
    lf_is_active                             0x08004369   Thumb Code     6  line_follow.o(i.lf_is_active)
    lf_start                                 0x08004375   Thumb Code    84  line_follow.o(i.lf_start)
    lf_stop                                  0x080043ed   Thumb Code    12  line_follow.o(i.lf_stop)
    lf_update                                0x08004401   Thumb Code   246  line_follow.o(i.lf_update)
    main                                     0x0800451d   Thumb Code  1944  main.o(i.main)
    my_can_filter_init_recv_all              0x08004d19   Thumb Code    62  bsp_can.o(i.my_can_filter_init_recv_all)
    pid_init                                 0x08004f35   Thumb Code    14  pid.o(i.pid_init)
    ps2_init                                 0x08004fbd   Thumb Code   268  ps2.o(i.ps2_init)
    ps2_read                                 0x08005111   Thumb Code   190  ps2.o(i.ps2_read)
    servo_drv_init                           0x08005249   Thumb Code    12  tim.o(i.servo_drv_init)
    servo_get_pulse                          0x08005259   Thumb Code    20  tim.o(i.servo_get_pulse)
    servo_set_pulse                          0x08005271   Thumb Code    28  tim.o(i.servo_set_pulse)
    servo_tim4_oc_match                      0x08005291   Thumb Code    24  tim.o(i.servo_tim4_oc_match)
    servo_tim4_period_elapsed                0x080052ad   Thumb Code    28  tim.o(i.servo_tim4_period_elapsed)
    set_moto_current                         0x080052d5   Thumb Code   182  bsp_can.o(i.set_moto_current)
    AHBPrescTable                            0x08005398   Data          16  system_stm32f4xx.o(.constdata)
    APBPrescTable                            0x080053a8   Data           8  system_stm32f4xx.o(.constdata)
    Region$$Table$$Base                      0x080053b0   Number         0  anon$$obj.o(Region$$Table)
    Region$$Table$$Limit                     0x080053d0   Number         0  anon$$obj.o(Region$$Table)
    uwTick                                   0x20000000   Data           4  stm32f4xx_hal.o(.data)
    SystemCoreClock                          0x20000004   Data           4  system_stm32f4xx.o(.data)
    FlashTimer                               0x20000008   Data           4  bsp_can.o(.data)
    dbg_servo180_target                      0x20000024   Data           2  main.o(.data)
    dbg_servo1_pulse                         0x20000026   Data           2  main.o(.data)
    TIM_COUNT                                0x2000003a   Data           4  main.o(.data)
    can_err_cnt                              0x20000088   Data           4  can.o(.data)
    can_tx_fail_cnt                          0x2000008c   Data           4  can.o(.data)
    Latest_Remote_Control_Pack_Time          0x20000090   Data           4  remote_control.o(.data)
    LED_Flash_Timer_remote_control           0x20000094   Data           4  remote_control.o(.data)
    HighTime                                 0x20000098   Data           2  remote_control.o(.data)
    moto_chassis                             0x200000a0   Data          96  bsp_can.o(.bss)
    motor_pid                                0x200001f8   Data         200  main.o(.bss)
    UART_Buffer                              0x200002c0   Data         100  usart.o(.bss)
    huart1                                   0x20000324   Data          64  usart.o(.bss)
    hdma_usart1_rx                           0x20000364   Data          96  usart.o(.bss)
    htim6                                    0x200003c4   Data          60  stm32f4xx_hal_timebase_tim.o(.bss)
    hcan1                                    0x20000400   Data          68  can.o(.bss)
    remote_control                           0x20000444   Data          20  remote_control.o(.bss)
    htim1                                    0x20000458   Data          60  tim.o(.bss)
    hdma_tim1_ch1_ch2_ch3                    0x20000494   Data          96  tim.o(.bss)
    htim2                                    0x200004f4   Data          60  tim.o(.bss)
    htim3                                    0x20000530   Data          60  tim.o(.bss)
    htim4                                    0x2000056c   Data          60  tim.o(.bss)
    __initial_sp                             0x200009a8   Data           0  startup_stm32f427xx.o(STACK)



==============================================================================

Memory Map of the image

  Image Entry point : 0x080001ad

  Load Region LR_IROM1 (Base: 0x08000000, Size: 0x00005470, Max: 0x00200000, ABSOLUTE)

    Execution Region ER_IROM1 (Exec base: 0x08000000, Load base: 0x08000000, Size: 0x000053d0, Max: 0x00200000, ABSOLUTE)

    Exec Addr    Load Addr    Size         Type   Attr      Idx    E Section Name        Object

    0x08000000   0x08000000   0x000001ac   Data   RO         3059    RESET               startup_stm32f427xx.o
    0x080001ac   0x080001ac   0x00000000   Code   RO         3945  * .ARM.Collect$$$$00000000  mc_w.l(entry.o)
    0x080001ac   0x080001ac   0x00000004   Code   RO         3952    .ARM.Collect$$$$00000001  mc_w.l(entry2.o)
    0x080001b0   0x080001b0   0x00000004   Code   RO         3955    .ARM.Collect$$$$00000004  mc_w.l(entry5.o)
    0x080001b4   0x080001b4   0x00000000   Code   RO         3957    .ARM.Collect$$$$00000008  mc_w.l(entry7b.o)
    0x080001b4   0x080001b4   0x00000000   Code   RO         3959    .ARM.Collect$$$$0000000A  mc_w.l(entry8b.o)
    0x080001b4   0x080001b4   0x00000008   Code   RO         3960    .ARM.Collect$$$$0000000B  mc_w.l(entry9a.o)
    0x080001bc   0x080001bc   0x00000004   Code   RO         3967    .ARM.Collect$$$$0000000E  mc_w.l(entry12b.o)
    0x080001c0   0x080001c0   0x00000000   Code   RO         3962    .ARM.Collect$$$$0000000F  mc_w.l(entry10a.o)
    0x080001c0   0x080001c0   0x00000000   Code   RO         3964    .ARM.Collect$$$$00000011  mc_w.l(entry11a.o)
    0x080001c0   0x080001c0   0x00000004   Code   RO         3953    .ARM.Collect$$$$00002712  mc_w.l(entry2.o)
    0x080001c4   0x080001c4   0x00000024   Code   RO         3060    .text               startup_stm32f427xx.o
    0x080001e8   0x080001e8   0x00000062   Code   RO         3948    .text               mc_w.l(uldiv.o)
    0x0800024a   0x0800024a   0x00000024   Code   RO         3950    .text               mc_w.l(memseta.o)
    0x0800026e   0x0800026e   0x0000001e   Code   RO         3968    .text               mc_w.l(llshl.o)
    0x0800028c   0x0800028c   0x00000020   Code   RO         3970    .text               mc_w.l(llushr.o)
    0x080002ac   0x080002ac   0x00000024   Code   RO         3972    .text               mc_w.l(init.o)
    0x080002d0   0x080002d0   0x00000004   Code   RO         3593    i.BusFault_Handler  stm32f4xx_it.o
    0x080002d4   0x080002d4   0x00000010   Code   RO         3594    i.CAN1_RX0_IRQHandler  stm32f4xx_it.o
    0x080002e4   0x080002e4   0x00000010   Code   RO         3595    i.CAN1_TX_IRQHandler  stm32f4xx_it.o
    0x080002f4   0x080002f4   0x000001c2   Code   RO            4    i.CAN_Receive_IT    stm32f4xx_hal_can.o
    0x080004b6   0x080004b6   0x00000062   Code   RO            5    i.CAN_Transmit_IT   stm32f4xx_hal_can.o
    0x08000518   0x08000518   0x000000f0   Code   RO         3790    i.Callback_RC_Handle  remote_control.o
    0x08000608   0x08000608   0x00000010   Code   RO         3596    i.DMA2_Stream2_IRQHandler  stm32f4xx_it.o
    0x08000618   0x08000618   0x00000010   Code   RO         3597    i.DMA2_Stream6_IRQHandler  stm32f4xx_it.o
    0x08000628   0x08000628   0x00000034   Code   RO         2382    i.DMA_CalcBaseAndBitshift  stm32f4xx_hal_dma.o
    0x0800065c   0x0800065c   0x000000aa   Code   RO         2383    i.DMA_CheckFifoParam  stm32f4xx_hal_dma.o
    0x08000706   0x08000706   0x00000002   Code   RO         3598    i.DebugMon_Handler  stm32f4xx_it.o
    0x08000708   0x08000708   0x00000108   Code   RO            6    i.HAL_CAN_ConfigFilter  stm32f4xx_hal_can.o
    0x08000810   0x08000810   0x00000058   Code   RO         3717    i.HAL_CAN_ErrorCallback  can.o
    0x08000868   0x08000868   0x00000254   Code   RO           11    i.HAL_CAN_IRQHandler  stm32f4xx_hal_can.o
    0x08000abc   0x08000abc   0x000001bc   Code   RO           12    i.HAL_CAN_Init      stm32f4xx_hal_can.o
    0x08000c78   0x08000c78   0x0000007c   Code   RO         3719    i.HAL_CAN_MspInit   can.o
    0x08000cf4   0x08000cf4   0x0000010c   Code   RO           16    i.HAL_CAN_Receive_IT  stm32f4xx_hal_can.o
    0x08000e00   0x08000e00   0x0000008c   Code   RO         3067    i.HAL_CAN_RxCpltCallback  bsp_can.o
    0x08000e8c   0x08000e8c   0x000002b8   Code   RO           19    i.HAL_CAN_Transmit  stm32f4xx_hal_can.o
    0x08001144   0x08001144   0x00000002   Code   RO           21    i.HAL_CAN_TxCpltCallback  stm32f4xx_hal_can.o
    0x08001146   0x08001146   0x00000002   PAD
    0x08001148   0x08001148   0x00000240   Code   RO         2390    i.HAL_DMA_IRQHandler  stm32f4xx_hal_dma.o
    0x08001388   0x08001388   0x000000ec   Code   RO         2391    i.HAL_DMA_Init      stm32f4xx_hal_dma.o
    0x08001474   0x08001474   0x0000021c   Code   RO          242    i.HAL_GPIO_Init     stm32f4xx_hal_gpio.o
    0x08001690   0x08001690   0x00000008   Code   RO          245    i.HAL_GPIO_TogglePin  stm32f4xx_hal_gpio.o
    0x08001698   0x08001698   0x0000000c   Code   RO          246    i.HAL_GPIO_WritePin  stm32f4xx_hal_gpio.o
    0x080016a4   0x080016a4   0x0000000c   Code   RO         1197    i.HAL_GetTick       stm32f4xx_hal.o
    0x080016b0   0x080016b0   0x00000128   Code   RO         2601    i.HAL_I2C_Init      stm32f4xx_hal_i2c.o
    0x080017d8   0x080017d8   0x00000328   Code   RO         2617    i.HAL_I2C_Mem_Read  stm32f4xx_hal_i2c.o
    0x08001b00   0x08001b00   0x00000002   Code   RO         2624    i.HAL_I2C_MspInit   stm32f4xx_hal_i2c.o
    0x08001b02   0x08001b02   0x00000002   PAD
    0x08001b04   0x08001b04   0x00000010   Code   RO         1199    i.HAL_IncTick       stm32f4xx_hal.o
    0x08001b14   0x08001b14   0x0000003c   Code   RO         1200    i.HAL_Init          stm32f4xx_hal.o
    0x08001b50   0x08001b50   0x0000008c   Code   RO         3517    i.HAL_InitTick      stm32f4xx_hal_timebase_tim.o
    0x08001bdc   0x08001bdc   0x00000056   Code   RO         3429    i.HAL_MspInit       stm32f4xx_hal_msp.o
    0x08001c32   0x08001c32   0x0000001a   Code   RO          578    i.HAL_NVIC_EnableIRQ  stm32f4xx_hal_cortex.o
    0x08001c4c   0x08001c4c   0x0000007c   Code   RO          584    i.HAL_NVIC_SetPriority  stm32f4xx_hal_cortex.o
    0x08001cc8   0x08001cc8   0x00000028   Code   RO          585    i.HAL_NVIC_SetPriorityGrouping  stm32f4xx_hal_cortex.o
    0x08001cf0   0x08001cf0   0x00000180   Code   RO         2489    i.HAL_RCC_ClockConfig  stm32f4xx_hal_rcc.o
    0x08001e70   0x08001e70   0x00000044   Code   RO         2493    i.HAL_RCC_GetClockConfig  stm32f4xx_hal_rcc.o
    0x08001eb4   0x08001eb4   0x0000000c   Code   RO         2494    i.HAL_RCC_GetHCLKFreq  stm32f4xx_hal_rcc.o
    0x08001ec0   0x08001ec0   0x00000020   Code   RO         2496    i.HAL_RCC_GetPCLK1Freq  stm32f4xx_hal_rcc.o
    0x08001ee0   0x08001ee0   0x00000020   Code   RO         2497    i.HAL_RCC_GetPCLK2Freq  stm32f4xx_hal_rcc.o
    0x08001f00   0x08001f00   0x000000b0   Code   RO         2498    i.HAL_RCC_GetSysClockFreq  stm32f4xx_hal_rcc.o
    0x08001fb0   0x08001fb0   0x00000410   Code   RO         2501    i.HAL_RCC_OscConfig  stm32f4xx_hal_rcc.o
    0x080023c0   0x080023c0   0x00000028   Code   RO          587    i.HAL_SYSTICK_CLKSourceConfig  stm32f4xx_hal_cortex.o
    0x080023e8   0x080023e8   0x00000002   Code   RO          588    i.HAL_SYSTICK_Callback  stm32f4xx_hal_cortex.o
    0x080023ea   0x080023ea   0x00000034   Code   RO          589    i.HAL_SYSTICK_Config  stm32f4xx_hal_cortex.o
    0x0800241e   0x0800241e   0x00000008   Code   RO          590    i.HAL_SYSTICK_IRQHandler  stm32f4xx_hal_cortex.o
    0x08002426   0x08002426   0x00000002   Code   RO         1461    i.HAL_TIMEx_BreakCallback  stm32f4xx_hal_tim_ex.o
    0x08002428   0x08002428   0x00000002   Code   RO         1462    i.HAL_TIMEx_CommutationCallback  stm32f4xx_hal_tim_ex.o
    0x0800242a   0x0800242a   0x00000062   Code   RO         1478    i.HAL_TIMEx_MasterConfigSynchronization  stm32f4xx_hal_tim_ex.o
    0x0800248c   0x0800248c   0x00000034   Code   RO         1702    i.HAL_TIM_Base_Init  stm32f4xx_hal_tim.o
    0x080024c0   0x080024c0   0x00000084   Code   RO         3828    i.HAL_TIM_Base_MspInit  tim.o
    0x08002544   0x08002544   0x0000001e   Code   RO         1707    i.HAL_TIM_Base_Start_IT  stm32f4xx_hal_tim.o
    0x08002562   0x08002562   0x00000038   Code   RO         1710    i.HAL_TIM_Base_Stop_IT  stm32f4xx_hal_tim.o
    0x0800259a   0x0800259a   0x00000132   Code   RO         1711    i.HAL_TIM_ConfigClockSource  stm32f4xx_hal_tim.o
    0x080026cc   0x080026cc   0x00000094   Code   RO         3791    i.HAL_TIM_IC_CaptureCallback  remote_control.o
    0x08002760   0x08002760   0x000000e0   Code   RO         1732    i.HAL_TIM_IC_ConfigChannel  stm32f4xx_hal_tim.o
    0x08002840   0x08002840   0x00000034   Code   RO         1735    i.HAL_TIM_IC_Init   stm32f4xx_hal_tim.o
    0x08002874   0x08002874   0x000000e4   Code   RO         3830    i.HAL_TIM_IC_MspInit  tim.o
    0x08002958   0x08002958   0x00000196   Code   RO         1744    i.HAL_TIM_IRQHandler  stm32f4xx_hal_tim.o
    0x08002aee   0x08002aee   0x00000074   Code   RO         1745    i.HAL_TIM_OC_ConfigChannel  stm32f4xx_hal_tim.o
    0x08002b62   0x08002b62   0x0000000c   Code   RO         3339    i.HAL_TIM_OC_DelayElapsedCallback  main.o
    0x08002b6e   0x08002b6e   0x00000002   PAD
    0x08002b70   0x08002b70   0x00000098   Code   RO         1754    i.HAL_TIM_OC_Start_IT  stm32f4xx_hal_tim.o
    0x08002c08   0x08002c08   0x00000002   Code   RO         1774    i.HAL_TIM_PWM_PulseFinishedCallback  stm32f4xx_hal_tim.o
    0x08002c0a   0x08002c0a   0x00000002   PAD
    0x08002c0c   0x08002c0c   0x0000008c   Code   RO         3340    i.HAL_TIM_PeriodElapsedCallback  main.o
    0x08002c98   0x08002c98   0x00000002   Code   RO         1785    i.HAL_TIM_TriggerCallback  stm32f4xx_hal_tim.o
    0x08002c9a   0x08002c9a   0x00000002   PAD
    0x08002c9c   0x08002c9c   0x00000168   Code   RO         3453    i.HAL_UART_IDLE_IRQHandler  usart.o
    0x08002e04   0x08002e04   0x00000072   Code   RO          876    i.HAL_UART_Init     stm32f4xx_hal_uart.o
    0x08002e76   0x08002e76   0x00000002   PAD
    0x08002e78   0x08002e78   0x000000c0   Code   RO         3455    i.HAL_UART_MspInit  usart.o
    0x08002f38   0x08002f38   0x00000004   Code   RO         3599    i.HardFault_Handler  stm32f4xx_it.o
    0x08002f3c   0x08002f3c   0x00000034   Code   RO         2639    i.I2C_IsAcknowledgeFailed  stm32f4xx_hal_i2c.o
    0x08002f70   0x08002f70   0x00000158   Code   RO         2649    i.I2C_RequestMemoryRead  stm32f4xx_hal_i2c.o
    0x080030c8   0x080030c8   0x0000007c   Code   RO         2659    i.I2C_WaitOnFlagUntilTimeout  stm32f4xx_hal_i2c.o
    0x08003144   0x08003144   0x000000ac   Code   RO         2660    i.I2C_WaitOnMasterAddressFlagUntilTimeout  stm32f4xx_hal_i2c.o
    0x080031f0   0x080031f0   0x0000006e   Code   RO         2661    i.I2C_WaitOnRXNEFlagUntilTimeout  stm32f4xx_hal_i2c.o
    0x0800325e   0x0800325e   0x00000056   Code   RO         2663    i.I2C_WaitOnTXEFlagUntilTimeout  stm32f4xx_hal_i2c.o
    0x080032b4   0x080032b4   0x000000ac   Code   RO         3256    i.IR8_Init          bsp_ir8.o
    0x08003360   0x08003360   0x0000002c   Code   RO         3257    i.IR8_Read          bsp_ir8.o
    0x0800338c   0x0800338c   0x0000005c   Code   RO         3720    i.MX_CAN1_Init      can.o
    0x080033e8   0x080033e8   0x00000048   Code   RO         3766    i.MX_DMA_Init       dma.o
    0x08003430   0x08003430   0x00000050   Code   RO         3557    i.MX_EMAG_GPIO_Init  gpio.o
    0x08003480   0x08003480   0x00000128   Code   RO         3558    i.MX_GPIO_Init      gpio.o
    0x080035a8   0x080035a8   0x0000007c   Code   RO         3559    i.MX_MOTO_GPIO_Init  gpio.o
    0x08003624   0x08003624   0x00000054   Code   RO         3832    i.MX_SERVO_GPIO_Init  tim.o
    0x08003678   0x08003678   0x000000d0   Code   RO         3833    i.MX_TIM1_Init      tim.o
    0x08003748   0x08003748   0x00000070   Code   RO         3835    i.MX_TIM3_Init      tim.o
    0x080037b8   0x080037b8   0x0000008c   Code   RO         3836    i.MX_TIM4_Init      tim.o
    0x08003844   0x08003844   0x00000050   Code   RO         3457    i.MX_USART1_UART_Init  usart.o
    0x08003894   0x08003894   0x00000004   Code   RO         3600    i.MemManage_Handler  stm32f4xx_it.o
    0x08003898   0x08003898   0x00000002   Code   RO         3601    i.NMI_Handler       stm32f4xx_it.o
    0x0800389a   0x0800389a   0x00000002   PAD
    0x0800389c   0x0800389c   0x00000010   Code   RO          591    i.NVIC_GetPriorityGrouping  stm32f4xx_hal_cortex.o
    0x080038ac   0x080038ac   0x00000028   Code   RO          592    i.NVIC_SetPriority  stm32f4xx_hal_cortex.o
    0x080038d4   0x080038d4   0x00000002   Code   RO         3602    i.PendSV_Handler    stm32f4xx_it.o
    0x080038d6   0x080038d6   0x00000002   Code   RO         3603    i.SVC_Handler       stm32f4xx_it.o
    0x080038d8   0x080038d8   0x00000008   Code   RO         3604    i.SysTick_Handler   stm32f4xx_it.o
    0x080038e0   0x080038e0   0x000000f0   Code   RO         3341    i.SystemClock_Config  main.o
    0x080039d0   0x080039d0   0x00000064   Code   RO         3024    i.SystemInit        system_stm32f4xx.o
    0x08003a34   0x08003a34   0x00000010   Code   RO         3605    i.TIM3_IRQHandler   stm32f4xx_it.o
    0x08003a44   0x08003a44   0x00000010   Code   RO         3606    i.TIM4_IRQHandler   stm32f4xx_it.o
    0x08003a54   0x08003a54   0x00000010   Code   RO         3607    i.TIM6_DAC_IRQHandler  stm32f4xx_it.o
    0x08003a64   0x08003a64   0x000000e4   Code   RO         1786    i.TIM_Base_SetConfig  stm32f4xx_hal_tim.o
    0x08003b48   0x08003b48   0x0000001c   Code   RO         1787    i.TIM_CCxChannelCmd  stm32f4xx_hal_tim.o
    0x08003b64   0x08003b64   0x00000018   Code   RO         1793    i.TIM_ETR_SetConfig  stm32f4xx_hal_tim.o
    0x08003b7c   0x08003b7c   0x00000014   Code   RO         1794    i.TIM_ITRx_SetConfig  stm32f4xx_hal_tim.o
    0x08003b90   0x08003b90   0x00000070   Code   RO         1795    i.TIM_OC1_SetConfig  stm32f4xx_hal_tim.o
    0x08003c00   0x08003c00   0x00000078   Code   RO         1796    i.TIM_OC2_SetConfig  stm32f4xx_hal_tim.o
    0x08003c78   0x08003c78   0x00000078   Code   RO         1797    i.TIM_OC3_SetConfig  stm32f4xx_hal_tim.o
    0x08003cf0   0x08003cf0   0x00000060   Code   RO         1798    i.TIM_OC4_SetConfig  stm32f4xx_hal_tim.o
    0x08003d50   0x08003d50   0x0000002a   Code   RO         1800    i.TIM_TI1_ConfigInputStage  stm32f4xx_hal_tim.o
    0x08003d7a   0x08003d7a   0x00000002   PAD
    0x08003d7c   0x08003d7c   0x00000098   Code   RO         1801    i.TIM_TI1_SetConfig  stm32f4xx_hal_tim.o
    0x08003e14   0x08003e14   0x0000002c   Code   RO         1802    i.TIM_TI2_ConfigInputStage  stm32f4xx_hal_tim.o
    0x08003e40   0x08003e40   0x0000003e   Code   RO         1803    i.TIM_TI2_SetConfig  stm32f4xx_hal_tim.o
    0x08003e7e   0x08003e7e   0x0000003c   Code   RO         1804    i.TIM_TI3_SetConfig  stm32f4xx_hal_tim.o
    0x08003eba   0x08003eba   0x00000040   Code   RO         1805    i.TIM_TI4_SetConfig  stm32f4xx_hal_tim.o
    0x08003efa   0x08003efa   0x00000002   PAD
    0x08003efc   0x08003efc   0x00000368   Code   RO          903    i.UART_SetConfig    stm32f4xx_hal_uart.o
    0x08004264   0x08004264   0x00000010   Code   RO         3608    i.USART1_IRQHandler  stm32f4xx_it.o
    0x08004274   0x08004274   0x00000004   Code   RO         3609    i.UsageFault_Handler  stm32f4xx_it.o
    0x08004278   0x08004278   0x00000004   Code   RO         3342    i._Error_Handler    main.o
    0x0800427c   0x0800427c   0x0000000e   Code   RO         3976    i.__scatterload_copy  mc_w.l(handlers.o)
    0x0800428a   0x0800428a   0x00000002   Code   RO         3977    i.__scatterload_null  mc_w.l(handlers.o)
    0x0800428c   0x0800428c   0x0000000e   Code   RO         3978    i.__scatterload_zeroinit  mc_w.l(handlers.o)
    0x0800429a   0x0800429a   0x00000008   Code   RO         3205    i.__set_BASEPRI     ps2.o
    0x080042a2   0x080042a2   0x00000002   PAD
    0x080042a4   0x080042a4   0x00000034   Code   RO         3837    i.clamp_pulse       tim.o
    0x080042d8   0x080042d8   0x0000001c   Code   RO         3206    i.delay_us          ps2.o
    0x080042f4   0x080042f4   0x00000074   Code   RO         3069    i.get_moto_measure  bsp_can.o
    0x08004368   0x08004368   0x0000000c   Code   RO         3291    i.lf_is_active      line_follow.o
    0x08004374   0x08004374   0x00000078   Code   RO         3292    i.lf_start          line_follow.o
    0x080043ec   0x080043ec   0x00000014   Code   RO         3293    i.lf_stop           line_follow.o
    0x08004400   0x08004400   0x0000011c   Code   RO         3294    i.lf_update         line_follow.o
    0x0800451c   0x0800451c   0x000007fc   Code   RO         3343    i.main              main.o
    0x08004d18   0x08004d18   0x0000004c   Code   RO         3072    i.my_can_filter_init_recv_all  bsp_can.o
    0x08004d64   0x08004d64   0x000001d0   Code   RO         3158    i.pid_calculate     pid.o
    0x08004f34   0x08004f34   0x0000001c   Code   RO         3159    i.pid_init          pid.o
    0x08004f50   0x08004f50   0x0000005c   Code   RO         3160    i.pid_param_init    pid.o
    0x08004fac   0x08004fac   0x0000000e   Code   RO         3161    i.pid_reset         pid.o
    0x08004fba   0x08004fba   0x00000002   PAD
    0x08004fbc   0x08004fbc   0x00000120   Code   RO         3207    i.ps2_init          ps2.o
    0x080050dc   0x080050dc   0x00000034   Code   RO         3344    i.ps2_key_pressed   main.o
    0x08005110   0x08005110   0x000000d0   Code   RO         3208    i.ps2_read          ps2.o
    0x080051e0   0x080051e0   0x00000068   Code   RO         3209    i.ps2_xfer_byte     ps2.o
    0x08005248   0x08005248   0x00000010   Code   RO         3838    i.servo_drv_init    tim.o
    0x08005258   0x08005258   0x00000018   Code   RO         3839    i.servo_get_pulse   tim.o
    0x08005270   0x08005270   0x00000020   Code   RO         3840    i.servo_set_pulse   tim.o
    0x08005290   0x08005290   0x0000001c   Code   RO         3842    i.servo_tim4_oc_match  tim.o
    0x080052ac   0x080052ac   0x00000028   Code   RO         3843    i.servo_tim4_period_elapsed  tim.o
    0x080052d4   0x080052d4   0x000000bc   Code   RO         3073    i.set_moto_current  bsp_can.o
    0x08005390   0x08005390   0x00000008   Data   RO         2397    .constdata          stm32f4xx_hal_dma.o
    0x08005398   0x08005398   0x00000018   Data   RO         3025    .constdata          system_stm32f4xx.o
    0x080053b0   0x080053b0   0x00000020   Data   RO         3974    Region$$Table       anon$$obj.o


    Execution Region RW_IRAM1 (Exec base: 0x20000000, Load base: 0x080053d0, Size: 0x000009a8, Max: 0x00030000, ABSOLUTE)

    Exec Addr    Load Addr    Size         Type   Attr      Idx    E Section Name        Object

    0x20000000   0x080053d0   0x00000004   Data   RW         1206    .data               stm32f4xx_hal.o
    0x20000004   0x080053d4   0x00000004   Data   RW         3026    .data               system_stm32f4xx.o
    0x20000008   0x080053d8   0x00000005   Data   RW         3075    .data               bsp_can.o
    0x2000000d   0x080053dd   0x00000003   PAD
    0x20000010   0x080053e0   0x00000011   Data   RW         3296    .data               line_follow.o
    0x20000021   0x080053f1   0x00000003   PAD
    0x20000024   0x080053f4   0x00000061   Data   RW         3346    .data               main.o
    0x20000085   0x08005455   0x00000003   PAD
    0x20000088   0x08005458   0x00000008   Data   RW         3722    .data               can.o
    0x20000090   0x08005460   0x0000000a   Data   RW         3793    .data               remote_control.o
    0x2000009a   0x0800546a   0x00000004   Data   RW         3845    .data               tim.o
    0x2000009e   0x0800546e   0x00000002   PAD
    0x200000a0        -       0x000000a0   Zero   RW         3074    .bss                bsp_can.o
    0x20000140        -       0x00000054   Zero   RW         3258    .bss                bsp_ir8.o
    0x20000194        -       0x00000064   Zero   RW         3295    .bss                line_follow.o
    0x200001f8        -       0x000000c8   Zero   RW         3345    .bss                main.o
    0x200002c0        -       0x00000104   Zero   RW         3459    .bss                usart.o
    0x200003c4        -       0x0000003c   Zero   RW         3520    .bss                stm32f4xx_hal_timebase_tim.o
    0x20000400        -       0x00000044   Zero   RW         3721    .bss                can.o
    0x20000444        -       0x00000014   Zero   RW         3792    .bss                remote_control.o
    0x20000458        -       0x00000150   Zero   RW         3844    .bss                tim.o
    0x200005a8        -       0x00000400   Zero   RW         3057    STACK               startup_stm32f427xx.o


==============================================================================

Image component sizes


      Code (inc. data)   RO Data    RW Data    ZI Data      Debug   Object Name

       520         42          0          5        160       5373   bsp_can.o
       216         28          0          0         84       1874   bsp_ir8.o
       304         44          0          8         68       2621   can.o
        72          4          0          0          0        886   dma.o
       500         36          0          0          0       2439   gpio.o
       436         88          0         17        100       2988   line_follow.o
      2492        294          0         97        200      10666   main.o
       598         24          0          0          0       4412   pid.o
       636         50          0          0          0       9250   ps2.o
       388         38          0         10         20       2999   remote_control.o
        36          8        428          0       1024        864   startup_stm32f427xx.o
        88         16          0          4          0       3516   stm32f4xx_hal.o
      2818         32          0          0          0     748464   stm32f4xx_hal_can.o
       348         22          0          0          0      33325   stm32f4xx_hal_cortex.o
      1034         16          8          0          0       4236   stm32f4xx_hal_dma.o
       560         54          0          0          0       3213   stm32f4xx_hal_gpio.o
      1994         26          0          0          0       9704   stm32f4xx_hal_i2c.o
        86          0          0          0          0        578   stm32f4xx_hal_msp.o
      1744         84          0          0          0       6649   stm32f4xx_hal_rcc.o
      2570        118          0          0          0      20701   stm32f4xx_hal_tim.o
       102          0          0          0          0       2610   stm32f4xx_hal_tim_ex.o
       140         18          0          0         60       1700   stm32f4xx_hal_timebase_tim.o
       986          8          0          0          0       2040   stm32f4xx_hal_uart.o
       160         48          0          0          0       9195   stm32f4xx_it.o
       100         18         24          4          0       1359   system_stm32f4xx.o
      1096        168          0          4        336       8269   tim.o
       632         78          0          0        260       2928   usart.o

    ----------------------------------------------------------------------
     20678       1362        492        160       2312     902859   Object Totals
         0          0         32          0          0          0   (incl. Generated)
        22          0          0         11          0          0   (incl. Padding)

    ----------------------------------------------------------------------

      Code (inc. data)   RO Data    RW Data    ZI Data      Debug   Library Member Name

         0          0          0          0          0          0   entry.o
         0          0          0          0          0          0   entry10a.o
         0          0          0          0          0          0   entry11a.o
         4          0          0          0          0          0   entry12b.o
         8          4          0          0          0          0   entry2.o
         4          0          0          0          0          0   entry5.o
         0          0          0          0          0          0   entry7b.o
         0          0          0          0          0          0   entry8b.o
         8          4          0          0          0          0   entry9a.o
        30          0          0          0          0          0   handlers.o
        36          8          0          0          0         68   init.o
        30          0          0          0          0         68   llshl.o
        32          0          0          0          0         68   llushr.o
        36          0          0          0          0        108   memseta.o
        98          0          0          0          0         92   uldiv.o

    ----------------------------------------------------------------------
       286         16          0          0          0        404   Library Totals
         0          0          0          0          0          0   (incl. Padding)

    ----------------------------------------------------------------------

      Code (inc. data)   RO Data    RW Data    ZI Data      Debug   Library Name

       286         16          0          0          0        404   mc_w.l

    ----------------------------------------------------------------------
       286         16          0          0          0        404   Library Totals

    ----------------------------------------------------------------------

==============================================================================


      Code (inc. data)   RO Data    RW Data    ZI Data      Debug   

     20964       1378        492        160       2312     889963   Grand Totals
     20964       1378        492        160       2312     889963   ELF Image Totals
     20964       1378        492        160          0          0   ROM Totals

==============================================================================

    Total RO  Size (Code + RO Data)                21456 (  20.95kB)
    Total RW  Size (RW Data + ZI Data)              2472 (   2.41kB)
    Total ROM Size (Code + RO Data + RW Data)      21616 (  21.11kB)

==============================================================================

