<html>
<body>
<pre>
<h1>礦ision Build Log</h1>
<h2>Tool Versions:</h2>
IDE-Version: μVision V5.42.0.0
Copyright (C) 2025 ARM Ltd and ARM Germany GmbH. All rights reserved.
License Information: aaa aaa, aaa, LIC=KIVNB-20ETI-68SFC-779BY-QV6YZ-DQ1WI
 
Tool Versions:
Toolchain:       MDK-ARM Professional  Version: 5.42.0.0
Toolchain Path:  C:\Users\34993\AppData\Local\Keil_v5\ARM\ARMCC\Bin
C Compiler:      Armcc.exe V5.06 update 7 (build 960)
Assembler:       Armasm.exe V5.06 update 7 (build 960)
Linker/Locator:  ArmLink.exe V5.06 update 7 (build 960)
Library Manager: ArmAr.exe V5.06 update 7 (build 960)
Hex Converter:   FromElf.exe V5.06 update 7 (build 960)
CPU DLL:         SARMCM3.DLL V5.42.0.0
Dialog DLL:      DCM.DLL V1.17.5.0
Target DLL:      STLink\ST-LINKIII-KEIL_SWO.dll V3.3.0.0
Dialog DLL:      TCM.DLL V1.56.6.0
 
<h2>Project:</h2>
C:\Users\34993\Desktop\程序源码\IDC_Robocon_2026_-internal-selection-competition-of-ZJU-\程序源码\MDK-ARM\demo.uvprojx
Project File Date:  05/24/2026

<h2>Output:</h2>
*** Using Compiler 'V5.06 update 7 (build 960)', folder: 'C:\Users\34993\AppData\Local\Keil_v5\ARM\ARMCC\Bin'
Build target 'demo'
compiling stm32f4xx_hal_flash.c...
compiling stm32f4xx_hal_gpio.c...
compiling stm32f4xx_hal_pwr.c...
compiling stm32f4xx_hal_tim_ex.c...
compiling stm32f4xx_hal_flash_ramfunc.c...
compiling stm32f4xx_hal_uart.c...
compiling stm32f4xx_hal_dma_ex.c...
compiling stm32f4xx_hal_rcc_ex.c...
compiling stm32f4xx_hal_flash_ex.c...
compiling stm32f4xx_hal.c...
compiling stm32f4xx_hal_cortex.c...
compiling stm32f4xx_hal_dma.c...
compiling stm32f4xx_hal_pwr_ex.c...
compiling stm32f4xx_hal_can.c...
assembling startup_stm32f427xx.s...
compiling stm32f4xx_hal_tim.c...
compiling pid.c...
compiling bsp_ir8.c...
compiling line_follow.c...
compiling stm32f4xx_hal_msp.c...
compiling ps2.c...
compiling stm32f4xx_hal_rcc.c...
compiling stm32f4xx_it.c...
compiling system_stm32f4xx.c...
compiling bsp_can.c...
compiling gpio.c...
../Src/gpio.c(104): warning:  #177-D: variable "GPIO_InitStruct"  was declared but never referenced
    GPIO_InitTypeDef GPIO_InitStruct;
../Src/gpio.c: 1 warning, 0 errors
compiling main.c...
../Src/main.c(158): warning:  #177-D: variable "emag_test_tick"  was declared but never referenced
    static uint32_t emag_test_tick = 0;
../Src/main.c(159): warning:  #177-D: variable "emag_test_state"  was declared but never referenced
    static uint8_t  emag_test_state = 0;
../Src/main.c: 2 warnings, 0 errors
compiling stm32f4xx_hal_i2c.c...
compiling stm32f4xx_hal_timebase_TIM.c...
compiling can.c...
compiling usart.c...
compiling dma.c...
compiling Remote_Control.c...
compiling tim.c...
linking...
Program Size: Code=20964 RO-data=492 RW-data=160 ZI-data=2312  
"demo\demo.axf" - 0 Error(s), 3 Warning(s).

<h2>Software Packages used:</h2>

Package Vendor: ARM
                https://www.keil.com/pack/ARM.CMSIS.6.1.0.pack
                ARM::CMSIS@6.1.0
                CMSIS (Common Microcontroller Software Interface Standard)
   * Component: CORE Version: 6.1.0

Package Vendor: Keil
                https://www.keil.com/pack/Keil.STM32F4xx_DFP.3.1.1.pack
                Keil::STM32F4xx_DFP@3.1.1
                STMicroelectronics STM32F4 Series Device Support

<h2>Collection of Component include folders:</h2>
  ./RTE/_demo
  C:/Users/34993/AppData/Local/Arm/Packs/ARM/CMSIS/6.1.0/CMSIS/Core/Include

<h2>Collection of Component Files used:</h2>

   * Component: ARM::CMSIS:CORE@6.1.0
Build Time Elapsed:  00:00:06
</pre>
</body>
</html>
